<html>
<body>
<pre>
<h1>µVision Build Log</h1>
<h2>Project:</h2>
H:\WORK\HY-Projet\MOTOR-L6205\Software\HY-MOTOR-Basic\Project\STM32F10x_StdPeriph_Template\MDK-ARM\HY-MOTOR.uvproj
Project File Date:  01/17/2014

<h2>Output:</h2>
Build target 'HY-MOTOR-Basic'
linking...
Program Size: Code=16404 RO-data=5668 RW-data=1200 ZI-data=1064  
FromELF: creating hex file...
".\HY-MOTOR\HY-MOTOR.axf" - 0 Error(s), 0 Warning(s).
Build target 'HY-MOTOR-Basic'
linking...
Program Size: Code=16404 RO-data=5668 RW-data=1200 ZI-data=1064  
FromELF: creating hex file...
".\HY-MOTOR\HY-MOTOR.axf" - 0 Error(s), 0 Warning(s).
Load "H:\\WORK\\HY-Projet\\MOTOR-L6205\\Software\\HY-MOTOR-Basic\\Project\\STM32F10x_StdPeriph_Template\\MDK-ARM\\HY-MOTOR\\HY-MOTOR.AXF" 
Erase Done.
Programming Done.
Verify OK.
Application running ...
Build target 'HY-MOTOR-Basic'
linking...
Program Size: Code=16404 RO-data=5668 RW-data=1200 ZI-data=1064  
FromELF: creating hex file...
".\HY-MOTOR\HY-MOTOR.axf" - 0 Error(s), 0 Warning(s).
Build target 'HY-MOTOR-Basic'
linking...
Program Size: Code=16404 RO-data=5668 RW-data=1200 ZI-data=1064  
FromELF: creating hex file...
".\HY-MOTOR\HY-MOTOR.axf" - 0 Error(s), 0 Warning(s).
Load "H:\\WORK\\HY-Projet\\MOTOR-L6205\\Software\\HY-MOTOR-Basic\\Project\\STM32F10x_StdPeriph_Template\\MDK-ARM\\HY-MOTOR\\HY-MOTOR.AXF" 
Erase Done.
Programming Done.
Verify OK.
Application running ...
Build target 'HY-MOTOR-Basic'
linking...
Program Size: Code=16404 RO-data=5668 RW-data=1200 ZI-data=1064  
FromELF: creating hex file...
".\HY-MOTOR\HY-MOTOR.axf" - 0 Error(s), 0 Warning(s).
Build target 'HY-MOTOR-Basic'
linking...
Program Size: Code=16404 RO-data=5668 RW-data=1200 ZI-data=1064  
FromELF: creating hex file...
".\HY-MOTOR\HY-MOTOR.axf" - 0 Error(s), 0 Warning(s).
Build target 'HY-MOTOR-Basic'
linking...
Program Size: Code=16404 RO-data=5668 RW-data=1200 ZI-data=1064  
FromELF: creating hex file...
".\HY-MOTOR\HY-MOTOR.axf" - 0 Error(s), 0 Warning(s).
Load "H:\\WORK\\HY-Projet\\MOTOR-L6205\\Software\\HY-MOTOR-Basic\\Project\\STM32F10x_StdPeriph_Template\\MDK-ARM\\HY-MOTOR\\HY-MOTOR.AXF" 
Erase Done.
Programming Done.
Verify OK.
Application running ...
Build target 'HY-MOTOR-Basic'
compiling stm32f10x_it.c...
compiling main.c...
..\Source\Main\main.c(156): warning:  #177-D: variable "iTest" was declared but never referenced
..\Source\Main\main.c(292): warning:  #223-D: function "KeyMenu" declared implicitly
..\Source\Main\main.c(335): warning:  #223-D: function "Menu_Init" declared implicitly
..\Source\Main\main.c(337): warning:  #223-D: function "DisplayMenu" declared implicitly
compiling MotorX.c...
..\Source\Motor\MotorX.c(30): warning:  #550-D: variable "LineFlag" was set but never used
compiling MotorY.c...
..\Source\Motor\MotorY.c(25): warning:  #550-D: variable "LineFlag" was set but never used
compiling Func.c...
..\Source\Menu\Func.c(87): warning:  #550-D: variable "RTCCounter" was set but never used
..\Source\Menu\Func.c(254): warning:  #223-D: function "TestMotorFucn" declared implicitly
compiling Menu.C...
..\Source\Menu\Menu.C(450): warning:  #940-D: missing return statement at end of non-void function "ReadKey"
linking...
Program Size: Code=16410 RO-data=5670 RW-data=1200 ZI-data=1064  
FromELF: creating hex file...
".\HY-MOTOR\HY-MOTOR.axf" - 0 Error(s), 9 Warning(s).
Build target 'HY-MOTOR-Basic'
compiling main.c...
..\Source\Main\main.c(156): warning:  #177-D: variable "iTest" was declared but never referenced
..\Source\Main\main.c(292): warning:  #223-D: function "KeyMenu" declared implicitly
..\Source\Main\main.c(335): warning:  #223-D: function "Menu_Init" declared implicitly
..\Source\Main\main.c(337): warning:  #223-D: function "DisplayMenu" declared implicitly
linking...
Program Size: Code=16410 RO-data=5670 RW-data=1200 ZI-data=1064  
FromELF: creating hex file...
".\HY-MOTOR\HY-MOTOR.axf" - 0 Error(s), 4 Warning(s).
Build target 'HY-MOTOR-Basic'
linking...
Program Size: Code=16410 RO-data=5670 RW-data=1200 ZI-data=1064  
FromELF: creating hex file...
".\HY-MOTOR\HY-MOTOR.axf" - 0 Error(s), 0 Warning(s).
Load "H:\\WORK\\HY-Projet\\MOTOR-L6205\\Software\\HY-MOTOR-Basic\\Project\\STM32F10x_StdPeriph_Template\\MDK-ARM\\HY-MOTOR\\HY-MOTOR.AXF" 
Erase Done.
Programming Done.
Verify OK.
Application running ...
Build target 'HY-MOTOR-Basic'
compiling main.c...
..\Source\Main\main.c(156): warning:  #177-D: variable "iTest" was declared but never referenced
..\Source\Main\main.c(292): warning:  #223-D: function "KeyMenu" declared implicitly
..\Source\Main\main.c(335): warning:  #223-D: function "Menu_Init" declared implicitly
..\Source\Main\main.c(337): warning:  #223-D: function "DisplayMenu" declared implicitly
linking...
Program Size: Code=16410 RO-data=5670 RW-data=1200 ZI-data=1064  
FromELF: creating hex file...
".\HY-MOTOR\HY-MOTOR.axf" - 0 Error(s), 4 Warning(s).
Load "H:\\WORK\\HY-Projet\\MOTOR-L6205\\Software\\HY-MOTOR-Basic\\Project\\STM32F10x_StdPeriph_Template\\MDK-ARM\\HY-MOTOR\\HY-MOTOR.AXF" 
Erase Done.
Programming Done.
Verify OK.
Application running ...
Build target 'HY-MOTOR-Basic'
linking...
Program Size: Code=16410 RO-data=5670 RW-data=1200 ZI-data=1064  
FromELF: creating hex file...
".\HY-MOTOR\HY-MOTOR.axf" - 0 Error(s), 0 Warning(s).
Build target 'HY-MOTOR-Basic'
linking...
Program Size: Code=16410 RO-data=5670 RW-data=1200 ZI-data=1064  
FromELF: creating hex file...
".\HY-MOTOR\HY-MOTOR.axf" - 0 Error(s), 0 Warning(s).
Load "H:\\WORK\\HY-Projet\\MOTOR-L6205\\Software\\HY-MOTOR-Basic\\Project\\STM32F10x_StdPeriph_Template\\MDK-ARM\\HY-MOTOR\\HY-MOTOR.AXF" 
Erase Done.
Programming Done.
Verify OK.
Application running ...
Build target 'HY-MOTOR-Basic'
linking...
Program Size: Code=16410 RO-data=5670 RW-data=1200 ZI-data=1064  
FromELF: creating hex file...
".\HY-MOTOR\HY-MOTOR.axf" - 0 Error(s), 0 Warning(s).
Build target 'HY-MOTOR-Basic'
linking...
Program Size: Code=16410 RO-data=5670 RW-data=1200 ZI-data=1064  
FromELF: creating hex file...
".\HY-MOTOR\HY-MOTOR.axf" - 0 Error(s), 0 Warning(s).
Load "H:\\WORK\\HY-Projet\\MOTOR-L6205\\Software\\HY-MOTOR-Basic\\Project\\STM32F10x_StdPeriph_Template\\MDK-ARM\\HY-MOTOR\\HY-MOTOR.AXF" 
Erase Done.
Programming Done.
Verify OK.
Application running ...
Build target 'HY-MOTOR-Basic'
linking...
Program Size: Code=16410 RO-data=5670 RW-data=1200 ZI-data=1064  
FromELF: creating hex file...
".\HY-MOTOR\HY-MOTOR.axf" - 0 Error(s), 0 Warning(s).
Load "H:\\WORK\\HY-Projet\\MOTOR-L6205\\Software\\HY-MOTOR-Basic\\Project\\STM32F10x_StdPeriph_Template\\MDK-ARM\\HY-MOTOR\\HY-MOTOR.AXF" 
Erase Done.
Programming Done.
Verify OK.
Application running ...
Load "H:\\WORK\\HY-Projet\\MOTOR-L6205\\Software\\HY-MOTOR-Basic\\Project\\STM32F10x_StdPeriph_Template\\MDK-ARM\\HY-MOTOR\\HY-MOTOR.AXF" 
Erase Done.
Programming Done.
Verify OK.
Application running ...
Build target 'HY-MOTOR-Basic'
linking...
Program Size: Code=16410 RO-data=5670 RW-data=1200 ZI-data=1064  
FromELF: creating hex file...
".\HY-MOTOR\HY-MOTOR.axf" - 0 Error(s), 0 Warning(s).
Build target 'HY-MOTOR-Basic'
linking...
Program Size: Code=16410 RO-data=5670 RW-data=1200 ZI-data=1064  
FromELF: creating hex file...
".\HY-MOTOR\HY-MOTOR.axf" - 0 Error(s), 0 Warning(s).
Load "H:\\WORK\\HY-Projet\\MOTOR-L6205\\Software\\HY-MOTOR-Basic\\Project\\STM32F10x_StdPeriph_Template\\MDK-ARM\\HY-MOTOR\\HY-MOTOR.AXF" 
Erase Done.
Programming Done.
Verify OK.
Application running ...
Build target 'HY-MOTOR-Basic'
compiling main.c...
..\Source\Main\main.c(156): warning:  #177-D: variable "iTest" was declared but never referenced
..\Source\Main\main.c(292): warning:  #223-D: function "KeyMenu" declared implicitly
..\Source\Main\main.c(335): warning:  #223-D: function "Menu_Init" declared implicitly
..\Source\Main\main.c(337): warning:  #223-D: function "DisplayMenu" declared implicitly
linking...
Program Size: Code=16062 RO-data=5670 RW-data=1200 ZI-data=1064  
FromELF: creating hex file...
".\HY-MOTOR\HY-MOTOR.axf" - 0 Error(s), 4 Warning(s).
Load "H:\\WORK\\HY-Projet\\MOTOR-L6205\\Software\\HY-MOTOR-Basic\\Project\\STM32F10x_StdPeriph_Template\\MDK-ARM\\HY-MOTOR\\HY-MOTOR.AXF" 
Build target 'HY-MOTOR-Basic'
linking...
Program Size: Code=16062 RO-data=5670 RW-data=1200 ZI-data=1064  
FromELF: creating hex file...
".\HY-MOTOR\HY-MOTOR.axf" - 0 Error(s), 0 Warning(s).
Load "H:\\WORK\\HY-Projet\\MOTOR-L6205\\Software\\HY-MOTOR-Basic\\Project\\STM32F10x_StdPeriph_Template\\MDK-ARM\\HY-MOTOR\\HY-MOTOR.AXF" 
Load "H:\\WORK\\HY-Projet\\MOTOR-L6205\\Software\\HY-MOTOR-Basic\\Project\\STM32F10x_StdPeriph_Template\\MDK-ARM\\HY-MOTOR\\HY-MOTOR.AXF" 
Erase Done.
Programming Done.
Verify OK.
Application running ...
Build target 'HY-MOTOR-Basic'
compiling main.c...
..\Source\Main\main.c(156): warning:  #177-D: variable "iTest" was declared but never referenced
..\Source\Main\main.c(292): warning:  #223-D: function "KeyMenu" declared implicitly
..\Source\Main\main.c(335): warning:  #223-D: function "Menu_Init" declared implicitly
..\Source\Main\main.c(337): warning:  #223-D: function "DisplayMenu" declared implicitly
linking...
Program Size: Code=16410 RO-data=5670 RW-data=1200 ZI-data=1064  
FromELF: creating hex file...
".\HY-MOTOR\HY-MOTOR.axf" - 0 Error(s), 4 Warning(s).
Load "H:\\WORK\\HY-Projet\\MOTOR-L6205\\Software\\HY-MOTOR-Basic\\Project\\STM32F10x_StdPeriph_Template\\MDK-ARM\\HY-MOTOR\\HY-MOTOR.AXF" 
Erase Done.
Programming Done.
Verify OK.
Application running ...
Build target 'HY-MOTOR-Basic'
compiling stm32f10x_it.c...
linking...
Program Size: Code=16402 RO-data=5670 RW-data=1200 ZI-data=1064  
FromELF: creating hex file...
".\HY-MOTOR\HY-MOTOR.axf" - 0 Error(s), 0 Warning(s).
Load "H:\\WORK\\HY-Projet\\MOTOR-L6205\\Software\\HY-MOTOR-Basic\\Project\\STM32F10x_StdPeriph_Template\\MDK-ARM\\HY-MOTOR\\HY-MOTOR.AXF" 
Erase Done.
Programming Done.
Verify OK.
Application running ...
Build target 'HY-MOTOR-Basic'
compiling main.c...
..\Source\Main\main.c(156): warning:  #177-D: variable "iTest" was declared but never referenced
..\Source\Main\main.c(292): warning:  #223-D: function "KeyMenu" declared implicitly
..\Source\Main\main.c(335): warning:  #223-D: function "Menu_Init" declared implicitly
..\Source\Main\main.c(337): warning:  #223-D: function "DisplayMenu" declared implicitly
linking...
Program Size: Code=16402 RO-data=5670 RW-data=1200 ZI-data=1064  
FromELF: creating hex file...
".\HY-MOTOR\HY-MOTOR.axf" - 0 Error(s), 4 Warning(s).
Load "H:\\WORK\\HY-Projet\\MOTOR-L6205\\Software\\HY-MOTOR-Basic\\Project\\STM32F10x_StdPeriph_Template\\MDK-ARM\\HY-MOTOR\\HY-MOTOR.AXF" 
Erase Done.
Programming Done.
Verify OK.
Application running ...
Load "H:\\WORK\\HY-Projet\\MOTOR-L6205\\Software\\HY-MOTOR-Basic\\Project\\STM32F10x_StdPeriph_Template\\MDK-ARM\\HY-MOTOR\\HY-MOTOR.AXF" 
Erase Done.
Programming Done.
Verify OK.
Application running ...
Load "H:\\WORK\\HY-Projet\\MOTOR-L6205\\Software\\HY-MOTOR-Basic\\Project\\STM32F10x_StdPeriph_Template\\MDK-ARM\\HY-MOTOR\\HY-MOTOR.AXF" 
Erase Done.
Programming Done.
Verify OK.
Application running ...
Build target 'HY-MOTOR-Basic'
linking...
Program Size: Code=16402 RO-data=5670 RW-data=1200 ZI-data=1064  
FromELF: creating hex file...
".\HY-MOTOR\HY-MOTOR.axf" - 0 Error(s), 0 Warning(s).
Build target 'HY-MOTOR-Basic'
linking...
Program Size: Code=16402 RO-data=5670 RW-data=1200 ZI-data=1064  
FromELF: creating hex file...
".\HY-MOTOR\HY-MOTOR.axf" - 0 Error(s), 0 Warning(s).
Build target 'HY-MOTOR-Basic'
linking...
Program Size: Code=16402 RO-data=5670 RW-data=1200 ZI-data=1064  
FromELF: creating hex file...
".\HY-MOTOR\HY-MOTOR.axf" - 0 Error(s), 0 Warning(s).
Build target 'HY-MOTOR-Basic'
linking...
Program Size: Code=16402 RO-data=5670 RW-data=1200 ZI-data=1064  
FromELF: creating hex file...
".\HY-MOTOR\HY-MOTOR.axf" - 0 Error(s), 0 Warning(s).
Build target 'HY-MOTOR-Basic'
linking...
Program Size: Code=16402 RO-data=5670 RW-data=1200 ZI-data=1064  
FromELF: creating hex file...
".\HY-MOTOR\HY-MOTOR.axf" - 0 Error(s), 0 Warning(s).
Load "H:\\WORK\\HY-Projet\\MOTOR-L6205\\Software\\HY-MOTOR-Basic\\Project\\STM32F10x_StdPeriph_Template\\MDK-ARM\\HY-MOTOR\\HY-MOTOR.AXF" 
Load "H:\\WORK\\HY-Projet\\MOTOR-L6205\\Software\\HY-MOTOR-Basic\\Project\\STM32F10x_StdPeriph_Template\\MDK-ARM\\HY-MOTOR\\HY-MOTOR.AXF" 
Erase Done.
Programming Failed!
Cannot access Memory
Load "H:\\WORK\\HY-Projet\\MOTOR-L6205\\Software\\HY-MOTOR-Basic\\Project\\STM32F10x_StdPeriph_Template\\MDK-ARM\\HY-MOTOR\\HY-MOTOR.AXF" 
Erase Done.
Programming Done.
Verify OK.
Application running ...
Build target 'HY-MOTOR-Basic'
linking...
Program Size: Code=16402 RO-data=5670 RW-data=1200 ZI-data=1064  
FromELF: creating hex file...
".\HY-MOTOR\HY-MOTOR.axf" - 0 Error(s), 0 Warning(s).
Build target 'HY-MOTOR-Basic'
linking...
Program Size: Code=16402 RO-data=5670 RW-data=1200 ZI-data=1064  
FromELF: creating hex file...
".\HY-MOTOR\HY-MOTOR.axf" - 0 Error(s), 0 Warning(s).
Load "H:\\WORK\\HY-Projet\\MOTOR-L6205\\Software\\HY-MOTOR-Basic\\Project\\STM32F10x_StdPeriph_Template\\MDK-ARM\\HY-MOTOR\\HY-MOTOR.AXF" 
Erase Done.
Programming Done.
Verify OK.
Application running ...
Build target 'HY-MOTOR-Basic'
compiling Menu.C...
..\Source\Menu\Menu.C(450): warning:  #940-D: missing return statement at end of non-void function "ReadKey"
linking...
Program Size: Code=16402 RO-data=5670 RW-data=1200 ZI-data=1064  
FromELF: creating hex file...
".\HY-MOTOR\HY-MOTOR.axf" - 0 Error(s), 1 Warning(s).
Build target 'HY-MOTOR-Basic'
compiling Menu.C...
..\Source\Menu\Menu.C(450): warning:  #940-D: missing return statement at end of non-void function "ReadKey"
linking...
Program Size: Code=16402 RO-data=5670 RW-data=1200 ZI-data=1064  
FromELF: creating hex file...
".\HY-MOTOR\HY-MOTOR.axf" - 0 Error(s), 1 Warning(s).
Build target 'HY-MOTOR-Basic'
linking...
Program Size: Code=16402 RO-data=5670 RW-data=1200 ZI-data=1064  
FromELF: creating hex file...
".\HY-MOTOR\HY-MOTOR.axf" - 0 Error(s), 0 Warning(s).
Load "H:\\WORK\\HY-Projet\\MOTOR-L6205\\Software\\HY-MOTOR-Basic\\Project\\STM32F10x_StdPeriph_Template\\MDK-ARM\\HY-MOTOR\\HY-MOTOR.AXF" 
Erase Done.
Programming Done.
Verify OK.
Application running ...
Load "H:\\WORK\\HY-Projet\\MOTOR-L6205\\Software\\HY-MOTOR-Basic\\Project\\STM32F10x_StdPeriph_Template\\MDK-ARM\\HY-MOTOR\\HY-MOTOR.AXF" 
Erase Done.
Programming Done.
Verify OK.
Application running ...
Build target 'HY-MOTOR-Basic'
linking...
Program Size: Code=16402 RO-data=5670 RW-data=1200 ZI-data=1064  
FromELF: creating hex file...
".\HY-MOTOR\HY-MOTOR.axf" - 0 Error(s), 0 Warning(s).
Build target 'HY-MOTOR-Basic'
compiling main.c...
..\Source\Main\main.c(156): warning:  #177-D: variable "iTest" was declared but never referenced
..\Source\Main\main.c(292): warning:  #223-D: function "KeyMenu" declared implicitly
..\Source\Main\main.c(335): warning:  #223-D: function "Menu_Init" declared implicitly
..\Source\Main\main.c(337): warning:  #223-D: function "DisplayMenu" declared implicitly
linking...
Program Size: Code=16058 RO-data=5670 RW-data=1200 ZI-data=1064  
FromELF: creating hex file...
".\HY-MOTOR\HY-MOTOR.axf" - 0 Error(s), 4 Warning(s).
Load "H:\\WORK\\HY-Projet\\MOTOR-L6205\\Software\\HY-MOTOR-Basic\\Project\\STM32F10x_StdPeriph_Template\\MDK-ARM\\HY-MOTOR\\HY-MOTOR.AXF" 
Erase Done.
Programming Done.
Verify OK.
Application running ...
Build target 'HY-MOTOR-Basic'
compiling main.c...
..\Source\Main\main.c(156): warning:  #177-D: variable "iTest" was declared but never referenced
..\Source\Main\main.c(292): warning:  #223-D: function "KeyMenu" declared implicitly
..\Source\Main\main.c(335): warning:  #223-D: function "Menu_Init" declared implicitly
..\Source\Main\main.c(337): warning:  #223-D: function "DisplayMenu" declared implicitly
linking...
Program Size: Code=16402 RO-data=5670 RW-data=1200 ZI-data=1064  
FromELF: creating hex file...
".\HY-MOTOR\HY-MOTOR.axf" - 0 Error(s), 4 Warning(s).
Load "H:\\WORK\\HY-Projet\\MOTOR-L6205\\Software\\HY-MOTOR-Basic\\Project\\STM32F10x_StdPeriph_Template\\MDK-ARM\\HY-MOTOR\\HY-MOTOR.AXF" 
Erase Done.
Programming Done.
Verify OK.
Application running ...
Build target 'HY-MOTOR-Basic'
linking...
Program Size: Code=16402 RO-data=5670 RW-data=1200 ZI-data=1064  
FromELF: creating hex file...
".\HY-MOTOR\HY-MOTOR.axf" - 0 Error(s), 0 Warning(s).
Load "H:\\WORK\\HY-Projet\\MOTOR-L6205\\Software\\HY-MOTOR-Basic\\Project\\STM32F10x_StdPeriph_Template\\MDK-ARM\\HY-MOTOR\\HY-MOTOR.AXF" 
Erase Done.
Programming Done.
Verify OK.
Application running ...
