<html>
<body>
<pre>
<h1>礦ision Build Log</h1>
<h2>Project:</h2>
E:\タカラモノ\2017电子设计国赛\4.单摆\ADC采样（1）\ADC采样\Project\Pro\project.uvprojx
Project File Date:  04/19/2017

<h2>Output:</h2>
Build target 'Target 1'
compiling pwm.c...
..\..\User\inc\pwm.h(15): warning:  #1-D: last line of file ends without a newline
  #endif
..\..\User\inc\time2.h(8): warning:  #1295-D: Deprecated declaration TIM2_IRQHandler - give arg types
  void TIM2_IRQHandler();
..\..\User\src\pwm.c: 2 warnings, 0 errors
linking...
Program Size: Code=10376 RO-data=268 RW-data=84 ZI-data=1028  
FromELF: creating hex file...
"..\Obj\project.axf" - 0 Error(s), 2 Warning(s).
</pre>
</body>
</html>
L: V4.88 , compiled Jul 15 2014 08:50:40
Firmware: J-Link ARM-OB STM32 compiled Aug 22 2012 19:52:04
Hardware: V7.00
S/N : 20161007 
Feature(s) : RDI,FlashDL,FlashBP,JFlash,GDBFull 
 
* JLink Info: Found SWD-DP with ID 0x1BA01477
* JLink Info: Found Cortex-M3 r1p1, Little endian.
* JLink Info: FPUnit: 6 code (BP) slots and 2 literal slots
* JLink Info: TPIU fitted.
* JLink Info: ETM fitted.
ROMTableAddr = 0xE00FF003
 
Target info:
------------
Device: STM32F103RC
VTarget = 3.300V
State of Pins: 
TCK: 0, TDI: 0, TDO: 1, TMS: 0, TRES: 1, TRST: 1
Hardware-Breakpoints: 6
Software-Breakpoints: 8192
Watchpoints:          4
JTAG speed: 4000 kHz
 
Erase Done.
Programming Done.
Verify OK.
Application running ...
