ARM Linker, 5.03 [Build 76] [MDK-ARM Standard]

==============================================================================

Section Cross References

    main.o(.text) refers to pwm.o(.text) for TIM3_Init
    main.o(.text) refers to gpio_motor.o(.text) for gpio_motor1_init
    main.o(.text) refers to iic.o(.text) for IIC_Init
    main.o(.text) refers to mpu6050.o(.text) for InitMPU6050
    main.o(.text) refers to delay.o(.text) for delay_ms
    main.o(.text) refers to timer.o(.text) for TIM2_Configuration
    main.o(.text) refers to kalman_filter.o(.data) for Angle_x_temp
    main.o(.text) refers to main.o(.data) for a
    pwm.o(.text) refers to stm32f10x_rcc.o(.text) for RCC_APB2PeriphClockCmd
    pwm.o(.text) refers to stm32f10x_gpio.o(.text) for GPIO_Init
    pwm.o(.text) refers to stm32f10x_tim.o(.text) for TIM_TimeBaseInit
    pwm.o(.text) refers to ffixui.o(.text) for __aeabi_f2uiz
    iic.o(.text) refers to stm32f10x_rcc.o(.text) for RCC_APB2PeriphClockCmd
    iic.o(.text) refers to stm32f10x_gpio.o(.text) for GPIO_Init
    mpu6050.o(.text) refers to iic.o(.text) for Single_WriteI2C
    mpu6050.o(.text) refers to fflti.o(.text) for __aeabi_i2f
    mpu6050.o(.text) refers to mpu6050.o(.data) for ACCEL_XOUT
    kalman_filter.o(.text) refers to fadd.o(.text) for __aeabi_fsub
    kalman_filter.o(.text) refers to fmul.o(.text) for __aeabi_fmul
    kalman_filter.o(.text) refers to ffltui.o(.text) for __aeabi_ui2f
    kalman_filter.o(.text) refers to fdiv.o(.text) for __aeabi_fdiv
    kalman_filter.o(.text) refers to kalman_filter.o(.data) for Q_bias
    kalman_filter.o(.text) refers to kalman_filter.o(.bss) for Pdot
    kalman_filter.o(.text) refers to iic.o(.text) for GetData
    kalman_filter.o(.text) refers to fflti.o(.text) for __aeabi_i2f
    kalman_filter.o(.text) refers to cfcmple.o(.text) for __aeabi_cfcmple
    kalman_filter.o(.text) refers to f2d.o(.text) for __aeabi_f2d
    kalman_filter.o(.text) refers to atan.o(i.atan) for atan
    kalman_filter.o(.text) refers to dmul.o(.text) for __aeabi_dmul
    kalman_filter.o(.text) refers to ddiv.o(.text) for __aeabi_ddiv
    kalman_filter.o(.text) refers to d2f.o(.text) for __aeabi_d2f
    kalman_filter.o(.text) refers to cfrcmple.o(.text) for __aeabi_cfrcmple
    gpio_motor.o(.text) refers to stm32f10x_rcc.o(.text) for RCC_APB2PeriphClockCmd
    gpio_motor.o(.text) refers to stm32f10x_gpio.o(.text) for GPIO_Init
    delay.o(.text) refers to kalman_filter.o(.text) for Angle_Calcu
    pid.o(.text) refers to fadd.o(.text) for __aeabi_frsub
    pid.o(.text) refers to f2d.o(.text) for __aeabi_f2d
    pid.o(.text) refers to cdrcmple.o(.text) for __aeabi_cdrcmple
    pid.o(.text) refers to cdcmple.o(.text) for __aeabi_cdcmple
    pid.o(.text) refers to fmul.o(.text) for __aeabi_fmul
    pid.o(.text) refers to pid.o(.data) for SetPoint_x
    timer.o(.text) refers to stm32f10x_tim.o(.text) for TIM_Cmd
    timer.o(.text) refers to stm32f10x_rcc.o(.text) for RCC_APB1PeriphClockCmd
    timer.o(.text) refers to misc.o(.text) for NVIC_Init
    timer.o(.text) refers to kalman_filter.o(.text) for Angle_Calcu
    timer.o(.text) refers to fadd.o(.text) for __aeabi_fsub
    timer.o(.text) refers to control.o(.text) for Mode_0
    timer.o(.text) refers to kalman_filter.o(.data) for Angle_X_dirta
    timer.o(.text) refers to control.o(.data) for Mode
    control.o(.text) refers to cfcmple.o(.text) for __aeabi_cfcmple
    control.o(.text) refers to pwm.o(.text) for PWM_M2_Forward
    control.o(.text) refers to cfrcmple.o(.text) for __aeabi_cfrcmple
    control.o(.text) refers to ffltui.o(.text) for __aeabi_ui2f
    control.o(.text) refers to fdiv.o(.text) for __aeabi_fdiv
    control.o(.text) refers to f2d.o(.text) for __aeabi_f2d
    control.o(.text) refers to sin.o(i.sin) for sin
    control.o(.text) refers to dflti.o(.text) for __aeabi_i2d
    control.o(.text) refers to dmul.o(.text) for __aeabi_dmul
    control.o(.text) refers to d2f.o(.text) for __aeabi_d2f
    control.o(.text) refers to pid.o(.text) for PID_M1_PosLocCalc
    control.o(.text) refers to cdcmple.o(.text) for __aeabi_cdcmple
    control.o(.text) refers to control.o(.data) for MoveTimeCnt
    control.o(.text) refers to pid.o(.data) for SetPoint_x
    control.o(.text) refers to kalman_filter.o(.data) for Angle_X
    control.o(.text) refers to dadd.o(.text) for __aeabi_dadd
    stm32f10x_gpio.o(.text) refers to stm32f10x_rcc.o(.text) for RCC_APB2PeriphResetCmd
    stm32f10x_rcc.o(.text) refers to stm32f10x_rcc.o(.data) for APBAHBPrescTable
    stm32f10x_tim.o(.text) refers to stm32f10x_rcc.o(.text) for RCC_APB2PeriphResetCmd
    stm32f10x_usart.o(.text) refers to stm32f10x_rcc.o(.text) for RCC_APB2PeriphResetCmd
    startup_stm32f10x_md.o(RESET) refers to startup_stm32f10x_md.o(STACK) for __initial_sp
    startup_stm32f10x_md.o(RESET) refers to startup_stm32f10x_md.o(.text) for Reset_Handler
    startup_stm32f10x_md.o(RESET) refers to timer.o(.text) for TIM2_IRQHandler
    startup_stm32f10x_md.o(.text) refers to system_stm32f10x.o(.text) for SystemInit
    startup_stm32f10x_md.o(.text) refers to entry.o(.ARM.Collect$$$$00000000) for __main
    system_stm32f10x.o(.text) refers to system_stm32f10x.o(.data) for SystemCoreClock
    atan.o(i.__softfp_atan) refers (Special) to iusefp.o(.text) for __I$use$fp
    atan.o(i.__softfp_atan) refers to atan.o(i.atan) for atan
    atan.o(i.atan) refers (Special) to iusefp.o(.text) for __I$use$fp
    atan.o(i.atan) refers to dscalb.o(.text) for __ARM_scalbn
    atan.o(i.atan) refers to fpclassify.o(i.__ARM_fpclassify) for __ARM_fpclassify
    atan.o(i.atan) refers to dunder.o(i.__mathlib_dbl_underflow) for __mathlib_dbl_underflow
    atan.o(i.atan) refers to dadd.o(.text) for __aeabi_dadd
    atan.o(i.atan) refers to ddiv.o(.text) for __aeabi_ddiv
    atan.o(i.atan) refers to dmul.o(.text) for __aeabi_dmul
    atan.o(i.atan) refers to poly.o(i.__kernel_poly) for __kernel_poly
    atan.o(i.atan) refers to atan.o(.constdata) for .constdata
    atan.o(.constdata) refers (Special) to iusefp.o(.text) for __I$use$fp
    atan_x.o(i.____softfp_atan$lsc) refers (Special) to iusefp.o(.text) for __I$use$fp
    atan_x.o(i.____softfp_atan$lsc) refers to atan_x.o(i.__atan$lsc) for __atan$lsc
    atan_x.o(i.__atan$lsc) refers (Special) to iusefp.o(.text) for __I$use$fp
    atan_x.o(i.__atan$lsc) refers to dscalb.o(.text) for __ARM_scalbn
    atan_x.o(i.__atan$lsc) refers to dadd.o(.text) for __aeabi_dadd
    atan_x.o(i.__atan$lsc) refers to ddiv.o(.text) for __aeabi_ddiv
    atan_x.o(i.__atan$lsc) refers to dmul.o(.text) for __aeabi_dmul
    atan_x.o(i.__atan$lsc) refers to poly.o(i.__kernel_poly) for __kernel_poly
    atan_x.o(i.__atan$lsc) refers to atan_x.o(.constdata) for .constdata
    atan_x.o(.constdata) refers (Special) to iusefp.o(.text) for __I$use$fp
    sin.o(i.__softfp_sin) refers (Special) to iusefp.o(.text) for __I$use$fp
    sin.o(i.__softfp_sin) refers to sin.o(i.sin) for sin
    sin.o(i.sin) refers (Special) to iusefp.o(.text) for __I$use$fp
    sin.o(i.sin) refers to errno.o(i.__set_errno) for __set_errno
    sin.o(i.sin) refers to ddiv.o(.text) for __aeabi_ddiv
    sin.o(i.sin) refers to dscalb.o(.text) for __ARM_scalbn
    sin.o(i.sin) refers to rred.o(i.__ieee754_rem_pio2) for __ieee754_rem_pio2
    sin.o(i.sin) refers to cos_i.o(i.__kernel_cos) for __kernel_cos
    sin.o(i.sin) refers to sin_i.o(i.__kernel_sin) for __kernel_sin
    sin_x.o(i.____softfp_sin$lsc) refers (Special) to iusefp.o(.text) for __I$use$fp
    sin_x.o(i.____softfp_sin$lsc) refers to sin_x.o(i.__sin$lsc) for __sin$lsc
    sin_x.o(i.__sin$lsc) refers (Special) to iusefp.o(.text) for __I$use$fp
    sin_x.o(i.__sin$lsc) refers to errno.o(i.__set_errno) for __set_errno
    sin_x.o(i.__sin$lsc) refers to dscalb.o(.text) for __ARM_scalbn
    sin_x.o(i.__sin$lsc) refers to rred.o(i.__ieee754_rem_pio2) for __ieee754_rem_pio2
    sin_x.o(i.__sin$lsc) refers to cos_i.o(i.__kernel_cos) for __kernel_cos
    sin_x.o(i.__sin$lsc) refers to sin_i.o(i.__kernel_sin) for __kernel_sin
    entry.o(.ARM.Collect$$$$00000000) refers (Special) to entry10a.o(.ARM.Collect$$$$0000000D) for __rt_final_cpp
    entry.o(.ARM.Collect$$$$00000000) refers (Special) to entry11a.o(.ARM.Collect$$$$0000000F) for __rt_final_exit
    entry.o(.ARM.Collect$$$$00000000) refers (Special) to entry7b.o(.ARM.Collect$$$$00000008) for _main_clock
    entry.o(.ARM.Collect$$$$00000000) refers (Special) to entry8b.o(.ARM.Collect$$$$0000000A) for _main_cpp_init
    entry.o(.ARM.Collect$$$$00000000) refers (Special) to entry9a.o(.ARM.Collect$$$$0000000B) for _main_init
    entry.o(.ARM.Collect$$$$00000000) refers (Special) to entry5.o(.ARM.Collect$$$$00000004) for _main_scatterload
    entry.o(.ARM.Collect$$$$00000000) refers (Special) to entry2.o(.ARM.Collect$$$$00000001) for _main_stk
    fadd.o(.text) refers (Special) to iusefp.o(.text) for __I$use$fp
    fadd.o(.text) refers to fepilogue.o(.text) for _float_epilogue
    fmul.o(.text) refers (Special) to iusefp.o(.text) for __I$use$fp
    fdiv.o(.text) refers (Special) to iusefp.o(.text) for __I$use$fp
    fdiv.o(.text) refers to fepilogue.o(.text) for _float_round
    dadd.o(.text) refers (Special) to iusefp.o(.text) for __I$use$fp
    dadd.o(.text) refers to llshl.o(.text) for __aeabi_llsl
    dadd.o(.text) refers to llsshr.o(.text) for __aeabi_lasr
    dadd.o(.text) refers to depilogue.o(.text) for _double_epilogue
    dmul.o(.text) refers (Special) to iusefp.o(.text) for __I$use$fp
    dmul.o(.text) refers to depilogue.o(.text) for _double_epilogue
    ddiv.o(.text) refers (Special) to iusefp.o(.text) for __I$use$fp
    ddiv.o(.text) refers to depilogue.o(.text) for _double_round
    fflti.o(.text) refers (Special) to iusefp.o(.text) for __I$use$fp
    fflti.o(.text) refers to fepilogue.o(.text) for _float_epilogue
    ffltui.o(.text) refers (Special) to iusefp.o(.text) for __I$use$fp
    ffltui.o(.text) refers to fepilogue.o(.text) for _float_epilogue
    dflti.o(.text) refers (Special) to iusefp.o(.text) for __I$use$fp
    dflti.o(.text) refers to depilogue.o(.text) for _double_epilogue
    ffixui.o(.text) refers (Special) to iusefp.o(.text) for __I$use$fp
    f2d.o(.text) refers (Special) to iusefp.o(.text) for __I$use$fp
    cdcmple.o(.text) refers (Special) to iusefp.o(.text) for __I$use$fp
    cdrcmple.o(.text) refers (Special) to iusefp.o(.text) for __I$use$fp
    d2f.o(.text) refers (Special) to iusefp.o(.text) for __I$use$fp
    d2f.o(.text) refers to fepilogue.o(.text) for _float_round
    cfcmple.o(.text) refers (Special) to iusefp.o(.text) for __I$use$fp
    cfrcmple.o(.text) refers (Special) to iusefp.o(.text) for __I$use$fp
    cos_i.o(i.__kernel_cos) refers (Special) to iusefp.o(.text) for __I$use$fp
    cos_i.o(i.__kernel_cos) refers to dfixi.o(.text) for __aeabi_d2iz
    cos_i.o(i.__kernel_cos) refers to dmul.o(.text) for __aeabi_dmul
    cos_i.o(i.__kernel_cos) refers to poly.o(i.__kernel_poly) for __kernel_poly
    cos_i.o(i.__kernel_cos) refers to dadd.o(.text) for __aeabi_dsub
    cos_i.o(i.__kernel_cos) refers to dscalb.o(.text) for __ARM_scalbn
    cos_i.o(i.__kernel_cos) refers to cos_i.o(.constdata) for .constdata
    cos_i.o(.constdata) refers (Special) to iusefp.o(.text) for __I$use$fp
    dunder.o(i.__mathlib_dbl_underflow) refers to dscalb.o(.text) for __ARM_scalbn
    fpclassify.o(i.__ARM_fpclassify) refers (Special) to iusefp.o(.text) for __I$use$fp
    poly.o(i.__kernel_poly) refers (Special) to iusefp.o(.text) for __I$use$fp
    poly.o(i.__kernel_poly) refers to dmul.o(.text) for __aeabi_dmul
    poly.o(i.__kernel_poly) refers to dadd.o(.text) for __aeabi_dadd
    rred.o(i.__ieee754_rem_pio2) refers (Special) to iusefp.o(.text) for __I$use$fp
    rred.o(i.__ieee754_rem_pio2) refers to dadd.o(.text) for __aeabi_dsub
    rred.o(i.__ieee754_rem_pio2) refers to dmul.o(.text) for __aeabi_dmul
    rred.o(i.__ieee754_rem_pio2) refers to dfixi.o(.text) for __aeabi_d2iz
    rred.o(i.__ieee754_rem_pio2) refers to dflti.o(.text) for __aeabi_i2d
    rred.o(i.__ieee754_rem_pio2) refers to dfltui.o(.text) for __aeabi_ui2d
    rred.o(i.__ieee754_rem_pio2) refers to dscalb.o(.text) for __ARM_scalbn
    rred.o(i.__ieee754_rem_pio2) refers to rred.o(.constdata) for .constdata
    rred.o(i.__use_accurate_range_reduction) refers (Special) to iusefp.o(.text) for __I$use$fp
    rred.o(.constdata) refers (Special) to iusefp.o(.text) for __I$use$fp
    sin_i.o(i.__kernel_sin) refers (Special) to iusefp.o(.text) for __I$use$fp
    sin_i.o(i.__kernel_sin) refers to fpclassify.o(i.__ARM_fpclassify) for __ARM_fpclassify
    sin_i.o(i.__kernel_sin) refers to dunder.o(i.__mathlib_dbl_underflow) for __mathlib_dbl_underflow
    sin_i.o(i.__kernel_sin) refers to dmul.o(.text) for __aeabi_dmul
    sin_i.o(i.__kernel_sin) refers to poly.o(i.__kernel_poly) for __kernel_poly
    sin_i.o(i.__kernel_sin) refers to dscalb.o(.text) for __ARM_scalbn
    sin_i.o(i.__kernel_sin) refers to dadd.o(.text) for __aeabi_dsub
    sin_i.o(i.__kernel_sin) refers to sin_i.o(.constdata) for .constdata
    sin_i.o(.constdata) refers (Special) to iusefp.o(.text) for __I$use$fp
    sin_i_x.o(i.____kernel_sin$lsc) refers (Special) to iusefp.o(.text) for __I$use$fp
    sin_i_x.o(i.____kernel_sin$lsc) refers to dmul.o(.text) for __aeabi_dmul
    sin_i_x.o(i.____kernel_sin$lsc) refers to poly.o(i.__kernel_poly) for __kernel_poly
    sin_i_x.o(i.____kernel_sin$lsc) refers to dscalb.o(.text) for __ARM_scalbn
    sin_i_x.o(i.____kernel_sin$lsc) refers to dadd.o(.text) for __aeabi_dsub
    sin_i_x.o(i.____kernel_sin$lsc) refers to sin_i_x.o(.constdata) for .constdata
    sin_i_x.o(.constdata) refers (Special) to iusefp.o(.text) for __I$use$fp
    entry2.o(.ARM.Collect$$$$00000001) refers to entry2.o(.ARM.Collect$$$$00002712) for __lit__00000000
    entry2.o(.ARM.Collect$$$$00002712) refers to startup_stm32f10x_md.o(STACK) for __initial_sp
    entry2.o(__vectab_stack_and_reset_area) refers to startup_stm32f10x_md.o(STACK) for __initial_sp
    entry2.o(__vectab_stack_and_reset_area) refers to entry.o(.ARM.Collect$$$$00000000) for __main
    entry5.o(.ARM.Collect$$$$00000004) refers to init.o(.text) for __scatterload
    entry9a.o(.ARM.Collect$$$$0000000B) refers to main.o(.text) for main
    entry9b.o(.ARM.Collect$$$$0000000C) refers to main.o(.text) for main
    errno.o(i.__aeabi_errno_addr) refers to errno.o(.data) for .data
    errno.o(i.__read_errno) refers to errno.o(.data) for .data
    errno.o(i.__set_errno) refers to errno.o(.data) for .data
    depilogue.o(.text) refers to llshl.o(.text) for __aeabi_llsl
    depilogue.o(.text) refers to llushr.o(.text) for __aeabi_llsr
    init.o(.text) refers to entry5.o(.ARM.Collect$$$$00000004) for __main_after_scatterload
    dfltui.o(.text) refers to depilogue.o(.text) for _double_epilogue
    dfixi.o(.text) refers to llushr.o(.text) for __aeabi_llsr


==============================================================================

Removing Unused input sections from the image.

    Removing pwm.o(.data), (16 bytes).
    Removing iic.o(.bss), (14 bytes).
    Removing stm32f10x_usart.o(.text), (1032 bytes).
    Removing startup_stm32f10x_md.o(HEAP), (512 bytes).
    Removing core_cm3.o(.emb_text), (32 bytes).

5 unused section(s) (total 1606 bytes) removed from the image.

==============================================================================

Image Symbol Table

    Local Symbols

    Symbol Name                              Value     Ov Type        Size  Object(Section)

    ../clib/microlib/errno.c                 0x00000000   Number         0  errno.o ABSOLUTE
    ../clib/microlib/init/entry.s            0x00000000   Number         0  entry7b.o ABSOLUTE
    ../clib/microlib/init/entry.s            0x00000000   Number         0  entry11b.o ABSOLUTE
    ../clib/microlib/init/entry.s            0x00000000   Number         0  entry5.o ABSOLUTE
    ../clib/microlib/init/entry.s            0x00000000   Number         0  entry.o ABSOLUTE
    ../clib/microlib/init/entry.s            0x00000000   Number         0  entry7a.o ABSOLUTE
    ../clib/microlib/init/entry.s            0x00000000   Number         0  entry11a.o ABSOLUTE
    ../clib/microlib/init/entry.s            0x00000000   Number         0  entry10b.o ABSOLUTE
    ../clib/microlib/init/entry.s            0x00000000   Number         0  entry8a.o ABSOLUTE
    ../clib/microlib/init/entry.s            0x00000000   Number         0  entry8b.o ABSOLUTE
    ../clib/microlib/init/entry.s            0x00000000   Number         0  entry9a.o ABSOLUTE
    ../clib/microlib/init/entry.s            0x00000000   Number         0  entry9b.o ABSOLUTE
    ../clib/microlib/init/entry.s            0x00000000   Number         0  entry2.o ABSOLUTE
    ../clib/microlib/init/entry.s            0x00000000   Number         0  entry10a.o ABSOLUTE
    ../clib/microlib/longlong.c              0x00000000   Number         0  llsshr.o ABSOLUTE
    ../clib/microlib/longlong.c              0x00000000   Number         0  llshl.o ABSOLUTE
    ../clib/microlib/longlong.c              0x00000000   Number         0  llushr.o ABSOLUTE
    ../clib/microlib/stubs.s                 0x00000000   Number         0  iusefp.o ABSOLUTE
    ../fplib/microlib/d2f.c                  0x00000000   Number         0  d2f.o ABSOLUTE
    ../fplib/microlib/f2d.c                  0x00000000   Number         0  f2d.o ABSOLUTE
    ../fplib/microlib/fpadd.c                0x00000000   Number         0  dadd.o ABSOLUTE
    ../fplib/microlib/fpadd.c                0x00000000   Number         0  fadd.o ABSOLUTE
    ../fplib/microlib/fpdiv.c                0x00000000   Number         0  fdiv.o ABSOLUTE
    ../fplib/microlib/fpdiv.c                0x00000000   Number         0  ddiv.o ABSOLUTE
    ../fplib/microlib/fpepilogue.c           0x00000000   Number         0  fepilogue.o ABSOLUTE
    ../fplib/microlib/fpepilogue.c           0x00000000   Number         0  depilogue.o ABSOLUTE
    ../fplib/microlib/fpfix.c                0x00000000   Number         0  ffixui.o ABSOLUTE
    ../fplib/microlib/fpfix.c                0x00000000   Number         0  dfixi.o ABSOLUTE
    ../fplib/microlib/fpflt.c                0x00000000   Number         0  dflti.o ABSOLUTE
    ../fplib/microlib/fpflt.c                0x00000000   Number         0  ffltui.o ABSOLUTE
    ../fplib/microlib/fpflt.c                0x00000000   Number         0  fflti.o ABSOLUTE
    ../fplib/microlib/fpflt.c                0x00000000   Number         0  dfltui.o ABSOLUTE
    ../fplib/microlib/fpmul.c                0x00000000   Number         0  fmul.o ABSOLUTE
    ../fplib/microlib/fpmul.c                0x00000000   Number         0  dmul.o ABSOLUTE
    ../fplib/microlib/fpscalb.c              0x00000000   Number         0  dscalb.o ABSOLUTE
    ../mathlib/atan.c                        0x00000000   Number         0  atan_x.o ABSOLUTE
    ../mathlib/atan.c                        0x00000000   Number         0  atan.o ABSOLUTE
    ../mathlib/cos_i.c                       0x00000000   Number         0  cos_i.o ABSOLUTE
    ../mathlib/dunder.c                      0x00000000   Number         0  dunder.o ABSOLUTE
    ../mathlib/fpclassify.c                  0x00000000   Number         0  fpclassify.o ABSOLUTE
    ../mathlib/poly.c                        0x00000000   Number         0  poly.o ABSOLUTE
    ../mathlib/rred.c                        0x00000000   Number         0  rred.o ABSOLUTE
    ../mathlib/sin.c                         0x00000000   Number         0  sin_x.o ABSOLUTE
    ../mathlib/sin.c                         0x00000000   Number         0  sin.o ABSOLUTE
    ../mathlib/sin_i.c                       0x00000000   Number         0  sin_i.o ABSOLUTE
    ../mathlib/sin_i.c                       0x00000000   Number         0  sin_i_x.o ABSOLUTE
    ..\..\Libraries\CMSIS\CM3\CoreSupport\core_cm3.c 0x00000000   Number         0  core_cm3.o ABSOLUTE
    ..\..\Libraries\CMSIS\CM3\DeviceSupport\ST\STM32F10x\startup\arm\startup_stm32f10x_md.s 0x00000000   Number         0  startup_stm32f10x_md.o ABSOLUTE
    ..\..\Libraries\CMSIS\CM3\DeviceSupport\ST\STM32F10x\system_stm32f10x.c 0x00000000   Number         0  system_stm32f10x.o ABSOLUTE
    ..\..\Libraries\STM32F10x_StdPeriph_Driver\src\misc.c 0x00000000   Number         0  misc.o ABSOLUTE
    ..\..\Libraries\STM32F10x_StdPeriph_Driver\src\stm32f10x_gpio.c 0x00000000   Number         0  stm32f10x_gpio.o ABSOLUTE
    ..\..\Libraries\STM32F10x_StdPeriph_Driver\src\stm32f10x_rcc.c 0x00000000   Number         0  stm32f10x_rcc.o ABSOLUTE
    ..\..\Libraries\STM32F10x_StdPeriph_Driver\src\stm32f10x_tim.c 0x00000000   Number         0  stm32f10x_tim.o ABSOLUTE
    ..\..\Libraries\STM32F10x_StdPeriph_Driver\src\stm32f10x_usart.c 0x00000000   Number         0  stm32f10x_usart.o ABSOLUTE
    ..\..\User\src\Control.c                 0x00000000   Number         0  control.o ABSOLUTE
    ..\..\User\src\Delay.c                   0x00000000   Number         0  delay.o ABSOLUTE
    ..\..\User\src\IIC.c                     0x00000000   Number         0  iic.o ABSOLUTE
    ..\..\User\src\Kalman_Filter.c           0x00000000   Number         0  kalman_filter.o ABSOLUTE
    ..\..\User\src\MPU6050.c                 0x00000000   Number         0  mpu6050.o ABSOLUTE
    ..\..\User\src\PID.c                     0x00000000   Number         0  pid.o ABSOLUTE
    ..\..\User\src\Timer.c                   0x00000000   Number         0  timer.o ABSOLUTE
    ..\..\User\src\gpio_motor.c              0x00000000   Number         0  gpio_motor.o ABSOLUTE
    ..\..\User\src\main.c                    0x00000000   Number         0  main.o ABSOLUTE
    ..\..\User\src\pwm.c                     0x00000000   Number         0  pwm.o ABSOLUTE
    ..\\..\\Libraries\\CMSIS\\CM3\\CoreSupport\\core_cm3.c 0x00000000   Number         0  core_cm3.o ABSOLUTE
    cdcmple.s                                0x00000000   Number         0  cdcmple.o ABSOLUTE
    cdrcmple.s                               0x00000000   Number         0  cdrcmple.o ABSOLUTE
    cfcmple.s                                0x00000000   Number         0  cfcmple.o ABSOLUTE
    cfrcmple.s                               0x00000000   Number         0  cfrcmple.o ABSOLUTE
    dc.s                                     0x00000000   Number         0  dc.o ABSOLUTE
    handlers.s                               0x00000000   Number         0  handlers.o ABSOLUTE
    init.s                                   0x00000000   Number         0  init.o ABSOLUTE
    RESET                                    0x08000000   Section      236  startup_stm32f10x_md.o(RESET)
    .ARM.Collect$$$$00000000                 0x080000ec   Section        0  entry.o(.ARM.Collect$$$$00000000)
    .ARM.Collect$$$$00000001                 0x080000ec   Section        4  entry2.o(.ARM.Collect$$$$00000001)
    .ARM.Collect$$$$00000004                 0x080000f0   Section        4  entry5.o(.ARM.Collect$$$$00000004)
    .ARM.Collect$$$$00000008                 0x080000f4   Section        0  entry7b.o(.ARM.Collect$$$$00000008)
    .ARM.Collect$$$$0000000A                 0x080000f4   Section        0  entry8b.o(.ARM.Collect$$$$0000000A)
    .ARM.Collect$$$$0000000B                 0x080000f4   Section        8  entry9a.o(.ARM.Collect$$$$0000000B)
    .ARM.Collect$$$$0000000D                 0x080000fc   Section        0  entry10a.o(.ARM.Collect$$$$0000000D)
    .ARM.Collect$$$$0000000F                 0x080000fc   Section        0  entry11a.o(.ARM.Collect$$$$0000000F)
    .ARM.Collect$$$$00002712                 0x080000fc   Section        4  entry2.o(.ARM.Collect$$$$00002712)
    __lit__00000000                          0x080000fc   Data           4  entry2.o(.ARM.Collect$$$$00002712)
    .text                                    0x08000100   Section        0  main.o(.text)
    .text                                    0x08000158   Section        0  pwm.o(.text)
    .text                                    0x080003a8   Section        0  iic.o(.text)
    I2C_delay                                0x0800040d   Thumb Code    22  iic.o(.text)
    .text                                    0x080005f4   Section        0  mpu6050.o(.text)
    .text                                    0x0800069c   Section        0  kalman_filter.o(.text)
    .text                                    0x08000ec8   Section        0  gpio_motor.o(.text)
    .text                                    0x08000fb0   Section        0  delay.o(.text)
    .text                                    0x08000fdc   Section        0  pid.o(.text)
    .text                                    0x0800111c   Section        0  timer.o(.text)
    .text                                    0x08001244   Section        0  control.o(.text)
    .text                                    0x0800196c   Section        0  misc.o(.text)
    .text                                    0x08001a48   Section        0  stm32f10x_gpio.o(.text)
    .text                                    0x08001da0   Section        0  stm32f10x_rcc.o(.text)
    .text                                    0x08002144   Section        0  stm32f10x_tim.o(.text)
    TI4_Config                               0x080025eb   Thumb Code   130  stm32f10x_tim.o(.text)
    TI3_Config                               0x0800267f   Thumb Code   122  stm32f10x_tim.o(.text)
    TI2_Config                               0x08002713   Thumb Code   130  stm32f10x_tim.o(.text)
    TI1_Config                               0x080027a7   Thumb Code   108  stm32f10x_tim.o(.text)
    .text                                    0x08002f60   Section       36  startup_stm32f10x_md.o(.text)
    .text                                    0x08002f84   Section        0  system_stm32f10x.o(.text)
    SetSysClockTo72                          0x08002f85   Thumb Code   212  system_stm32f10x.o(.text)
    SetSysClock                              0x08003059   Thumb Code     8  system_stm32f10x.o(.text)
    .text                                    0x08003160   Section        0  fadd.o(.text)
    .text                                    0x08003210   Section        0  fmul.o(.text)
    .text                                    0x0800327c   Section        0  fdiv.o(.text)
    .text                                    0x080032fc   Section        0  dadd.o(.text)
    .text                                    0x0800344a   Section        0  dmul.o(.text)
    .text                                    0x0800352e   Section        0  ddiv.o(.text)
    .text                                    0x0800360c   Section        0  fflti.o(.text)
    .text                                    0x0800361e   Section        0  ffltui.o(.text)
    .text                                    0x08003628   Section        0  dflti.o(.text)
    .text                                    0x0800364a   Section        0  ffixui.o(.text)
    .text                                    0x08003672   Section        0  f2d.o(.text)
    .text                                    0x08003698   Section       40  cdcmple.o(.text)
    .text                                    0x080036c0   Section       40  cdrcmple.o(.text)
    .text                                    0x080036e8   Section        0  d2f.o(.text)
    .text                                    0x08003720   Section       20  cfcmple.o(.text)
    .text                                    0x08003734   Section       20  cfrcmple.o(.text)
    .text                                    0x08003748   Section        0  llshl.o(.text)
    .text                                    0x08003766   Section        0  llsshr.o(.text)
    .text                                    0x0800378a   Section        0  iusefp.o(.text)
    .text                                    0x0800378a   Section        0  fepilogue.o(.text)
    .text                                    0x080037f6   Section        0  depilogue.o(.text)
    .text                                    0x080038b4   Section        0  dscalb.o(.text)
    .text                                    0x080038e4   Section       36  init.o(.text)
    .text                                    0x08003908   Section        0  llushr.o(.text)
    .text                                    0x08003928   Section        0  dfltui.o(.text)
    .text                                    0x08003942   Section        0  dfixi.o(.text)
    i.__ARM_fpclassify                       0x08003980   Section        0  fpclassify.o(i.__ARM_fpclassify)
    i.__ieee754_rem_pio2                     0x080039a8   Section        0  rred.o(i.__ieee754_rem_pio2)
    i.__kernel_cos                           0x08003d30   Section        0  cos_i.o(i.__kernel_cos)
    i.__kernel_poly                          0x08003e2c   Section        0  poly.o(i.__kernel_poly)
    i.__kernel_sin                           0x08003ed8   Section        0  sin_i.o(i.__kernel_sin)
    i.__mathlib_dbl_underflow                0x08003fc4   Section        0  dunder.o(i.__mathlib_dbl_underflow)
    i.__scatterload_copy                     0x08003fd4   Section       14  handlers.o(i.__scatterload_copy)
    i.__scatterload_null                     0x08003fe2   Section        2  handlers.o(i.__scatterload_null)
    i.__scatterload_zeroinit                 0x08003fe4   Section       14  handlers.o(i.__scatterload_zeroinit)
    i.__set_errno                            0x08003ff4   Section        0  errno.o(i.__set_errno)
    i.atan                                   0x08004000   Section        0  atan.o(i.atan)
    i.sin                                    0x08004224   Section        0  sin.o(i.sin)
    .constdata                               0x080042d8   Section      152  atan.o(.constdata)
    atanhi                                   0x080042d8   Data          32  atan.o(.constdata)
    atanlo                                   0x080042f8   Data          32  atan.o(.constdata)
    aTodd                                    0x08004318   Data          40  atan.o(.constdata)
    aTeven                                   0x08004340   Data          48  atan.o(.constdata)
    .constdata                               0x08004370   Section       48  cos_i.o(.constdata)
    C                                        0x08004370   Data          48  cos_i.o(.constdata)
    .constdata                               0x080043a0   Section      200  rred.o(.constdata)
    pio2s                                    0x080043a0   Data          48  rred.o(.constdata)
    twooverpi                                0x080043d0   Data         152  rred.o(.constdata)
    .constdata                               0x08004468   Section       40  sin_i.o(.constdata)
    S                                        0x08004468   Data          40  sin_i.o(.constdata)
    .data                                    0x20000000   Section        4  main.o(.data)
    .data                                    0x20000004   Section       24  mpu6050.o(.data)
    .data                                    0x2000001c   Section      128  kalman_filter.o(.data)
    .data                                    0x2000009c   Section       32  pid.o(.data)
    .data                                    0x200000bc   Section       52  control.o(.data)
    MoveTimeCnt                              0x200000d8   Data           4  control.o(.data)
    MoveTimeCnt                              0x200000dc   Data           4  control.o(.data)
    MoveTimeCnt                              0x200000e0   Data           4  control.o(.data)
    MoveTimeCnt                              0x200000e4   Data           4  control.o(.data)
    .data                                    0x200000f0   Section       20  stm32f10x_rcc.o(.data)
    APBAHBPrescTable                         0x200000f0   Data          16  stm32f10x_rcc.o(.data)
    ADCPrescTable                            0x20000100   Data           4  stm32f10x_rcc.o(.data)
    .data                                    0x20000104   Section       20  system_stm32f10x.o(.data)
    .data                                    0x20000118   Section        4  errno.o(.data)
    _errno                                   0x20000118   Data           4  errno.o(.data)
    .bss                                     0x2000011c   Section       16  kalman_filter.o(.bss)
    STACK                                    0x20000130   Section     1024  startup_stm32f10x_md.o(STACK)

    Global Symbols

    Symbol Name                              Value     Ov Type        Size  Object(Section)

    BuildAttributes$$THM_ISAv4$P$D$K$B$S$PE$A:L22UL41UL21$X:L11$S22US41US21$IEEE1$IW$USESV6$~STKCKD$USESV7$~SHL$OTIME$ROPI$IEEEX$EBA8$MICROLIB$REQ8$PRES8$EABIv2 0x00000000   Number         0  anon$$obj.o ABSOLUTE
    __ARM_use_no_argv                        0x00000000   Number         0  main.o ABSOLUTE
    __cpp_initialize__aeabi_                  - Undefined Weak Reference
    __cxa_finalize                            - Undefined Weak Reference
    __decompress                              - Undefined Weak Reference
    _clock_init                               - Undefined Weak Reference
    _microlib_exit                            - Undefined Weak Reference
    __Vectors_Size                           0x000000ec   Number         0  startup_stm32f10x_md.o ABSOLUTE
    __Vectors                                0x08000000   Data           4  startup_stm32f10x_md.o(RESET)
    __Vectors_End                            0x080000ec   Data           0  startup_stm32f10x_md.o(RESET)
    __main                                   0x080000ed   Thumb Code     0  entry.o(.ARM.Collect$$$$00000000)
    _main_stk                                0x080000ed   Thumb Code     0  entry2.o(.ARM.Collect$$$$00000001)
    _main_scatterload                        0x080000f1   Thumb Code     0  entry5.o(.ARM.Collect$$$$00000004)
    __main_after_scatterload                 0x080000f5   Thumb Code     0  entry5.o(.ARM.Collect$$$$00000004)
    _main_clock                              0x080000f5   Thumb Code     0  entry7b.o(.ARM.Collect$$$$00000008)
    _main_cpp_init                           0x080000f5   Thumb Code     0  entry8b.o(.ARM.Collect$$$$0000000A)
    _main_init                               0x080000f5   Thumb Code     0  entry9a.o(.ARM.Collect$$$$0000000B)
    __rt_final_cpp                           0x080000fd   Thumb Code     0  entry10a.o(.ARM.Collect$$$$0000000D)
    __rt_final_exit                          0x080000fd   Thumb Code     0  entry11a.o(.ARM.Collect$$$$0000000F)
    main                                     0x08000101   Thumb Code    66  main.o(.text)
    TIM3_Init                                0x08000159   Thumb Code   294  pwm.o(.text)
    PWM_M1_Forward                           0x0800027f   Thumb Code    34  pwm.o(.text)
    PWM_M1_Backward                          0x080002a1   Thumb Code    34  pwm.o(.text)
    PWM_M2_Forward                           0x080002c3   Thumb Code    36  pwm.o(.text)
    PWM_M2_Backward                          0x080002e7   Thumb Code    36  pwm.o(.text)
    PWM_M3_Forward                           0x0800030b   Thumb Code    34  pwm.o(.text)
    PWM_M3_Backward                          0x0800032d   Thumb Code    34  pwm.o(.text)
    PWM_M4_Forward                           0x0800034f   Thumb Code    34  pwm.o(.text)
    PWM_M4_Backward                          0x08000371   Thumb Code    34  pwm.o(.text)
    IIC_Init                                 0x080003a9   Thumb Code    46  iic.o(.text)
    SDA_IOOUT                                0x080003d7   Thumb Code    30  iic.o(.text)
    SDA_IOIN                                 0x080003f5   Thumb Code    24  iic.o(.text)
    I2C_Start                                0x08000423   Thumb Code    52  iic.o(.text)
    I2C_Stop                                 0x08000457   Thumb Code    52  iic.o(.text)
    I2C_SlaveAck                             0x0800048b   Thumb Code    88  iic.o(.text)
    I2C_WriteByte                            0x080004e3   Thumb Code    88  iic.o(.text)
    I2C_ReadByte                             0x0800053b   Thumb Code    72  iic.o(.text)
    Single_WriteI2C                          0x08000583   Thumb Code    34  iic.o(.text)
    Single_ReadI2C                           0x080005a5   Thumb Code    48  iic.o(.text)
    GetData                                  0x080005d5   Thumb Code    28  iic.o(.text)
    InitMPU6050                              0x080005f5   Thumb Code    44  mpu6050.o(.text)
    MPU6050_Read                             0x08000621   Thumb Code   100  mpu6050.o(.text)
    Kalman_Filter_Y                          0x0800069d   Thumb Code   558  kalman_filter.o(.text)
    Kalman_Filter_X                          0x080008cb   Thumb Code   636  kalman_filter.o(.text)
    Angle_Calcu                              0x08000b47   Thumb Code   814  kalman_filter.o(.text)
    gpio_motor1_init                         0x08000ec9   Thumb Code    54  gpio_motor.o(.text)
    gpio_motor2_init                         0x08000eff   Thumb Code    58  gpio_motor.o(.text)
    gpio_motor3_init                         0x08000f39   Thumb Code    54  gpio_motor.o(.text)
    gpio_motor4_init                         0x08000f6f   Thumb Code    54  gpio_motor.o(.text)
    delay_ms                                 0x08000fb1   Thumb Code    34  delay.o(.text)
    Delay                                    0x08000fd3   Thumb Code    10  delay.o(.text)
    PID_M1_PosLocCalc                        0x08000fdd   Thumb Code   136  pid.o(.text)
    PID_M2_PosLocCalc                        0x08001065   Thumb Code   136  pid.o(.text)
    TIM2_Start                               0x0800111d   Thumb Code    30  timer.o(.text)
    TIM2_Configuration                       0x0800113b   Thumb Code    78  timer.o(.text)
    TIM2_Dis                                 0x08001189   Thumb Code    32  timer.o(.text)
    TIM2_IRQHandler                          0x080011a9   Thumb Code   126  timer.o(.text)
    MotorPower                               0x08001245   Thumb Code   108  control.o(.text)
    Mode_0                                   0x080012b1   Thumb Code    14  control.o(.text)
    Mode_1                                   0x080012bf   Thumb Code   292  control.o(.text)
    Mode_2                                   0x080013e3   Thumb Code   290  control.o(.text)
    Mode_3                                   0x08001505   Thumb Code   338  control.o(.text)
    Mode_4                                   0x08001657   Thumb Code   356  control.o(.text)
    Mode_5                                   0x080017bb   Thumb Code   350  control.o(.text)
    Mode_6                                   0x08001919   Thumb Code     2  control.o(.text)
    NVIC_PriorityGroupConfig                 0x0800196d   Thumb Code    10  misc.o(.text)
    NVIC_Init                                0x08001977   Thumb Code   102  misc.o(.text)
    NVIC_SetVectorTable                      0x080019dd   Thumb Code    14  misc.o(.text)
    NVIC_SystemLPConfig                      0x080019eb   Thumb Code    34  misc.o(.text)
    SysTick_CLKSourceConfig                  0x08001a0d   Thumb Code    40  misc.o(.text)
    GPIO_DeInit                              0x08001a49   Thumb Code   172  stm32f10x_gpio.o(.text)
    GPIO_AFIODeInit                          0x08001af5   Thumb Code    20  stm32f10x_gpio.o(.text)
    GPIO_Init                                0x08001b09   Thumb Code   274  stm32f10x_gpio.o(.text)
    GPIO_StructInit                          0x08001c1b   Thumb Code    16  stm32f10x_gpio.o(.text)
    GPIO_ReadInputDataBit                    0x08001c2b   Thumb Code    18  stm32f10x_gpio.o(.text)
    GPIO_ReadInputData                       0x08001c3d   Thumb Code     8  stm32f10x_gpio.o(.text)
    GPIO_ReadOutputDataBit                   0x08001c45   Thumb Code    18  stm32f10x_gpio.o(.text)
    GPIO_ReadOutputData                      0x08001c57   Thumb Code     8  stm32f10x_gpio.o(.text)
    GPIO_SetBits                             0x08001c5f   Thumb Code     4  stm32f10x_gpio.o(.text)
    GPIO_ResetBits                           0x08001c63   Thumb Code     4  stm32f10x_gpio.o(.text)
    GPIO_WriteBit                            0x08001c67   Thumb Code    10  stm32f10x_gpio.o(.text)
    GPIO_Write                               0x08001c71   Thumb Code     4  stm32f10x_gpio.o(.text)
    GPIO_PinLockConfig                       0x08001c75   Thumb Code    18  stm32f10x_gpio.o(.text)
    GPIO_EventOutputConfig                   0x08001c87   Thumb Code    26  stm32f10x_gpio.o(.text)
    GPIO_EventOutputCmd                      0x08001ca1   Thumb Code     6  stm32f10x_gpio.o(.text)
    GPIO_PinRemapConfig                      0x08001ca7   Thumb Code   138  stm32f10x_gpio.o(.text)
    GPIO_EXTILineConfig                      0x08001d31   Thumb Code    66  stm32f10x_gpio.o(.text)
    GPIO_ETH_MediaInterfaceConfig            0x08001d73   Thumb Code     6  stm32f10x_gpio.o(.text)
    RCC_DeInit                               0x08001da1   Thumb Code    64  stm32f10x_rcc.o(.text)
    RCC_HSEConfig                            0x08001de1   Thumb Code    70  stm32f10x_rcc.o(.text)
    RCC_GetFlagStatus                        0x08001e27   Thumb Code    56  stm32f10x_rcc.o(.text)
    RCC_WaitForHSEStartUp                    0x08001e5f   Thumb Code    56  stm32f10x_rcc.o(.text)
    RCC_AdjustHSICalibrationValue            0x08001e97   Thumb Code    20  stm32f10x_rcc.o(.text)
    RCC_HSICmd                               0x08001eab   Thumb Code     6  stm32f10x_rcc.o(.text)
    RCC_PLLConfig                            0x08001eb1   Thumb Code    24  stm32f10x_rcc.o(.text)
    RCC_PLLCmd                               0x08001ec9   Thumb Code     6  stm32f10x_rcc.o(.text)
    RCC_SYSCLKConfig                         0x08001ecf   Thumb Code    18  stm32f10x_rcc.o(.text)
    RCC_GetSYSCLKSource                      0x08001ee1   Thumb Code    10  stm32f10x_rcc.o(.text)
    RCC_HCLKConfig                           0x08001eeb   Thumb Code    18  stm32f10x_rcc.o(.text)
    RCC_PCLK1Config                          0x08001efd   Thumb Code    18  stm32f10x_rcc.o(.text)
    RCC_PCLK2Config                          0x08001f0f   Thumb Code    20  stm32f10x_rcc.o(.text)
    RCC_ITConfig                             0x08001f23   Thumb Code    26  stm32f10x_rcc.o(.text)
    RCC_USBCLKConfig                         0x08001f3d   Thumb Code     6  stm32f10x_rcc.o(.text)
    RCC_ADCCLKConfig                         0x08001f43   Thumb Code    18  stm32f10x_rcc.o(.text)
    RCC_LSEConfig                            0x08001f55   Thumb Code    44  stm32f10x_rcc.o(.text)
    RCC_LSICmd                               0x08001f81   Thumb Code     6  stm32f10x_rcc.o(.text)
    RCC_RTCCLKConfig                         0x08001f87   Thumb Code    12  stm32f10x_rcc.o(.text)
    RCC_RTCCLKCmd                            0x08001f93   Thumb Code     8  stm32f10x_rcc.o(.text)
    RCC_GetClocksFreq                        0x08001f9b   Thumb Code   192  stm32f10x_rcc.o(.text)
    RCC_AHBPeriphClockCmd                    0x0800205b   Thumb Code    26  stm32f10x_rcc.o(.text)
    RCC_APB2PeriphClockCmd                   0x08002075   Thumb Code    26  stm32f10x_rcc.o(.text)
    RCC_APB1PeriphClockCmd                   0x0800208f   Thumb Code    26  stm32f10x_rcc.o(.text)
    RCC_APB2PeriphResetCmd                   0x080020a9   Thumb Code    26  stm32f10x_rcc.o(.text)
    RCC_APB1PeriphResetCmd                   0x080020c3   Thumb Code    26  stm32f10x_rcc.o(.text)
    RCC_BackupResetCmd                       0x080020dd   Thumb Code     8  stm32f10x_rcc.o(.text)
    RCC_ClockSecuritySystemCmd               0x080020e5   Thumb Code     6  stm32f10x_rcc.o(.text)
    RCC_MCOConfig                            0x080020eb   Thumb Code     6  stm32f10x_rcc.o(.text)
    RCC_ClearFlag                            0x080020f1   Thumb Code    14  stm32f10x_rcc.o(.text)
    RCC_GetITStatus                          0x080020ff   Thumb Code    20  stm32f10x_rcc.o(.text)
    RCC_ClearITPendingBit                    0x08002113   Thumb Code     6  stm32f10x_rcc.o(.text)
    TIM_DeInit                               0x08002145   Thumb Code   424  stm32f10x_tim.o(.text)
    TIM_TimeBaseInit                         0x080022ed   Thumb Code   122  stm32f10x_tim.o(.text)
    TIM_OC1Init                              0x08002367   Thumb Code   132  stm32f10x_tim.o(.text)
    TIM_OC2Init                              0x080023eb   Thumb Code   154  stm32f10x_tim.o(.text)
    TIM_OC3Init                              0x08002485   Thumb Code   150  stm32f10x_tim.o(.text)
    TIM_OC4Init                              0x0800251b   Thumb Code   182  stm32f10x_tim.o(.text)
    TIM_SetIC4Prescaler                      0x080025d1   Thumb Code    26  stm32f10x_tim.o(.text)
    TIM_SetIC3Prescaler                      0x0800266d   Thumb Code    18  stm32f10x_tim.o(.text)
    TIM_SetIC2Prescaler                      0x080026f9   Thumb Code    26  stm32f10x_tim.o(.text)
    TIM_SetIC1Prescaler                      0x08002795   Thumb Code    18  stm32f10x_tim.o(.text)
    TIM_ICInit                               0x08002813   Thumb Code   150  stm32f10x_tim.o(.text)
    TIM_PWMIConfig                           0x080028a9   Thumb Code   124  stm32f10x_tim.o(.text)
    TIM_BDTRConfig                           0x08002925   Thumb Code    32  stm32f10x_tim.o(.text)
    TIM_TimeBaseStructInit                   0x08002945   Thumb Code    18  stm32f10x_tim.o(.text)
    TIM_OCStructInit                         0x08002957   Thumb Code    20  stm32f10x_tim.o(.text)
    TIM_ICStructInit                         0x0800296b   Thumb Code    18  stm32f10x_tim.o(.text)
    TIM_BDTRStructInit                       0x0800297d   Thumb Code    40  stm32f10x_tim.o(.text)
    TIM_Cmd                                  0x080029a5   Thumb Code    24  stm32f10x_tim.o(.text)
    TIM_CtrlPWMOutputs                       0x080029bd   Thumb Code    30  stm32f10x_tim.o(.text)
    TIM_ITConfig                             0x080029db   Thumb Code    18  stm32f10x_tim.o(.text)
    TIM_GenerateEvent                        0x080029ed   Thumb Code     4  stm32f10x_tim.o(.text)
    TIM_DMAConfig                            0x080029f1   Thumb Code    10  stm32f10x_tim.o(.text)
    TIM_DMACmd                               0x080029fb   Thumb Code    18  stm32f10x_tim.o(.text)
    TIM_InternalClockConfig                  0x08002a0d   Thumb Code    12  stm32f10x_tim.o(.text)
    TIM_SelectInputTrigger                   0x08002a19   Thumb Code    18  stm32f10x_tim.o(.text)
    TIM_ITRxExternalClockConfig              0x08002a2b   Thumb Code    24  stm32f10x_tim.o(.text)
    TIM_TIxExternalClockConfig               0x08002a43   Thumb Code    62  stm32f10x_tim.o(.text)
    TIM_ETRConfig                            0x08002a81   Thumb Code    28  stm32f10x_tim.o(.text)
    TIM_ETRClockMode1Config                  0x08002a9d   Thumb Code    54  stm32f10x_tim.o(.text)
    TIM_ETRClockMode2Config                  0x08002ad3   Thumb Code    32  stm32f10x_tim.o(.text)
    TIM_PrescalerConfig                      0x08002af3   Thumb Code     6  stm32f10x_tim.o(.text)
    TIM_CounterModeConfig                    0x08002af9   Thumb Code    18  stm32f10x_tim.o(.text)
    TIM_EncoderInterfaceConfig               0x08002b0b   Thumb Code    66  stm32f10x_tim.o(.text)
    TIM_ForcedOC1Config                      0x08002b4d   Thumb Code    18  stm32f10x_tim.o(.text)
    TIM_ForcedOC2Config                      0x08002b5f   Thumb Code    26  stm32f10x_tim.o(.text)
    TIM_ForcedOC3Config                      0x08002b79   Thumb Code    18  stm32f10x_tim.o(.text)
    TIM_ForcedOC4Config                      0x08002b8b   Thumb Code    26  stm32f10x_tim.o(.text)
    TIM_ARRPreloadConfig                     0x08002ba5   Thumb Code    24  stm32f10x_tim.o(.text)
    TIM_SelectCOM                            0x08002bbd   Thumb Code    24  stm32f10x_tim.o(.text)
    TIM_SelectCCDMA                          0x08002bd5   Thumb Code    24  stm32f10x_tim.o(.text)
    TIM_CCPreloadControl                     0x08002bed   Thumb Code    24  stm32f10x_tim.o(.text)
    TIM_OC1PreloadConfig                     0x08002c05   Thumb Code    18  stm32f10x_tim.o(.text)
    TIM_OC2PreloadConfig                     0x08002c17   Thumb Code    26  stm32f10x_tim.o(.text)
    TIM_OC3PreloadConfig                     0x08002c31   Thumb Code    18  stm32f10x_tim.o(.text)
    TIM_OC4PreloadConfig                     0x08002c43   Thumb Code    26  stm32f10x_tim.o(.text)
    TIM_OC1FastConfig                        0x08002c5d   Thumb Code    18  stm32f10x_tim.o(.text)
    TIM_OC2FastConfig                        0x08002c6f   Thumb Code    26  stm32f10x_tim.o(.text)
    TIM_OC3FastConfig                        0x08002c89   Thumb Code    18  stm32f10x_tim.o(.text)
    TIM_OC4FastConfig                        0x08002c9b   Thumb Code    26  stm32f10x_tim.o(.text)
    TIM_ClearOC1Ref                          0x08002cb5   Thumb Code    18  stm32f10x_tim.o(.text)
    TIM_ClearOC2Ref                          0x08002cc7   Thumb Code    24  stm32f10x_tim.o(.text)
    TIM_ClearOC3Ref                          0x08002cdf   Thumb Code    18  stm32f10x_tim.o(.text)
    TIM_ClearOC4Ref                          0x08002cf1   Thumb Code    24  stm32f10x_tim.o(.text)
    TIM_OC1PolarityConfig                    0x08002d09   Thumb Code    18  stm32f10x_tim.o(.text)
    TIM_OC1NPolarityConfig                   0x08002d1b   Thumb Code    18  stm32f10x_tim.o(.text)
    TIM_OC2PolarityConfig                    0x08002d2d   Thumb Code    26  stm32f10x_tim.o(.text)
    TIM_OC2NPolarityConfig                   0x08002d47   Thumb Code    26  stm32f10x_tim.o(.text)
    TIM_OC3PolarityConfig                    0x08002d61   Thumb Code    26  stm32f10x_tim.o(.text)
    TIM_OC3NPolarityConfig                   0x08002d7b   Thumb Code    26  stm32f10x_tim.o(.text)
    TIM_OC4PolarityConfig                    0x08002d95   Thumb Code    26  stm32f10x_tim.o(.text)
    TIM_CCxCmd                               0x08002daf   Thumb Code    30  stm32f10x_tim.o(.text)
    TIM_CCxNCmd                              0x08002dcd   Thumb Code    30  stm32f10x_tim.o(.text)
    TIM_SelectOCxM                           0x08002deb   Thumb Code    82  stm32f10x_tim.o(.text)
    TIM_UpdateDisableConfig                  0x08002e3d   Thumb Code    24  stm32f10x_tim.o(.text)
    TIM_UpdateRequestConfig                  0x08002e55   Thumb Code    24  stm32f10x_tim.o(.text)
    TIM_SelectHallSensor                     0x08002e6d   Thumb Code    24  stm32f10x_tim.o(.text)
    TIM_SelectOnePulseMode                   0x08002e85   Thumb Code    18  stm32f10x_tim.o(.text)
    TIM_SelectOutputTrigger                  0x08002e97   Thumb Code    18  stm32f10x_tim.o(.text)
    TIM_SelectSlaveMode                      0x08002ea9   Thumb Code    18  stm32f10x_tim.o(.text)
    TIM_SelectMasterSlaveMode                0x08002ebb   Thumb Code    18  stm32f10x_tim.o(.text)
    TIM_SetCounter                           0x08002ecd   Thumb Code     4  stm32f10x_tim.o(.text)
    TIM_SetAutoreload                        0x08002ed1   Thumb Code     4  stm32f10x_tim.o(.text)
    TIM_SetCompare1                          0x08002ed5   Thumb Code     4  stm32f10x_tim.o(.text)
    TIM_SetCompare2                          0x08002ed9   Thumb Code     4  stm32f10x_tim.o(.text)
    TIM_SetCompare3                          0x08002edd   Thumb Code     4  stm32f10x_tim.o(.text)
    TIM_SetCompare4                          0x08002ee1   Thumb Code     6  stm32f10x_tim.o(.text)
    TIM_SetClockDivision                     0x08002ee7   Thumb Code    18  stm32f10x_tim.o(.text)
    TIM_GetCapture1                          0x08002ef9   Thumb Code     6  stm32f10x_tim.o(.text)
    TIM_GetCapture2                          0x08002eff   Thumb Code     6  stm32f10x_tim.o(.text)
    TIM_GetCapture3                          0x08002f05   Thumb Code     6  stm32f10x_tim.o(.text)
    TIM_GetCapture4                          0x08002f0b   Thumb Code     8  stm32f10x_tim.o(.text)
    TIM_GetCounter                           0x08002f13   Thumb Code     6  stm32f10x_tim.o(.text)
    TIM_GetPrescaler                         0x08002f19   Thumb Code     6  stm32f10x_tim.o(.text)
    TIM_GetFlagStatus                        0x08002f1f   Thumb Code    18  stm32f10x_tim.o(.text)
    TIM_ClearFlag                            0x08002f31   Thumb Code     6  stm32f10x_tim.o(.text)
    TIM_GetITStatus                          0x08002f37   Thumb Code    34  stm32f10x_tim.o(.text)
    TIM_ClearITPendingBit                    0x08002f59   Thumb Code     6  stm32f10x_tim.o(.text)
    Reset_Handler                            0x08002f61   Thumb Code     8  startup_stm32f10x_md.o(.text)
    NMI_Handler                              0x08002f69   Thumb Code     2  startup_stm32f10x_md.o(.text)
    HardFault_Handler                        0x08002f6b   Thumb Code     2  startup_stm32f10x_md.o(.text)
    MemManage_Handler                        0x08002f6d   Thumb Code     2  startup_stm32f10x_md.o(.text)
    BusFault_Handler                         0x08002f6f   Thumb Code     2  startup_stm32f10x_md.o(.text)
    UsageFault_Handler                       0x08002f71   Thumb Code     2  startup_stm32f10x_md.o(.text)
    SVC_Handler                              0x08002f73   Thumb Code     2  startup_stm32f10x_md.o(.text)
    DebugMon_Handler                         0x08002f75   Thumb Code     2  startup_stm32f10x_md.o(.text)
    PendSV_Handler                           0x08002f77   Thumb Code     2  startup_stm32f10x_md.o(.text)
    SysTick_Handler                          0x08002f79   Thumb Code     2  startup_stm32f10x_md.o(.text)
    ADC1_2_IRQHandler                        0x08002f7b   Thumb Code     0  startup_stm32f10x_md.o(.text)
    CAN1_RX1_IRQHandler                      0x08002f7b   Thumb Code     0  startup_stm32f10x_md.o(.text)
    CAN1_SCE_IRQHandler                      0x08002f7b   Thumb Code     0  startup_stm32f10x_md.o(.text)
    DMA1_Channel1_IRQHandler                 0x08002f7b   Thumb Code     0  startup_stm32f10x_md.o(.text)
    DMA1_Channel2_IRQHandler                 0x08002f7b   Thumb Code     0  startup_stm32f10x_md.o(.text)
    DMA1_Channel3_IRQHandler                 0x08002f7b   Thumb Code     0  startup_stm32f10x_md.o(.text)
    DMA1_Channel4_IRQHandler                 0x08002f7b   Thumb Code     0  startup_stm32f10x_md.o(.text)
    DMA1_Channel5_IRQHandler                 0x08002f7b   Thumb Code     0  startup_stm32f10x_md.o(.text)
    DMA1_Channel6_IRQHandler                 0x08002f7b   Thumb Code     0  startup_stm32f10x_md.o(.text)
    DMA1_Channel7_IRQHandler                 0x08002f7b   Thumb Code     0  startup_stm32f10x_md.o(.text)
    EXTI0_IRQHandler                         0x08002f7b   Thumb Code     0  startup_stm32f10x_md.o(.text)
    EXTI15_10_IRQHandler                     0x08002f7b   Thumb Code     0  startup_stm32f10x_md.o(.text)
    EXTI1_IRQHandler                         0x08002f7b   Thumb Code     0  startup_stm32f10x_md.o(.text)
    EXTI2_IRQHandler                         0x08002f7b   Thumb Code     0  startup_stm32f10x_md.o(.text)
    EXTI3_IRQHandler                         0x08002f7b   Thumb Code     0  startup_stm32f10x_md.o(.text)
    EXTI4_IRQHandler                         0x08002f7b   Thumb Code     0  startup_stm32f10x_md.o(.text)
    EXTI9_5_IRQHandler                       0x08002f7b   Thumb Code     0  startup_stm32f10x_md.o(.text)
    FLASH_IRQHandler                         0x08002f7b   Thumb Code     0  startup_stm32f10x_md.o(.text)
    I2C1_ER_IRQHandler                       0x08002f7b   Thumb Code     0  startup_stm32f10x_md.o(.text)
    I2C1_EV_IRQHandler                       0x08002f7b   Thumb Code     0  startup_stm32f10x_md.o(.text)
    I2C2_ER_IRQHandler                       0x08002f7b   Thumb Code     0  startup_stm32f10x_md.o(.text)
    I2C2_EV_IRQHandler                       0x08002f7b   Thumb Code     0  startup_stm32f10x_md.o(.text)
    PVD_IRQHandler                           0x08002f7b   Thumb Code     0  startup_stm32f10x_md.o(.text)
    RCC_IRQHandler                           0x08002f7b   Thumb Code     0  startup_stm32f10x_md.o(.text)
    RTCAlarm_IRQHandler                      0x08002f7b   Thumb Code     0  startup_stm32f10x_md.o(.text)
    RTC_IRQHandler                           0x08002f7b   Thumb Code     0  startup_stm32f10x_md.o(.text)
    SPI1_IRQHandler                          0x08002f7b   Thumb Code     0  startup_stm32f10x_md.o(.text)
    SPI2_IRQHandler                          0x08002f7b   Thumb Code     0  startup_stm32f10x_md.o(.text)
    TAMPER_IRQHandler                        0x08002f7b   Thumb Code     0  startup_stm32f10x_md.o(.text)
    TIM1_BRK_IRQHandler                      0x08002f7b   Thumb Code     0  startup_stm32f10x_md.o(.text)
    TIM1_CC_IRQHandler                       0x08002f7b   Thumb Code     0  startup_stm32f10x_md.o(.text)
    TIM1_TRG_COM_IRQHandler                  0x08002f7b   Thumb Code     0  startup_stm32f10x_md.o(.text)
    TIM1_UP_IRQHandler                       0x08002f7b   Thumb Code     0  startup_stm32f10x_md.o(.text)
    TIM3_IRQHandler                          0x08002f7b   Thumb Code     0  startup_stm32f10x_md.o(.text)
    TIM4_IRQHandler                          0x08002f7b   Thumb Code     0  startup_stm32f10x_md.o(.text)
    USART1_IRQHandler                        0x08002f7b   Thumb Code     0  startup_stm32f10x_md.o(.text)
    USART2_IRQHandler                        0x08002f7b   Thumb Code     0  startup_stm32f10x_md.o(.text)
    USART3_IRQHandler                        0x08002f7b   Thumb Code     0  startup_stm32f10x_md.o(.text)
    USBWakeUp_IRQHandler                     0x08002f7b   Thumb Code     0  startup_stm32f10x_md.o(.text)
    USB_HP_CAN1_TX_IRQHandler                0x08002f7b   Thumb Code     0  startup_stm32f10x_md.o(.text)
    USB_LP_CAN1_RX0_IRQHandler               0x08002f7b   Thumb Code     0  startup_stm32f10x_md.o(.text)
    WWDG_IRQHandler                          0x08002f7b   Thumb Code     0  startup_stm32f10x_md.o(.text)
    SystemInit                               0x08003061   Thumb Code    78  system_stm32f10x.o(.text)
    SystemCoreClockUpdate                    0x080030af   Thumb Code   142  system_stm32f10x.o(.text)
    __aeabi_fadd                             0x08003161   Thumb Code   164  fadd.o(.text)
    __aeabi_fsub                             0x08003205   Thumb Code     6  fadd.o(.text)
    __aeabi_frsub                            0x0800320b   Thumb Code     6  fadd.o(.text)
    __aeabi_fmul                             0x08003211   Thumb Code   108  fmul.o(.text)
    __aeabi_fdiv                             0x0800327d   Thumb Code   128  fdiv.o(.text)
    __aeabi_dadd                             0x080032fd   Thumb Code   322  dadd.o(.text)
    __aeabi_dsub                             0x0800343f   Thumb Code     6  dadd.o(.text)
    __aeabi_drsub                            0x08003445   Thumb Code     6  dadd.o(.text)
    __aeabi_dmul                             0x0800344b   Thumb Code   228  dmul.o(.text)
    __aeabi_ddiv                             0x0800352f   Thumb Code   222  ddiv.o(.text)
    __aeabi_i2f                              0x0800360d   Thumb Code    18  fflti.o(.text)
    __aeabi_ui2f                             0x0800361f   Thumb Code    10  ffltui.o(.text)
    __aeabi_i2d                              0x08003629   Thumb Code    34  dflti.o(.text)
    __aeabi_f2uiz                            0x0800364b   Thumb Code    40  ffixui.o(.text)
    __aeabi_f2d                              0x08003673   Thumb Code    38  f2d.o(.text)
    __aeabi_cdcmpeq                          0x08003699   Thumb Code     0  cdcmple.o(.text)
    __aeabi_cdcmple                          0x08003699   Thumb Code    38  cdcmple.o(.text)
    __aeabi_cdrcmple                         0x080036c1   Thumb Code    38  cdrcmple.o(.text)
    __aeabi_d2f                              0x080036e9   Thumb Code    56  d2f.o(.text)
    __aeabi_cfcmpeq                          0x08003721   Thumb Code     0  cfcmple.o(.text)
    __aeabi_cfcmple                          0x08003721   Thumb Code    20  cfcmple.o(.text)
    __aeabi_cfrcmple                         0x08003735   Thumb Code    20  cfrcmple.o(.text)
    __aeabi_llsl                             0x08003749   Thumb Code    30  llshl.o(.text)
    _ll_shift_l                              0x08003749   Thumb Code     0  llshl.o(.text)
    __aeabi_lasr                             0x08003767   Thumb Code    36  llsshr.o(.text)
    _ll_sshift_r                             0x08003767   Thumb Code     0  llsshr.o(.text)
    __I$use$fp                               0x0800378b   Thumb Code     0  iusefp.o(.text)
    _float_round                             0x0800378b   Thumb Code    18  fepilogue.o(.text)
    _float_epilogue                          0x0800379d   Thumb Code    90  fepilogue.o(.text)
    _double_round                            0x080037f7   Thumb Code    26  depilogue.o(.text)
    _double_epilogue                         0x08003811   Thumb Code   164  depilogue.o(.text)
    __ARM_scalbn                             0x080038b5   Thumb Code    46  dscalb.o(.text)
    scalbn                                   0x080038b5   Thumb Code     0  dscalb.o(.text)
    __scatterload                            0x080038e5   Thumb Code    28  init.o(.text)
    __scatterload_rt2                        0x080038e5   Thumb Code     0  init.o(.text)
    __aeabi_llsr                             0x08003909   Thumb Code    32  llushr.o(.text)
    _ll_ushift_r                             0x08003909   Thumb Code     0  llushr.o(.text)
    __aeabi_ui2d                             0x08003929   Thumb Code    26  dfltui.o(.text)
    __aeabi_d2iz                             0x08003943   Thumb Code    62  dfixi.o(.text)
    __ARM_fpclassify                         0x08003981   Thumb Code    40  fpclassify.o(i.__ARM_fpclassify)
    __ieee754_rem_pio2                       0x080039a9   Thumb Code   832  rred.o(i.__ieee754_rem_pio2)
    __kernel_cos                             0x08003d31   Thumb Code   230  cos_i.o(i.__kernel_cos)
    __kernel_poly                            0x08003e2d   Thumb Code   170  poly.o(i.__kernel_poly)
    __kernel_sin                             0x08003ed9   Thumb Code   224  sin_i.o(i.__kernel_sin)
    __mathlib_dbl_underflow                  0x08003fc5   Thumb Code    10  dunder.o(i.__mathlib_dbl_underflow)
    __scatterload_copy                       0x08003fd5   Thumb Code    14  handlers.o(i.__scatterload_copy)
    __scatterload_null                       0x08003fe3   Thumb Code     2  handlers.o(i.__scatterload_null)
    __scatterload_zeroinit                   0x08003fe5   Thumb Code    14  handlers.o(i.__scatterload_zeroinit)
    __set_errno                              0x08003ff5   Thumb Code     6  errno.o(i.__set_errno)
    atan                                     0x08004001   Thumb Code   478  atan.o(i.atan)
    sin                                      0x08004225   Thumb Code   166  sin.o(i.sin)
    Region$$Table$$Base                      0x08004490   Number         0  anon$$obj.o(Region$$Table)
    Region$$Table$$Limit                     0x080044b0   Number         0  anon$$obj.o(Region$$Table)
    a                                        0x20000000   Data           4  main.o(.data)
    ACCEL_XOUT                               0x20000004   Data           4  mpu6050.o(.data)
    ACCEL_YOUT                               0x20000008   Data           4  mpu6050.o(.data)
    ACCEL_ZOUT                               0x2000000c   Data           4  mpu6050.o(.data)
    GYRO_XOUT                                0x20000010   Data           4  mpu6050.o(.data)
    GYRO_YOUT                                0x20000014   Data           4  mpu6050.o(.data)
    GYRO_ZOUT                                0x20000018   Data           4  mpu6050.o(.data)
    Q_angle                                  0x2000001c   Data           4  kalman_filter.o(.data)
    Q_gyro                                   0x20000020   Data           4  kalman_filter.o(.data)
    R_angle                                  0x20000024   Data           4  kalman_filter.o(.data)
    dt                                       0x20000028   Data           4  kalman_filter.o(.data)
    C_0                                      0x2000002c   Data           1  kalman_filter.o(.data)
    PP                                       0x20000030   Data          16  kalman_filter.o(.data)
    Accel_x                                  0x20000040   Data           4  kalman_filter.o(.data)
    Accel_y                                  0x20000044   Data           4  kalman_filter.o(.data)
    Accel_z                                  0x20000048   Data           4  kalman_filter.o(.data)
    Gyro_x                                   0x2000004c   Data           4  kalman_filter.o(.data)
    Gyro_y                                   0x20000050   Data           4  kalman_filter.o(.data)
    Gyro_z                                   0x20000054   Data           4  kalman_filter.o(.data)
    Angle_x_temp                             0x20000058   Data           4  kalman_filter.o(.data)
    Angle_y_temp                             0x2000005c   Data           4  kalman_filter.o(.data)
    Angle_X_Final                            0x20000060   Data           4  kalman_filter.o(.data)
    Angle_Y_Final                            0x20000064   Data           4  kalman_filter.o(.data)
    Angle_X                                  0x20000068   Data           4  kalman_filter.o(.data)
    Angle_Y                                  0x2000006c   Data           4  kalman_filter.o(.data)
    Angle_X_dirta                            0x20000070   Data           4  kalman_filter.o(.data)
    Angle_Y_dirta                            0x20000074   Data           4  kalman_filter.o(.data)
    Q_bias                                   0x20000078   Data           4  kalman_filter.o(.data)
    Angle_err                                0x2000007c   Data           4  kalman_filter.o(.data)
    PCt_0                                    0x20000080   Data           4  kalman_filter.o(.data)
    PCt_1                                    0x20000084   Data           4  kalman_filter.o(.data)
    E                                        0x20000088   Data           4  kalman_filter.o(.data)
    K_0                                      0x2000008c   Data           4  kalman_filter.o(.data)
    K_1                                      0x20000090   Data           4  kalman_filter.o(.data)
    t_0                                      0x20000094   Data           4  kalman_filter.o(.data)
    t_1                                      0x20000098   Data           4  kalman_filter.o(.data)
    SetPoint_x                               0x2000009c   Data           4  pid.o(.data)
    SetPoint_y                               0x200000a0   Data           4  pid.o(.data)
    Proportion_x                             0x200000a4   Data           4  pid.o(.data)
    Integral_x                               0x200000a8   Data           4  pid.o(.data)
    Derivative_x                             0x200000ac   Data           4  pid.o(.data)
    Proportion_y                             0x200000b0   Data           4  pid.o(.data)
    Integral_y                               0x200000b4   Data           4  pid.o(.data)
    Derivative_y                             0x200000b8   Data           4  pid.o(.data)
    Mode                                     0x200000bc   Data           1  control.o(.data)
    R                                        0x200000c0   Data           4  control.o(.data)
    POWER_MAX                                0x200000c4   Data           4  control.o(.data)
    A2                                       0x200000c8   Data           4  control.o(.data)
    A3                                       0x200000cc   Data           4  control.o(.data)
    B3                                       0x200000d0   Data           4  control.o(.data)
    A5                                       0x200000d4   Data           4  control.o(.data)
    PWM1                                     0x200000e8   Data           4  control.o(.data)
    PWM2                                     0x200000ec   Data           4  control.o(.data)
    SystemCoreClock                          0x20000104   Data           4  system_stm32f10x.o(.data)
    AHBPrescTable                            0x20000108   Data          16  system_stm32f10x.o(.data)
    Pdot                                     0x2000011c   Data          16  kalman_filter.o(.bss)
    __initial_sp                             0x20000530   Data           0  startup_stm32f10x_md.o(STACK)



==============================================================================

Memory Map of the image

  Image Entry point : 0x080000ed

  Load Region LR_IROM1 (Base: 0x08000000, Size: 0x000045cc, Max: 0x00010000, ABSOLUTE)

    Execution Region ER_IROM1 (Base: 0x08000000, Size: 0x000044b0, Max: 0x00010000, ABSOLUTE)

    Base Addr    Size         Type   Attr      Idx    E Section Name        Object

    0x08000000   0x000000ec   Data   RO          531    RESET               startup_stm32f10x_md.o
    0x080000ec   0x00000000   Code   RO          583  * .ARM.Collect$$$$00000000  mc_w.l(entry.o)
    0x080000ec   0x00000004   Code   RO          638    .ARM.Collect$$$$00000001  mc_w.l(entry2.o)
    0x080000f0   0x00000004   Code   RO          641    .ARM.Collect$$$$00000004  mc_w.l(entry5.o)
    0x080000f4   0x00000000   Code   RO          643    .ARM.Collect$$$$00000008  mc_w.l(entry7b.o)
    0x080000f4   0x00000000   Code   RO          645    .ARM.Collect$$$$0000000A  mc_w.l(entry8b.o)
    0x080000f4   0x00000008   Code   RO          646    .ARM.Collect$$$$0000000B  mc_w.l(entry9a.o)
    0x080000fc   0x00000000   Code   RO          648    .ARM.Collect$$$$0000000D  mc_w.l(entry10a.o)
    0x080000fc   0x00000000   Code   RO          650    .ARM.Collect$$$$0000000F  mc_w.l(entry11a.o)
    0x080000fc   0x00000004   Code   RO          639    .ARM.Collect$$$$00002712  mc_w.l(entry2.o)
    0x08000100   0x00000058   Code   RO            1    .text               main.o
    0x08000158   0x00000250   Code   RO          141    .text               pwm.o
    0x080003a8   0x0000024c   Code   RO          242    .text               iic.o
    0x080005f4   0x000000a8   Code   RO          260    .text               mpu6050.o
    0x0800069c   0x0000082c   Code   RO          278    .text               kalman_filter.o
    0x08000ec8   0x000000e8   Code   RO          297    .text               gpio_motor.o
    0x08000fb0   0x0000002c   Code   RO          312    .text               delay.o
    0x08000fdc   0x00000140   Code   RO          324    .text               pid.o
    0x0800111c   0x00000128   Code   RO          346    .text               timer.o
    0x08001244   0x00000728   Code   RO          366    .text               control.o
    0x0800196c   0x000000dc   Code   RO          384    .text               misc.o
    0x08001a48   0x00000358   Code   RO          479    .text               stm32f10x_gpio.o
    0x08001da0   0x000003a4   Code   RO          491    .text               stm32f10x_rcc.o
    0x08002144   0x00000e1a   Code   RO          505    .text               stm32f10x_tim.o
    0x08002f5e   0x00000002   PAD
    0x08002f60   0x00000024   Code   RO          532    .text               startup_stm32f10x_md.o
    0x08002f84   0x000001dc   Code   RO          547    .text               system_stm32f10x.o
    0x08003160   0x000000b0   Code   RO          586    .text               mf_w.l(fadd.o)
    0x08003210   0x0000006c   Code   RO          588    .text               mf_w.l(fmul.o)
    0x0800327c   0x00000080   Code   RO          590    .text               mf_w.l(fdiv.o)
    0x080032fc   0x0000014e   Code   RO          592    .text               mf_w.l(dadd.o)
    0x0800344a   0x000000e4   Code   RO          594    .text               mf_w.l(dmul.o)
    0x0800352e   0x000000de   Code   RO          596    .text               mf_w.l(ddiv.o)
    0x0800360c   0x00000012   Code   RO          598    .text               mf_w.l(fflti.o)
    0x0800361e   0x0000000a   Code   RO          600    .text               mf_w.l(ffltui.o)
    0x08003628   0x00000022   Code   RO          602    .text               mf_w.l(dflti.o)
    0x0800364a   0x00000028   Code   RO          604    .text               mf_w.l(ffixui.o)
    0x08003672   0x00000026   Code   RO          606    .text               mf_w.l(f2d.o)
    0x08003698   0x00000028   Code   RO          608    .text               mf_w.l(cdcmple.o)
    0x080036c0   0x00000028   Code   RO          610    .text               mf_w.l(cdrcmple.o)
    0x080036e8   0x00000038   Code   RO          612    .text               mf_w.l(d2f.o)
    0x08003720   0x00000014   Code   RO          614    .text               mf_w.l(cfcmple.o)
    0x08003734   0x00000014   Code   RO          616    .text               mf_w.l(cfrcmple.o)
    0x08003748   0x0000001e   Code   RO          652    .text               mc_w.l(llshl.o)
    0x08003766   0x00000024   Code   RO          654    .text               mc_w.l(llsshr.o)
    0x0800378a   0x00000000   Code   RO          663    .text               mc_w.l(iusefp.o)
    0x0800378a   0x0000006c   Code   RO          664    .text               mf_w.l(fepilogue.o)
    0x080037f6   0x000000be   Code   RO          666    .text               mf_w.l(depilogue.o)
    0x080038b4   0x0000002e   Code   RO          668    .text               mf_w.l(dscalb.o)
    0x080038e2   0x00000002   PAD
    0x080038e4   0x00000024   Code   RO          670    .text               mc_w.l(init.o)
    0x08003908   0x00000020   Code   RO          672    .text               mc_w.l(llushr.o)
    0x08003928   0x0000001a   Code   RO          674    .text               mf_w.l(dfltui.o)
    0x08003942   0x0000003e   Code   RO          676    .text               mf_w.l(dfixi.o)
    0x08003980   0x00000028   Code   RO          623    i.__ARM_fpclassify  m_ws.l(fpclassify.o)
    0x080039a8   0x00000388   Code   RO          627    i.__ieee754_rem_pio2  m_ws.l(rred.o)
    0x08003d30   0x000000fc   Code   RO          618    i.__kernel_cos      m_ws.l(cos_i.o)
    0x08003e2c   0x000000aa   Code   RO          625    i.__kernel_poly     m_ws.l(poly.o)
    0x08003ed6   0x00000002   PAD
    0x08003ed8   0x000000ec   Code   RO          632    i.__kernel_sin      m_ws.l(sin_i.o)
    0x08003fc4   0x00000010   Code   RO          621    i.__mathlib_dbl_underflow  m_ws.l(dunder.o)
    0x08003fd4   0x0000000e   Code   RO          680    i.__scatterload_copy  mc_w.l(handlers.o)
    0x08003fe2   0x00000002   Code   RO          681    i.__scatterload_null  mc_w.l(handlers.o)
    0x08003fe4   0x0000000e   Code   RO          682    i.__scatterload_zeroinit  mc_w.l(handlers.o)
    0x08003ff2   0x00000002   PAD
    0x08003ff4   0x0000000c   Code   RO          658    i.__set_errno       mc_w.l(errno.o)
    0x08004000   0x00000224   Code   RO          566    i.atan              m_ws.l(atan.o)
    0x08004224   0x000000b0   Code   RO          576    i.sin               m_ws.l(sin.o)
    0x080042d4   0x00000004   PAD
    0x080042d8   0x00000098   Data   RO          567    .constdata          m_ws.l(atan.o)
    0x08004370   0x00000030   Data   RO          619    .constdata          m_ws.l(cos_i.o)
    0x080043a0   0x000000c8   Data   RO          629    .constdata          m_ws.l(rred.o)
    0x08004468   0x00000028   Data   RO          633    .constdata          m_ws.l(sin_i.o)
    0x08004490   0x00000020   Data   RO          678    Region$$Table       anon$$obj.o


    Execution Region RW_IRAM1 (Base: 0x20000000, Size: 0x00000530, Max: 0x00005000, ABSOLUTE)

    Base Addr    Size         Type   Attr      Idx    E Section Name        Object

    0x20000000   0x00000004   Data   RW            2    .data               main.o
    0x20000004   0x00000018   Data   RW          261    .data               mpu6050.o
    0x2000001c   0x00000080   Data   RW          280    .data               kalman_filter.o
    0x2000009c   0x00000020   Data   RW          325    .data               pid.o
    0x200000bc   0x00000034   Data   RW          367    .data               control.o
    0x200000f0   0x00000014   Data   RW          492    .data               stm32f10x_rcc.o
    0x20000104   0x00000014   Data   RW          548    .data               system_stm32f10x.o
    0x20000118   0x00000004   Data   RW          659    .data               mc_w.l(errno.o)
    0x2000011c   0x00000010   Zero   RW          279    .bss                kalman_filter.o
    0x2000012c   0x00000004   PAD
    0x20000130   0x00000400   Zero   RW          529    STACK               startup_stm32f10x_md.o


==============================================================================

Image component sizes


      Code (inc. data)   RO Data    RW Data    ZI Data      Debug   Object Name

      1832        182          0         52          0       2943   control.o
        44          0          0          0          0        745   delay.o
       232         12          0          0          0       1042   gpio_motor.o
       588          4          0          0          0       2536   iic.o
      2092        160          0        128         16       2816   kalman_filter.o
        88         22          0          4          0     237335   main.o
       220         20          0          0          0     243073   misc.o
       168         24          0         24          0        984   mpu6050.o
       320         48          0         32          0       1424   pid.o
       592         22          0          0          0      30912   pwm.o
        36          8        236          0       1024        888   startup_stm32f10x_md.o
       856         40          0          0          0       5709   stm32f10x_gpio.o
       932         44          0         20          0       8872   stm32f10x_rcc.o
      3610         88          0          0          0      22192   stm32f10x_tim.o
       476         36          0         20          0       1971   system_stm32f10x.o
       296         38          0          0          0        973   timer.o

    ----------------------------------------------------------------------
     12384        748        268        280       1044     564415   Object Totals
         0          0         32          0          0          0   (incl. Generated)
         2          0          0          0          4          0   (incl. Padding)

    ----------------------------------------------------------------------

      Code (inc. data)   RO Data    RW Data    ZI Data      Debug   Library Member Name

       548         70        152          0          0        124   atan.o
       252         22         48          0          0        124   cos_i.o
        16          6          0          0          0         68   dunder.o
        40          0          0          0          0         68   fpclassify.o
       170          0          0          0          0         96   poly.o
       904         72        200          0          0        140   rred.o
       176         10          0          0          0        116   sin.o
       236         12         40          0          0        128   sin_i.o
         0          0          0          0          0          0   entry.o
         0          0          0          0          0          0   entry10a.o
         0          0          0          0          0          0   entry11a.o
         8          4          0          0          0          0   entry2.o
         4          0          0          0          0          0   entry5.o
         0          0          0          0          0          0   entry7b.o
         0          0          0          0          0          0   entry8b.o
         8          4          0          0          0          0   entry9a.o
        12          6          0          4          0         68   errno.o
        30          0          0          0          0          0   handlers.o
        36          8          0          0          0         68   init.o
         0          0          0          0          0          0   iusefp.o
        30          0          0          0          0         68   llshl.o
        36          0          0          0          0         68   llsshr.o
        32          0          0          0          0         68   llushr.o
        40          2          0          0          0         68   cdcmple.o
        40          2          0          0          0         68   cdrcmple.o
        20          0          0          0          0         68   cfcmple.o
        20          0          0          0          0         68   cfrcmple.o
        56          0          0          0          0         88   d2f.o
       334          0          0          0          0        148   dadd.o
       222          0          0          0          0        100   ddiv.o
       190          0          0          0          0        176   depilogue.o
        62          0          0          0          0         80   dfixi.o
        34          0          0          0          0         76   dflti.o
        26          0          0          0          0         76   dfltui.o
       228          0          0          0          0         96   dmul.o
        46          0          0          0          0         80   dscalb.o
        38          0          0          0          0         68   f2d.o
       176          0          0          0          0        140   fadd.o
       128          0          0          0          0         88   fdiv.o
       108          0          0          0          0        168   fepilogue.o
        40          0          0          0          0         68   ffixui.o
        18          0          0          0          0         68   fflti.o
        10          0          0          0          0         68   ffltui.o
       108          0          0          0          0         76   fmul.o

    ----------------------------------------------------------------------
      4492        222        440          4          0       3140   Library Totals
        10          4          0          0          0          0   (incl. Padding)

    ----------------------------------------------------------------------

      Code (inc. data)   RO Data    RW Data    ZI Data      Debug   Library Name

      2342        192        440          0          0        864   m_ws.l
       196         22          0          4          0        340   mc_w.l
      1944          4          0          0          0       1936   mf_w.l

    ----------------------------------------------------------------------
      4492        222        440          4          0       3140   Library Totals

    ----------------------------------------------------------------------

==============================================================================


      Code (inc. data)   RO Data    RW Data    ZI Data      Debug   

     16876        970        708        284       1044     564799   Grand Totals
     16876        970        708        284       1044     564799   ELF Image Totals
     16876        970        708        284          0          0   ROM Totals

==============================================================================

    Total RO  Size (Code + RO Data)                17584 (  17.17kB)
    Total RW  Size (RW Data + ZI Data)              1328 (   1.30kB)
    Total ROM Size (Code + RO Data + RW Data)      17868 (  17.45kB)

==============================================================================

