ARM Linker, 5.03 [Build 76] [MDK-ARM Standard]

==============================================================================

Section Cross References

    startup_stm32f10x_hd.o(RESET) refers to startup_stm32f10x_hd.o(STACK) for __initial_sp
    startup_stm32f10x_hd.o(RESET) refers to startup_stm32f10x_hd.o(.text) for Reset_Handler
    startup_stm32f10x_hd.o(RESET) refers to stm32f10x_it.o(.text) for NMI_Handler
    startup_stm32f10x_hd.o(RESET) refers to delay.o(.text) for SysTick_Handler
    startup_stm32f10x_hd.o(RESET) refers to timer.o(.text) for TIM1_UP_IRQHandler
    startup_stm32f10x_hd.o(RESET) refers to usart1.o(.text) for USART1_IRQHandler
    startup_stm32f10x_hd.o(.text) refers to system_stm32f10x.o(.text) for SystemInit
    startup_stm32f10x_hd.o(.text) refers to entry.o(.ARM.Collect$$$$00000000) for __main
    main.o(.text) refers to delay.o(.text) for DelayInit
    main.o(.text) refers to led.o(.text) for LED_GPIO_Config
    main.o(.text) refers to indkey.o(.text) for Key_IO_Init
    main.o(.text) refers to motor_pid.o(.text) for PID_M1_Init
    main.o(.text) refers to motor_control.o(.text) for M1TypeDef_Init
    main.o(.text) refers to motor_pwm.o(.text) for PWM_Init
    main.o(.text) refers to timer.o(.text) for TIM1_Config
    main.o(.text) refers to usart1.o(.text) for USART1_Config
    main.o(.text) refers to usart2.o(.text) for USART2_Config
    main.o(.text) refers to mpu6050.o(.text) for MPU6050_Init
    main.o(.text) refers to stm32f10x_tim.o(.text) for TIM_Cmd
    main.o(.text) refers to indkey.o(.data) for Q1_Start
    main.o(.text) refers to timer.o(.data) for CurMode
    usart1.o(.text) refers to misc.o(.text) for NVIC_PriorityGroupConfig
    usart1.o(.text) refers to stm32f10x_rcc.o(.text) for RCC_APB2PeriphClockCmd
    usart1.o(.text) refers to stm32f10x_gpio.o(.text) for GPIO_Init
    usart1.o(.text) refers to stm32f10x_usart.o(.text) for USART_Init
    delay.o(.text) refers to system_stm32f10x.o(.data) for SystemCoreClock
    delay.o(.text) refers to delay.o(.data) for TimeDelay
    timer.o(.text) refers to stm32f10x_rcc.o(.text) for RCC_APB2PeriphClockCmd
    timer.o(.text) refers to stm32f10x_tim.o(.text) for TIM_TimeBaseInit
    timer.o(.text) refers to misc.o(.text) for NVIC_Init
    timer.o(.text) refers to f2d.o(.text) for __aeabi_f2d
    timer.o(.text) refers to printfa.o(i.__0printf) for __2printf
    timer.o(.text) refers to indkey.o(.text) for KeyScan
    timer.o(.text) refers to mpu6050.o(.text) for Angle_Calculate
    timer.o(.text) refers to fdiv.o(.text) for __aeabi_fdiv
    timer.o(.text) refers to atan.o(i.atan) for atan
    timer.o(.text) refers to dmul.o(.text) for __aeabi_dmul
    timer.o(.text) refers to dadd.o(.text) for __aeabi_dsub
    timer.o(.text) refers to d2f.o(.text) for __aeabi_d2f
    timer.o(.text) refers to fadd.o(.text) for __aeabi_fadd
    timer.o(.text) refers to ddiv.o(.text) for __aeabi_ddiv
    timer.o(.text) refers to ahrs.o(.text) for Kalman_Filter1
    timer.o(.text) refers to motor_control.o(.text) for Mode_1
    timer.o(.text) refers to timer.o(.data) for LED6Cnt
    timer.o(.text) refers to ahrs.o(.bss) for EulerAngle
    timer.o(.text) refers to motor_control.o(.bss) for M1
    indkey.o(.text) refers to stm32f10x_rcc.o(.text) for RCC_APB2PeriphClockCmd
    indkey.o(.text) refers to stm32f10x_gpio.o(.text) for GPIO_Init
    indkey.o(.text) refers to f2d.o(.text) for __aeabi_f2d
    indkey.o(.text) refers to dadd.o(.text) for __aeabi_dadd
    indkey.o(.text) refers to d2f.o(.text) for __aeabi_d2f
    indkey.o(.text) refers to cdrcmple.o(.text) for __aeabi_cdrcmple
    indkey.o(.text) refers to printfa.o(i.__0sprintf) for __2sprintf
    indkey.o(.text) refers to usart2.o(.text) for GpuSend
    indkey.o(.text) refers to cdcmple.o(.text) for __aeabi_cdcmple
    indkey.o(.text) refers to indkey.o(.data) for Item
    indkey.o(.text) refers to motor_control.o(.data) for R
    indkey.o(.text) refers to usart2.o(.bss) for buf
    mpu6050.o(.text) refers to iic_analog.o(.text) for IIC_GPIO_Config
    mpu6050.o(.text) refers to fflti.o(.text) for __aeabi_i2f
    mpu6050.o(.text) refers to fdiv.o(.text) for __aeabi_fdiv
    mpu6050.o(.text) refers to f2d.o(.text) for __aeabi_f2d
    mpu6050.o(.text) refers to atan.o(i.atan) for atan
    mpu6050.o(.text) refers to dmul.o(.text) for __aeabi_dmul
    mpu6050.o(.text) refers to d2f.o(.text) for __aeabi_d2f
    mpu6050.o(.text) refers to ahrs.o(.bss) for Axis
    ahrs.o(.text) refers to fdiv.o(.text) for __aeabi_fdiv
    ahrs.o(.text) refers to sinf.o(i.sinf) for sinf
    ahrs.o(.text) refers to cosf.o(i.cosf) for cosf
    ahrs.o(.text) refers to fmul.o(.text) for __aeabi_fmul
    ahrs.o(.text) refers to fadd.o(.text) for __aeabi_fadd
    ahrs.o(.text) refers to asinf.o(i.asinf) for asinf
    ahrs.o(.text) refers to atan2f.o(i.atan2f) for atan2f
    ahrs.o(.text) refers to sqrtf.o(i.sqrtf) for sqrtf
    ahrs.o(.text) refers to cfrcmple.o(.text) for __aeabi_cfrcmple
[...]
    ../clib/microlib/string/memcpy.c         0x00000000   Number         0  memcpya.o ABSOLUTE
    ../clib/microlib/stubs.s                 0x00000000   Number         0  iusefp.o ABSOLUTE
    ../fplib/microlib/d2f.c                  0x00000000   Number         0  d2f.o ABSOLUTE
    ../fplib/microlib/f2d.c                  0x00000000   Number         0  f2d.o ABSOLUTE
    ../fplib/microlib/fpadd.c                0x00000000   Number         0  dadd.o ABSOLUTE
    ../fplib/microlib/fpadd.c                0x00000000   Number         0  fadd.o ABSOLUTE
    ../fplib/microlib/fpdiv.c                0x00000000   Number         0  fdiv.o ABSOLUTE
    ../fplib/microlib/fpdiv.c                0x00000000   Number         0  ddiv.o ABSOLUTE
    ../fplib/microlib/fpepilogue.c           0x00000000   Number         0  depilogue.o ABSOLUTE
    ../fplib/microlib/fpepilogue.c           0x00000000   Number         0  fepilogue.o ABSOLUTE
    ../fplib/microlib/fpfix.c                0x00000000   Number         0  ffixui.o ABSOLUTE
    ../fplib/microlib/fpfix.c                0x00000000   Number         0  ffixi.o ABSOLUTE
    ../fplib/microlib/fpfix.c                0x00000000   Number         0  dfixi.o ABSOLUTE
    ../fplib/microlib/fpfix.c                0x00000000   Number         0  dfixul.o ABSOLUTE
    ../fplib/microlib/fpflt.c                0x00000000   Number         0  fflti.o ABSOLUTE
    ../fplib/microlib/fpflt.c                0x00000000   Number         0  ffltui.o ABSOLUTE
    ../fplib/microlib/fpflt.c                0x00000000   Number         0  dflti.o ABSOLUTE
    ../fplib/microlib/fpflt.c                0x00000000   Number         0  dfltui.o ABSOLUTE
    ../fplib/microlib/fpmul.c                0x00000000   Number         0  fmul.o ABSOLUTE
    ../fplib/microlib/fpmul.c                0x00000000   Number         0  dmul.o ABSOLUTE
    ../fplib/microlib/fprnd.c                0x00000000   Number         0  frnd.o ABSOLUTE
    ../fplib/microlib/fpscalb.c              0x00000000   Number         0  dscalb.o ABSOLUTE
    ../fplib/microlib/fpscalb.c              0x00000000   Number         0  fscalb.o ABSOLUTE
    ../fplib/microlib/fpsqrt.c               0x00000000   Number         0  fsqrt.o ABSOLUTE
    ../mathlib/asinf.c                       0x00000000   Number         0  asinf.o ABSOLUTE
    ../mathlib/asinf.c                       0x00000000   Number         0  asinf_x.o ABSOLUTE
    ../mathlib/atan.c                        0x00000000   Number         0  atan.o ABSOLUTE
    ../mathlib/atan.c                        0x00000000   Number         0  atan_x.o ABSOLUTE
    ../mathlib/atan2f.c                      0x00000000   Number         0  atan2f.o ABSOLUTE
    ../mathlib/atan2f.c                      0x00000000   Number         0  atan2f_x.o ABSOLUTE
    ../mathlib/cos.c                         0x00000000   Number         0  cos_x.o ABSOLUTE
    ../mathlib/cos.c                         0x00000000   Number         0  cos.o ABSOLUTE
    ../mathlib/cos_i.c                       0x00000000   Number         0  cos_i.o ABSOLUTE
    ../mathlib/cosf.c                        0x00000000   Number         0  cosf_x.o ABSOLUTE
    ../mathlib/cosf.c                        0x00000000   Number         0  cosf.o ABSOLUTE
    ../mathlib/dunder.c                      0x00000000   Number         0  dunder.o ABSOLUTE
    ../mathlib/fpclassify.c                  0x00000000   Number         0  fpclassify.o ABSOLUTE
    ../mathlib/fpclassifyf.c                 0x00000000   Number         0  fpclassifyf.o ABSOLUTE
    ../mathlib/funder.c                      0x00000000   Number         0  funder.o ABSOLUTE
    ../mathlib/poly.c                        0x00000000   Number         0  poly.o ABSOLUTE
    ../mathlib/rred.c                        0x00000000   Number         0  rred.o ABSOLUTE
    ../mathlib/rredf.c                       0x00000000   Number         0  rredf.o ABSOLUTE
    ../mathlib/sin.c                         0x00000000   Number         0  sin_x.o ABSOLUTE
    ../mathlib/sin.c                         0x00000000   Number         0  sin.o ABSOLUTE
    ../mathlib/sin_i.c                       0x00000000   Number         0  sin_i_x.o ABSOLUTE
    ../mathlib/sin_i.c                       0x00000000   Number         0  sin_i.o ABSOLUTE
    ../mathlib/sinf.c                        0x00000000   Number         0  sinf_x.o ABSOLUTE
    ../mathlib/sinf.c                        0x00000000   Number         0  sinf.o ABSOLUTE
    ../mathlib/sqrtf.c                       0x00000000   Number         0  sqrtf_x.o ABSOLUTE
    ../mathlib/sqrtf.c                       0x00000000   Number         0  sqrtf.o ABSOLUTE
    CM3\\core_cm3.c                          0x00000000   Number         0  core_cm3.o ABSOLUTE
    CM3\core_cm3.c                           0x00000000   Number         0  core_cm3.o ABSOLUTE
    CM3\system_stm32f10x.c                   0x00000000   Number         0  system_stm32f10x.o ABSOLUTE
    FWlib\SRC\misc.c                         0x00000000   Number         0  misc.o ABSOLUTE
    FWlib\SRC\stm32f10x_adc.c                0x00000000   Number         0  stm32f10x_adc.o ABSOLUTE
    FWlib\SRC\stm32f10x_dma.c                0x00000000   Number         0  stm32f10x_dma.o ABSOLUTE
    FWlib\SRC\stm32f10x_exti.c               0x00000000   Number         0  stm32f10x_exti.o ABSOLUTE
    FWlib\SRC\stm32f10x_gpio.c               0x00000000   Number         0  stm32f10x_gpio.o ABSOLUTE
    FWlib\SRC\stm32f10x_i2c.c                0x00000000   Number         0  stm32f10x_i2c.o ABSOLUTE
    FWlib\SRC\stm32f10x_rcc.c                0x00000000   Number         0  stm32f10x_rcc.o ABSOLUTE
    FWlib\SRC\stm32f10x_tim.c                0x00000000   Number         0  stm32f10x_tim.o ABSOLUTE
    FWlib\SRC\stm32f10x_usart.c              0x00000000   Number         0  stm32f10x_usart.o ABSOLUTE
    Motor\Motor_Control.c                    0x00000000   Number         0  motor_control.o ABSOLUTE
    Motor\Motor_PID.c                        0x00000000   Number         0  motor_pid.o ABSOLUTE
    Motor\Motor_PWM.c                        0x00000000   Number         0  motor_pwm.o ABSOLUTE
    cdcmple.s                                0x00000000   Number         0  cdcmple.o ABSOLUTE
    cdrcmple.s                               0x00000000   Number         0  cdrcmple.o ABSOLUTE
    cfcmple.s                                0x00000000   Number         0  cfcmple.o ABSOLUTE
    cfrcmple.s                               0x00000000   Number         0  cfrcmple.o ABSOLUTE
    dc.s                                     0x00000000   Number         0  dc.o ABSOLUTE
    handlers.s                               0x00000000   Number         0  handlers.o ABSOLUTE
    init.s                                   0x00000000   Number         0  init.o ABSOLUTE
    startup\startup_stm32f10x_hd.s           0x00000000   Number         0  startup_stm32f10x_hd.o ABSOLUTE
    user\LED.c                               0x00000000   Number         0  led.o ABSOLUTE
    user\ahrs.c                              0x00000000   Number         0  ahrs.o ABSOLUTE
    user\delay.c                             0x00000000   Number         0  delay.o ABSOLUTE
    user\iic_analog.c                        0x00000000   Number         0  iic_analog.o ABSOLUTE
    user\indkey.c                            0x00000000   Number         0  indkey.o ABSOLUTE
    user\main.c                              0x00000000   Number         0  main.o ABSOLUTE
    user\mpu6050.c                           0x00000000   Number         0  mpu6050.o ABSOLUTE
    user\stm32f10x_it.c                      0x00000000   Number         0  stm32f10x_it.o ABSOLUTE
    user\timer.c                             0x00000000   Number         0  timer.o ABSOLUTE
    user\usart1.c                            0x00000000   Number         0  usart1.o ABSOLUTE
    user\usart2.c                            0x00000000   Number         0  usart2.o ABSOLUTE
    RESET                                    0x08000000   Section      304  startup_stm32f10x_hd.o(RESET)
    .ARM.Collect$$$$00000000                 0x08000130   Section        0  entry.o(.ARM.Collect$$$$00000000)
    .ARM.Collect$$$$00000001                 0x08000130   Section        4  entry2.o(.ARM.Collect$$$$00000001)
    .ARM.Collect$$$$00000004                 0x08000134   Section        4  entry5.o(.ARM.Collect$$$$00000004)
    .ARM.Collect$$$$00000008                 0x08000138   Section        0  entry7b.o(.ARM.Collect$$$$00000008)
    .ARM.Collect$$$$0000000A                 0x08000138   Section        0  entry8b.o(.ARM.Collect$$$$0000000A)
    .ARM.Collect$$$$0000000B                 0x08000138   Section        8  entry9a.o(.ARM.Collect$$$$0000000B)
    .ARM.Collect$$$$0000000D                 0x08000140   Section        0  entry10a.o(.ARM.Collect$$$$0000000D)
    .ARM.Collect$$$$0000000F                 0x08000140   Section        0  entry11a.o(.ARM.Collect$$$$0000000F)
    .ARM.Collect$$$$00002712                 0x08000140   Section        4  entry2.o(.ARM.Collect$$$$00002712)
    __lit__00000000                          0x08000140   Data           4  entry2.o(.ARM.Collect$$$$00002712)
    .text                                    0x08000144   Section       36  startup_stm32f10x_hd.o(.text)
    .text                                    0x08000168   Section        0  main.o(.text)
    .text                                    0x08000270   Section        0  usart1.o(.text)
    itoa                                     0x0800033d   Thumb Code    98  usart1.o(.text)
    .text                                    0x080004c8   Section        0  delay.o(.text)
    .text                                    0x08000594   Section        0  stm32f10x_it.o(.text)
    .text                                    0x080005ac   Section        0  misc.o(.text)
    .text                                    0x08000688   Section        0  timer.o(.text)
    .text                                    0x08000994   Section        0  indkey.o(.text)
    .text                                    0x08000ef0   Section        0  mpu6050.o(.text)
    .text                                    0x080011ac   Section        0  ahrs.o(.text)
    .text                                    0x08001f0c   Section        0  iic_analog.o(.text)
    .text                                    0x080021ec   Section        0  led.o(.text)
    .text                                    0x0800222c   Section        0  usart2.o(.text)
    itoa2                                    0x080022a9   Thumb Code    98  usart2.o(.text)
    .text                                    0x08002460   Section        0  stm32f10x_gpio.o(.text)
    .text                                    0x080027b8   Section        0  stm32f10x_rcc.o(.text)
    .text                                    0x08002b5c   Section        0  stm32f10x_usart.o(.text)
    .text                                    0x08002f64   Section        0  stm32f10x_tim.o(.text)
    TI4_Config                               0x0800340b   Thumb Code   130  stm32f10x_tim.o(.text)
    TI3_Config                               0x0800349f   Thumb Code   122  stm32f10x_tim.o(.text)
    TI2_Config                               0x08003533   Thumb Code   130  stm32f10x_tim.o(.text)
    TI1_Config                               0x080035c7   Thumb Code   108  stm32f10x_tim.o(.text)
    .text                                    0x08003d80   Section        0  system_stm32f10x.o(.text)
    SetSysClockTo72                          0x08003d81   Thumb Code   212  system_stm32f10x.o(.text)
    SetSysClock                              0x08003e55   Thumb Code     8  system_stm32f10x.o(.text)
    .text                                    0x08003f5c   Section        0  motor_control.o(.text)
    .text                                    0x080047c8   Section        0  motor_pwm.o(.text)
    .text                                    0x08004a58   Section        0  motor_pid.o(.text)
    .text                                    0x08004c8c   Section        0  memcpya.o(.text)
    .text                                    0x08004cb0   Section        0  fadd.o(.text)
    .text                                    0x08004d60   Section        0  fmul.o(.text)
    .text                                    0x08004dcc   Section        0  fdiv.o(.text)
    .text                                    0x08004e4c   Section        0  dadd.o(.text)
    .text                                    0x08004f9a   Section        0  dmul.o(.text)
    .text                                    0x0800507e   Section        0  ddiv.o(.text)
    .text                                    0x0800515c   Section        0  fflti.o(.text)
    .text                                    0x0800516e   Section        0  ffltui.o(.text)
    .text                                    0x08005178   Section        0  dflti.o(.text)
    .text                                    0x0800519a   Section        0  ffixi.o(.text)
    .text                                    0x080051cc   Section        0  ffixui.o(.text)
    .text                                    0x080051f4   Section        0  dfixi.o(.text)
    .text                                    0x08005232   Section        0  f2d.o(.text)
    .text                                    0x08005258   Section       40  cdcmple.o(.text)
    .text                                    0x08005280   Section       40  cdrcmple.o(.text)
    .text                                    0x080052a8   Section        0  d2f.o(.text)
    .text                                    0x080052e0   Section       20  cfcmple.o(.text)
    .text                                    0x080052f4   Section       20  cfrcmple.o(.text)
    .text                                    0x08005308   Section        0  uidiv.o(.text)
    .text                                    0x08005334   Section        0  uldiv.o(.text)
    .text                                    0x08005396   Section        0  llshl.o(.text)
    .text                                    0x080053b4   Section        0  llushr.o(.text)
    .text                                    0x080053d4   Section        0  llsshr.o(.text)
    .text                                    0x080053f8   Section        0  iusefp.o(.text)
    .text                                    0x080053f8   Section        0  fepilogue.o(.text)
    .text                                    0x08005464   Section        0  fscalb.o(.text)
    .text                                    0x0800547c   Section        0  fsqrt.o(.text)
    .text                                    0x080054da   Section        0  frnd.o(.text)
    .text                                    0x08005516   Section        0  depilogue.o(.text)
    .text                                    0x080055d4   Section        0  dscalb.o(.text)
    .text                                    0x08005602   Section        0  dfixul.o(.text)
    .text                                    0x08005634   Section       36  init.o(.text)
    .text                                    0x08005658   Section        0  dfltui.o(.text)
    i.__0printf                              0x08005674   Section        0  printfa.o(i.__0printf)
    i.__0sprintf                             0x08005694   Section        0  printfa.o(i.__0sprintf)
    i.__ARM_fpclassify                       0x080056bc   Section        0  fpclassify.o(i.__ARM_fpclassify)
    i.__ARM_fpclassifyf                      0x080056e4   Section        0  fpclassifyf.o(i.__ARM_fpclassifyf)
    i.__ieee754_rem_pio2                     0x0800570c   Section        0  rred.o(i.__ieee754_rem_pio2)
    i.__kernel_cos                           0x08005a94   Section        0  cos_i.o(i.__kernel_cos)
    i.__kernel_poly                          0x08005b90   Section        0  poly.o(i.__kernel_poly)
    i.__kernel_sin                           0x08005c3c   Section        0  sin_i.o(i.__kernel_sin)
    i.__mathlib_dbl_underflow                0x08005d28   Section        0  dunder.o(i.__mathlib_dbl_underflow)
    i.__mathlib_flt_underflow                0x08005d38   Section        0  funder.o(i.__mathlib_flt_underflow)
    i.__mathlib_rredf2                       0x08005d44   Section        0  rredf.o(i.__mathlib_rredf2)
    i.__scatterload_copy                     0x08005e9c   Section       14  handlers.o(i.__scatterload_copy)
    i.__scatterload_null                     0x08005eaa   Section        2  handlers.o(i.__scatterload_null)
    i.__scatterload_zeroinit                 0x08005eac   Section       14  handlers.o(i.__scatterload_zeroinit)
    i.__set_errno                            0x08005ebc   Section        0  errno.o(i.__set_errno)
    i._fp_digits                             0x08005ec8   Section        0  printfa.o(i._fp_digits)
    _fp_digits                               0x08005ec9   Thumb Code   326  printfa.o(i._fp_digits)
    i._printf_core                           0x08006024   Section        0  printfa.o(i._printf_core)
    _printf_core                             0x08006025   Thumb Code  1762  printfa.o(i._printf_core)
    i._printf_post_padding                   0x08006714   Section        0  printfa.o(i._printf_post_padding)
    _printf_post_padding                     0x08006715   Thumb Code    38  printfa.o(i._printf_post_padding)
    i._printf_pre_padding                    0x0800673a   Section        0  printfa.o(i._printf_pre_padding)
    _printf_pre_padding                      0x0800673b   Thumb Code    48  printfa.o(i._printf_pre_padding)
    i._sputc                                 0x0800676a   Section        0  printfa.o(i._sputc)
    _sputc                                   0x0800676b   Thumb Code    10  printfa.o(i._sputc)
    i.asinf                                  0x08006774   Section        0  asinf.o(i.asinf)
    i.atan                                   0x0800689c   Section        0  atan.o(i.atan)
    i.atan2f                                 0x08006ac0   Section        0  atan2f.o(i.atan2f)
    i.cos                                    0x08006d14   Section        0  cos.o(i.cos)
    i.cosf                                   0x08006dc0   Section        0  cosf.o(i.cosf)
    i.sin                                    0x08006f40   Section        0  sin.o(i.sin)
    i.sinf                                   0x08006ff0   Section        0  sinf.o(i.sinf)
    i.sqrtf                                  0x0800717c   Section        0  sqrtf.o(i.sqrtf)
    .constdata                               0x080071a8   Section       84  usart2.o(.constdata)
    .constdata                               0x080071fc   Section       76  motor_control.o(.constdata)
    .constdata                               0x08007248   Section      152  atan.o(.constdata)
    atanhi                                   0x08007248   Data          32  atan.o(.constdata)
    atanlo                                   0x08007268   Data          32  atan.o(.constdata)
    aTodd                                    0x08007288   Data          40  atan.o(.constdata)
    aTeven                                   0x080072b0   Data          48  atan.o(.constdata)
    .constdata                               0x080072e0   Section       48  cos_i.o(.constdata)
    C                                        0x080072e0   Data          48  cos_i.o(.constdata)
    .constdata                               0x08007310   Section      200  rred.o(.constdata)
    pio2s                                    0x08007310   Data          48  rred.o(.constdata)
    twooverpi                                0x08007340   Data         152  rred.o(.constdata)
    .constdata                               0x080073d8   Section       32  rredf.o(.constdata)
    twooverpi                                0x080073d8   Data          32  rredf.o(.constdata)
    .constdata                               0x080073f8   Section       40  sin_i.o(.constdata)
    S                                        0x080073f8   Data          40  sin_i.o(.constdata)
    .data                                    0x20000000   Section        4  delay.o(.data)
    .data                                    0x20000004   Section       12  timer.o(.data)
    LED6Cnt                                  0x20000004   Data           2  timer.o(.data)
    pitch_sum                                0x20000008   Data           4  timer.o(.data)
    roll_sum                                 0x2000000c   Data           4  timer.o(.data)
    .data                                    0x20000010   Section        8  indkey.o(.data)
    .data                                    0x20000018   Section      192  ahrs.o(.data)
    AngZ_Temp                                0x20000028   Data           4  ahrs.o(.data)
    exInt                                    0x2000002c   Data           4  ahrs.o(.data)
    eyInt                                    0x20000030   Data           4  ahrs.o(.data)
    ezInt                                    0x20000034   Data           4  ahrs.o(.data)
    Gyro_y                                   0x20000038   Data           4  ahrs.o(.data)
    angle                                    0x2000003c   Data           4  ahrs.o(.data)
    Q_bias                                   0x20000040   Data           4  ahrs.o(.data)
    angle_err                                0x20000044   Data           4  ahrs.o(.data)
    Q_angle                                  0x20000048   Data           4  ahrs.o(.data)
    Q_gyro                                   0x2000004c   Data           4  ahrs.o(.data)
    R_angle                                  0x20000050   Data           4  ahrs.o(.data)
    dt                                       0x20000054   Data           4  ahrs.o(.data)
    C_0                                      0x20000058   Data           1  ahrs.o(.data)
    PCt_0                                    0x2000005c   Data           4  ahrs.o(.data)
    PCt_1                                    0x20000060   Data           4  ahrs.o(.data)
    E                                        0x20000064   Data           4  ahrs.o(.data)
    K_0                                      0x20000068   Data           4  ahrs.o(.data)
    K_1                                      0x2000006c   Data           4  ahrs.o(.data)
    t_0                                      0x20000070   Data           4  ahrs.o(.data)
    t_1                                      0x20000074   Data           4  ahrs.o(.data)
    PP                                       0x20000078   Data          16  ahrs.o(.data)
    Gyro_y                                   0x20000088   Data           4  ahrs.o(.data)
    angle                                    0x2000008c   Data           4  ahrs.o(.data)
    Q_bias                                   0x20000090   Data           4  ahrs.o(.data)
    angle_err                                0x20000094   Data           4  ahrs.o(.data)
    Q_angle                                  0x20000098   Data           4  ahrs.o(.data)
    Q_gyro                                   0x2000009c   Data           4  ahrs.o(.data)
    R_angle                                  0x200000a0   Data           4  ahrs.o(.data)
    dt                                       0x200000a4   Data           4  ahrs.o(.data)
    C_0                                      0x200000a8   Data           1  ahrs.o(.data)
    PCt_0                                    0x200000ac   Data           4  ahrs.o(.data)
    PCt_1                                    0x200000b0   Data           4  ahrs.o(.data)
    E                                        0x200000b4   Data           4  ahrs.o(.data)
    K_0                                      0x200000b8   Data           4  ahrs.o(.data)
    K_1                                      0x200000bc   Data           4  ahrs.o(.data)
    t_0                                      0x200000c0   Data           4  ahrs.o(.data)
    t_1                                      0x200000c4   Data           4  ahrs.o(.data)
    PP                                       0x200000c8   Data          16  ahrs.o(.data)
    .data                                    0x200000d8   Section       20  stm32f10x_rcc.o(.data)
    APBAHBPrescTable                         0x200000d8   Data          16  stm32f10x_rcc.o(.data)
    ADCPrescTable                            0x200000e8   Data           4  stm32f10x_rcc.o(.data)
    .data                                    0x200000ec   Section       20  system_stm32f10x.o(.data)
    .data                                    0x20000100   Section       28  motor_control.o(.data)
    MoveTimeCnt                              0x2000010c   Data           4  motor_control.o(.data)
    MoveTimeCnt                              0x20000110   Data           4  motor_control.o(.data)
    MoveTimeCnt                              0x20000114   Data           4  motor_control.o(.data)
    MoveTimeCnt                              0x20000118   Data           4  motor_control.o(.data)
    .data                                    0x2000011c   Section        4  stdout.o(.data)
    .data                                    0x20000120   Section        4  errno.o(.data)
    _errno                                   0x20000120   Data           4  errno.o(.data)
    .bss                                     0x20000124   Section       68  ahrs.o(.bss)
    Pdot                                     0x20000130   Data          16  ahrs.o(.bss)
    Pdot                                     0x20000140   Data          16  ahrs.o(.bss)
    .bss                                     0x20000168   Section      512  usart2.o(.bss)
    .bss                                     0x20000368   Section      128  motor_control.o(.bss)
    .bss                                     0x200003e8   Section       80  motor_pid.o(.bss)
    STACK                                    0x20000438   Section    62464  startup_stm32f10x_hd.o(STACK)

    Global Symbols

    Symbol Name                              Value     Ov Type        Size  Object(Section)

    BuildAttributes$$THM_ISAv4$P$D$K$B$S$PE$A:L22UL41UL21$X:L11$S22US41US21$IEEE1$IW$USESV6$~STKCKD$USESV7$~SHL$OTIME$ROPI$IEEEX$EBA8$MICROLIB$REQ8$PRES8$EABIv2 0x00000000   Number         0  anon$$obj.o ABSOLUTE
    __ARM_use_no_argv                        0x00000000   Number         0  main.o ABSOLUTE
    _printf_a                                0x00000000   Number         0  stubs.o ABSOLUTE
    _printf_c                                0x00000000   Number         0  stubs.o ABSOLUTE
    _printf_charcount                        0x00000000   Number         0  stubs.o ABSOLUTE
    _printf_d                                0x00000000   Number         0  stubs.o ABSOLUTE
    _printf_e                                0x00000000   Number         0  stubs.o ABSOLUTE
    _printf_f                                0x00000000   Number         0  stubs.o ABSOLUTE
    _printf_flags                            0x00000000   Number         0  stubs.o ABSOLUTE
    _printf_fp_dec                           0x00000000   Number         0  stubs.o ABSOLUTE
    _printf_fp_hex                           0x00000000   Number         0  stubs.o ABSOLUTE
    _printf_g                                0x00000000   Number         0  stubs.o ABSOLUTE
    _printf_i                                0x00000000   Number         0  stubs.o ABSOLUTE
    _printf_int_dec                          0x00000000   Number         0  stubs.o ABSOLUTE
    _printf_l                                0x00000000   Number         0  stubs.o ABSOLUTE
    _printf_lc                               0x00000000   Number         0  stubs.o ABSOLUTE
    _printf_ll                               0x00000000   Number         0  stubs.o ABSOLUTE
    _printf_lld                              0x00000000   Number         0  stubs.o ABSOLUTE
    _printf_lli                              0x00000000   Number         0  stubs.o ABSOLUTE
    _printf_llo                              0x00000000   Number         0  stubs.o ABSOLUTE
    _printf_llu                              0x00000000   Number         0  stubs.o ABSOLUTE
    _printf_llx                              0x00000000   Number         0  stubs.o ABSOLUTE
    _printf_longlong_dec                     0x00000000   Number         0  stubs.o ABSOLUTE
    _printf_longlong_hex                     0x00000000   Number         0  stubs.o ABSOLUTE
    _printf_longlong_oct                     0x00000000   Number         0  stubs.o ABSOLUTE
    _printf_ls                               0x00000000   Number         0  stubs.o ABSOLUTE
    _printf_mbtowc                           0x00000000   Number         0  stubs.o ABSOLUTE
    _printf_n                                0x00000000   Number         0  stubs.o ABSOLUTE
    _printf_o                                0x00000000   Number         0  stubs.o ABSOLUTE
    _printf_p                                0x00000000   Number         0  stubs.o ABSOLUTE
    _printf_percent                          0x00000000   Number         0  stubs.o ABSOLUTE
    _printf_pre_padding                      0x00000000   Number         0  stubs.o ABSOLUTE
    _printf_return_value                     0x00000000   Number         0  stubs.o ABSOLUTE
    _printf_s                                0x00000000   Number         0  stubs.o ABSOLUTE
    _printf_sizespec                         0x00000000   Number         0  stubs.o ABSOLUTE
    _printf_str                              0x00000000   Number         0  stubs.o ABSOLUTE
    _printf_truncate_signed                  0x00000000   Number         0  stubs.o ABSOLUTE
    _printf_truncate_unsigned                0x00000000   Number         0  stubs.o ABSOLUTE
    _printf_u                                0x00000000   Number         0  stubs.o ABSOLUTE
    _printf_wc                               0x00000000   Number         0  stubs.o ABSOLUTE
    _printf_wctomb                           0x00000000   Number         0  stubs.o ABSOLUTE
    _printf_widthprec                        0x00000000   Number         0  stubs.o ABSOLUTE
    _printf_x                                0x00000000   Number         0  stubs.o ABSOLUTE
    __cpp_initialize__aeabi_                  - Undefined Weak Reference
    __cxa_finalize                            - Undefined Weak Reference
    __decompress                              - Undefined Weak Reference
    _clock_init                               - Undefined Weak Reference
    _microlib_exit                            - Undefined Weak Reference
    __Vectors_Size                           0x00000130   Number         0  startup_stm32f10x_hd.o ABSOLUTE
    __Vectors                                0x08000000   Data           4  startup_stm32f10x_hd.o(RESET)
    __Vectors_End                            0x08000130   Data           0  startup_stm32f10x_hd.o(RESET)
    __main                                   0x08000131   Thumb Code     0  entry.o(.ARM.Collect$$$$00000000)
    _main_stk                                0x08000131   Thumb Code     0  entry2.o(.ARM.Collect$$$$00000001)
    _main_scatterload                        0x08000135   Thumb Code     0  entry5.o(.ARM.Collect$$$$00000004)
    __main_after_scatterload                 0x08000139   Thumb Code     0  entry5.o(.ARM.Collect$$$$00000004)
    _main_clock                              0x08000139   Thumb Code     0  entry7b.o(.ARM.Collect$$$$00000008)
    _main_cpp_init                           0x08000139   Thumb Code     0  entry8b.o(.ARM.Collect$$$$0000000A)
    _main_init                               0x08000139   Thumb Code     0  entry9a.o(.ARM.Collect$$$$0000000B)
    __rt_final_cpp                           0x08000141   Thumb Code     0  entry10a.o(.ARM.Collect$$$$0000000D)
    __rt_final_exit                          0x08000141   Thumb Code     0  entry11a.o(.ARM.Collect$$$$0000000F)
    Reset_Handler                            0x08000145   Thumb Code     8  startup_stm32f10x_hd.o(.text)
    ADC1_2_IRQHandler                        0x0800015f   Thumb Code     0  startup_stm32f10x_hd.o(.text)
    ADC3_IRQHandler                          0x0800015f   Thumb Code     0  startup_stm32f10x_hd.o(.text)
    CAN1_RX1_IRQHandler                      0x0800015f   Thumb Code     0  startup_stm32f10x_hd.o(.text)
    CAN1_SCE_IRQHandler                      0x0800015f   Thumb Code     0  startup_stm32f10x_hd.o(.text)
    DMA1_Channel1_IRQHandler                 0x0800015f   Thumb Code     0  startup_stm32f10x_hd.o(.text)
    DMA1_Channel2_IRQHandler                 0x0800015f   Thumb Code     0  startup_stm32f10x_hd.o(.text)
    DMA1_Channel3_IRQHandler                 0x0800015f   Thumb Code     0  startup_stm32f10x_hd.o(.text)
    DMA1_Channel4_IRQHandler                 0x0800015f   Thumb Code     0  startup_stm32f10x_hd.o(.text)
    DMA1_Channel5_IRQHandler                 0x0800015f   Thumb Code     0  startup_stm32f10x_hd.o(.text)
    DMA1_Channel6_IRQHandler                 0x0800015f   Thumb Code     0  startup_stm32f10x_hd.o(.text)
    DMA1_Channel7_IRQHandler                 0x0800015f   Thumb Code     0  startup_stm32f10x_hd.o(.text)
    DMA2_Channel1_IRQHandler                 0x0800015f   Thumb Code     0  startup_stm32f10x_hd.o(.text)
    DMA2_Channel2_IRQHandler                 0x0800015f   Thumb Code     0  startup_stm32f10x_hd.o(.text)
    DMA2_Channel3_IRQHandler                 0x0800015f   Thumb Code     0  startup_stm32f10x_hd.o(.text)
    DMA2_Channel4_5_IRQHandler               0x0800015f   Thumb Code     0  startup_stm32f10x_hd.o(.text)
    EXTI0_IRQHandler                         0x0800015f   Thumb Code     0  startup_stm32f10x_hd.o(.text)
    EXTI15_10_IRQHandler                     0x0800015f   Thumb Code     0  startup_stm32f10x_hd.o(.text)
    EXTI1_IRQHandler                         0x0800015f   Thumb Code     0  startup_stm32f10x_hd.o(.text)
    EXTI2_IRQHandler                         0x0800015f   Thumb Code     0  startup_stm32f10x_hd.o(.text)
    EXTI3_IRQHandler                         0x0800015f   Thumb Code     0  startup_stm32f10x_hd.o(.text)
    EXTI4_IRQHandler                         0x0800015f   Thumb Code     0  startup_stm32f10x_hd.o(.text)
    EXTI9_5_IRQHandler                       0x0800015f   Thumb Code     0  startup_stm32f10x_hd.o(.text)
    FLASH_IRQHandler                         0x0800015f   Thumb Code     0  startup_stm32f10x_hd.o(.text)
    FSMC_IRQHandler                          0x0800015f   Thumb Code     0  startup_stm32f10x_hd.o(.text)
    I2C1_ER_IRQHandler                       0x0800015f   Thumb Code     0  startup_stm32f10x_hd.o(.text)
    I2C1_EV_IRQHandler                       0x0800015f   Thumb Code     0  startup_stm32f10x_hd.o(.text)
    I2C2_ER_IRQHandler                       0x0800015f   Thumb Code     0  startup_stm32f10x_hd.o(.text)
    I2C2_EV_IRQHandler                       0x0800015f   Thumb Code     0  startup_stm32f10x_hd.o(.text)
    PVD_IRQHandler                           0x0800015f   Thumb Code     0  startup_stm32f10x_hd.o(.text)
    RCC_IRQHandler                           0x0800015f   Thumb Code     0  startup_stm32f10x_hd.o(.text)
    RTCAlarm_IRQHandler                      0x0800015f   Thumb Code     0  startup_stm32f10x_hd.o(.text)
    RTC_IRQHandler                           0x0800015f   Thumb Code     0  startup_stm32f10x_hd.o(.text)
    SDIO_IRQHandler                          0x0800015f   Thumb Code     0  startup_stm32f10x_hd.o(.text)
    SPI1_IRQHandler                          0x0800015f   Thumb Code     0  startup_stm32f10x_hd.o(.text)
    SPI2_IRQHandler                          0x0800015f   Thumb Code     0  startup_stm32f10x_hd.o(.text)
    SPI3_IRQHandler                          0x0800015f   Thumb Code     0  startup_stm32f10x_hd.o(.text)
    TAMPER_IRQHandler                        0x0800015f   Thumb Code     0  startup_stm32f10x_hd.o(.text)
    TIM1_BRK_IRQHandler                      0x0800015f   Thumb Code     0  startup_stm32f10x_hd.o(.text)
    TIM1_CC_IRQHandler                       0x0800015f   Thumb Code     0  startup_stm32f10x_hd.o(.text)
    TIM1_TRG_COM_IRQHandler                  0x0800015f   Thumb Code     0  startup_stm32f10x_hd.o(.text)
    TIM2_IRQHandler                          0x0800015f   Thumb Code     0  startup_stm32f10x_hd.o(.text)
    TIM3_IRQHandler                          0x0800015f   Thumb Code     0  startup_stm32f10x_hd.o(.text)
    TIM4_IRQHandler                          0x0800015f   Thumb Code     0  startup_stm32f10x_hd.o(.text)
    TIM6_IRQHandler                          0x0800015f   Thumb Code     0  startup_stm32f10x_hd.o(.text)
    TIM7_IRQHandler                          0x0800015f   Thumb Code     0  startup_stm32f10x_hd.o(.text)
    TIM8_BRK_IRQHandler                      0x0800015f   Thumb Code     0  startup_stm32f10x_hd.o(.text)
    TIM8_CC_IRQHandler                       0x0800015f   Thumb Code     0  startup_stm32f10x_hd.o(.text)
    TIM8_TRG_COM_IRQHandler                  0x0800015f   Thumb Code     0  startup_stm32f10x_hd.o(.text)
    TIM8_UP_IRQHandler                       0x0800015f   Thumb Code     0  startup_stm32f10x_hd.o(.text)
    UART4_IRQHandler                         0x0800015f   Thumb Code     0  startup_stm32f10x_hd.o(.text)
    UART5_IRQHandler                         0x0800015f   Thumb Code     0  startup_stm32f10x_hd.o(.text)
    USART2_IRQHandler                        0x0800015f   Thumb Code     0  startup_stm32f10x_hd.o(.text)
    USART3_IRQHandler                        0x0800015f   Thumb Code     0  startup_stm32f10x_hd.o(.text)
    USBWakeUp_IRQHandler                     0x0800015f   Thumb Code     0  startup_stm32f10x_hd.o(.text)
    USB_HP_CAN1_TX_IRQHandler                0x0800015f   Thumb Code     0  startup_stm32f10x_hd.o(.text)
    USB_LP_CAN1_RX0_IRQHandler               0x0800015f   Thumb Code     0  startup_stm32f10x_hd.o(.text)
    WWDG_IRQHandler                          0x0800015f   Thumb Code     0  startup_stm32f10x_hd.o(.text)
    BSP_Init                                 0x08000169   Thumb Code    96  main.o(.text)
    main                                     0x080001c9   Thumb Code   108  main.o(.text)
    NVIC_Config                              0x08000271   Thumb Code    42  usart1.o(.text)
    USART1_Config                            0x0800029b   Thumb Code   130  usart1.o(.text)
    fputc                                    0x0800031d   Thumb Code    32  usart1.o(.text)
    USART1_printf                            0x0800039f   Thumb Code   262  usart1.o(.text)
    USART1_IRQHandler                        0x080004a5   Thumb Code    28  usart1.o(.text)
    DelayInit                                0x080004c9   Thumb Code   106  delay.o(.text)
    delayus                                  0x08000533   Thumb Code    32  delay.o(.text)
    delayms                                  0x08000553   Thumb Code    18  delay.o(.text)
    SysTick_Handler                          0x08000565   Thumb Code    18  delay.o(.text)
    Software_Delay                           0x08000577   Thumb Code    10  delay.o(.text)
    NMI_Handler                              0x08000595   Thumb Code     2  stm32f10x_it.o(.text)
    HardFault_Handler                        0x08000597   Thumb Code     4  stm32f10x_it.o(.text)
    MemManage_Handler                        0x0800059b   Thumb Code     4  stm32f10x_it.o(.text)
    BusFault_Handler                         0x0800059f   Thumb Code     4  stm32f10x_it.o(.text)
    UsageFault_Handler                       0x080005a3   Thumb Code     4  stm32f10x_it.o(.text)
    SVC_Handler                              0x080005a7   Thumb Code     2  stm32f10x_it.o(.text)
    DebugMon_Handler                         0x080005a9   Thumb Code     2  stm32f10x_it.o(.text)
    PendSV_Handler                           0x080005ab   Thumb Code     2  stm32f10x_it.o(.text)
    NVIC_PriorityGroupConfig                 0x080005ad   Thumb Code    10  misc.o(.text)
    NVIC_Init                                0x080005b7   Thumb Code   102  misc.o(.text)
    NVIC_SetVectorTable                      0x0800061d   Thumb Code    14  misc.o(.text)
    NVIC_SystemLPConfig                      0x0800062b   Thumb Code    34  misc.o(.text)
    SysTick_CLKSourceConfig                  0x0800064d   Thumb Code    40  misc.o(.text)
    TIM1_Config                              0x08000689   Thumb Code    92  timer.o(.text)
    TIM5_Config                              0x080006e5   Thumb Code    92  timer.o(.text)
    TIM1_UP_IRQHandler                       0x08000741   Thumb Code    82  timer.o(.text)
    TIM5_IRQHandler                          0x08000793   Thumb Code   428  timer.o(.text)
    Key_IO_Init                              0x08000995   Thumb Code    32  indkey.o(.text)
    KeyScan                                  0x080009b5   Thumb Code  1306  indkey.o(.text)
    MPU6050_Init                             0x08000ef1   Thumb Code    66  mpu6050.o(.text)
    getAccX                                  0x08000f33   Thumb Code    56  mpu6050.o(.text)
    getAccY                                  0x08000f6b   Thumb Code    56  mpu6050.o(.text)
    getAccZ                                  0x08000fa3   Thumb Code    56  mpu6050.o(.text)
    getGyroX                                 0x08000fdb   Thumb Code    54  mpu6050.o(.text)
    getGyroY                                 0x08001011   Thumb Code    54  mpu6050.o(.text)
    getGyroZ                                 0x08001047   Thumb Code    54  mpu6050.o(.text)
    getFuYangAngle                           0x0800107d   Thumb Code    64  mpu6050.o(.text)
    getHengGunAngle                          0x080010bd   Thumb Code    64  mpu6050.o(.text)
    getHangXiangAngle                        0x080010fd   Thumb Code    64  mpu6050.o(.text)
    getTemperature                           0x0800113d   Thumb Code    38  mpu6050.o(.text)
    Angle_Calculate                          0x08001163   Thumb Code    52  mpu6050.o(.text)
    Euler_ToQuaternion                       0x080011ad   Thumb Code   276  ahrs.o(.text)
    Quaternion_ToEuler                       0x080012c1   Thumb Code   290  ahrs.o(.text)
    Quaternion_Normalize                     0x080013e3   Thumb Code   134  ahrs.o(.text)
    Quaternion_Multiply                      0x08001469   Thumb Code   294  ahrs.o(.text)
    RungeKutta                               0x0800158f   Thumb Code   278  ahrs.o(.text)
    AHRS_Init                                0x080016a5   Thumb Code    22  ahrs.o(.text)
    AHRS_Update                              0x080016bb   Thumb Code   766  ahrs.o(.text)
    Kalman_Filter1                           0x080019b9   Thumb Code   672  ahrs.o(.text)
    Kalman_Filter2                           0x08001c59   Thumb Code   562  ahrs.o(.text)
    IIC_GPIO_Config                          0x08001f0d   Thumb Code    88  iic_analog.o(.text)
    IIC_Delay                                0x08001f65   Thumb Code    16  iic_analog.o(.text)
    IIC_Start                                0x08001f75   Thumb Code    88  iic_analog.o(.text)
    IIC_Stop                                 0x08001fcd   Thumb Code    40  iic_analog.o(.text)
    IIC_SendNACK                             0x08001ff5   Thumb Code    40  iic_analog.o(.text)
    IIC_SendACK                              0x0800201d   Thumb Code    40  iic_analog.o(.text)
    IIC_SendByte                             0x08002045   Thumb Code   140  iic_analog.o(.text)
    IIC_RecvByte                             0x080020d1   Thumb Code    82  iic_analog.o(.text)
    IIC_WriteData                            0x08002123   Thumb Code    36  iic_analog.o(.text)
    IIC_ReadData                             0x08002147   Thumb Code    52  iic_analog.o(.text)
    IIC_GPIO_Filter                          0x0800217b   Thumb Code    86  iic_analog.o(.text)
    LED_GPIO_Config                          0x080021ed   Thumb Code    58  led.o(.text)
    USART2_Config                            0x0800222d   Thumb Code   124  usart2.o(.text)
    USART2_printf                            0x0800230b   Thumb Code   262  usart2.o(.text)
    GpuSend                                  0x08002411   Thumb Code    44  usart2.o(.text)
    Display_Title                            0x0800243d   Thumb Code    18  usart2.o(.text)
    GPIO_DeInit                              0x08002461   Thumb Code   172  stm32f10x_gpio.o(.text)
    GPIO_AFIODeInit                          0x0800250d   Thumb Code    20  stm32f10x_gpio.o(.text)
    GPIO_Init                                0x08002521   Thumb Code   274  stm32f10x_gpio.o(.text)
    GPIO_StructInit                          0x08002633   Thumb Code    16  stm32f10x_gpio.o(.text)
    GPIO_ReadInputDataBit                    0x08002643   Thumb Code    18  stm32f10x_gpio.o(.text)
    GPIO_ReadInputData                       0x08002655   Thumb Code     8  stm32f10x_gpio.o(.text)
    GPIO_ReadOutputDataBit                   0x0800265d   Thumb Code    18  stm32f10x_gpio.o(.text)
    GPIO_ReadOutputData                      0x0800266f   Thumb Code     8  stm32f10x_gpio.o(.text)
    GPIO_SetBits                             0x08002677   Thumb Code     4  stm32f10x_gpio.o(.text)
    GPIO_ResetBits                           0x0800267b   Thumb Code     4  stm32f10x_gpio.o(.text)
    GPIO_WriteBit                            0x0800267f   Thumb Code    10  stm32f10x_gpio.o(.text)
    GPIO_Write                               0x08002689   Thumb Code     4  stm32f10x_gpio.o(.text)
    GPIO_PinLockConfig                       0x0800268d   Thumb Code    18  stm32f10x_gpio.o(.text)
    GPIO_EventOutputConfig                   0x0800269f   Thumb Code    26  stm32f10x_gpio.o(.text)
    GPIO_EventOutputCmd                      0x080026b9   Thumb Code     6  stm32f10x_gpio.o(.text)
    GPIO_PinRemapConfig                      0x080026bf   Thumb Code   138  stm32f10x_gpio.o(.text)
    GPIO_EXTILineConfig                      0x08002749   Thumb Code    66  stm32f10x_gpio.o(.text)
    GPIO_ETH_MediaInterfaceConfig            0x0800278b   Thumb Code     6  stm32f10x_gpio.o(.text)
    RCC_DeInit                               0x080027b9   Thumb Code    64  stm32f10x_rcc.o(.text)
    RCC_HSEConfig                            0x080027f9   Thumb Code    70  stm32f10x_rcc.o(.text)
    RCC_GetFlagStatus                        0x0800283f   Thumb Code    56  stm32f10x_rcc.o(.text)
    RCC_WaitForHSEStartUp                    0x08002877   Thumb Code    56  stm32f10x_rcc.o(.text)
    RCC_AdjustHSICalibrationValue            0x080028af   Thumb Code    20  stm32f10x_rcc.o(.text)
    RCC_HSICmd                               0x080028c3   Thumb Code     6  stm32f10x_rcc.o(.text)
    RCC_PLLConfig                            0x080028c9   Thumb Code    24  stm32f10x_rcc.o(.text)
    RCC_PLLCmd                               0x080028e1   Thumb Code     6  stm32f10x_rcc.o(.text)
    RCC_SYSCLKConfig                         0x080028e7   Thumb Code    18  stm32f10x_rcc.o(.text)
    RCC_GetSYSCLKSource                      0x080028f9   Thumb Code    10  stm32f10x_rcc.o(.text)
    RCC_HCLKConfig                           0x08002903   Thumb Code    18  stm32f10x_rcc.o(.text)
    RCC_PCLK1Config                          0x08002915   Thumb Code    18  stm32f10x_rcc.o(.text)
    RCC_PCLK2Config                          0x08002927   Thumb Code    20  stm32f10x_rcc.o(.text)
    RCC_ITConfig                             0x0800293b   Thumb Code    26  stm32f10x_rcc.o(.text)
    RCC_USBCLKConfig                         0x08002955   Thumb Code     6  stm32f10x_rcc.o(.text)
    RCC_ADCCLKConfig                         0x0800295b   Thumb Code    18  stm32f10x_rcc.o(.text)
    RCC_LSEConfig                            0x0800296d   Thumb Code    44  stm32f10x_rcc.o(.text)
    RCC_LSICmd                               0x08002999   Thumb Code     6  stm32f10x_rcc.o(.text)
    RCC_RTCCLKConfig                         0x0800299f   Thumb Code    12  stm32f10x_rcc.o(.text)
    RCC_RTCCLKCmd                            0x080029ab   Thumb Code     8  stm32f10x_rcc.o(.text)
    RCC_GetClocksFreq                        0x080029b3   Thumb Code   192  stm32f10x_rcc.o(.text)
    RCC_AHBPeriphClockCmd                    0x08002a73   Thumb Code    26  stm32f10x_rcc.o(.text)
    RCC_APB2PeriphClockCmd                   0x08002a8d   Thumb Code    26  stm32f10x_rcc.o(.text)
    RCC_APB1PeriphClockCmd                   0x08002aa7   Thumb Code    26  stm32f10x_rcc.o(.text)
    RCC_APB2PeriphResetCmd                   0x08002ac1   Thumb Code    26  stm32f10x_rcc.o(.text)
    RCC_APB1PeriphResetCmd                   0x08002adb   Thumb Code    26  stm32f10x_rcc.o(.text)
    RCC_BackupResetCmd                       0x08002af5   Thumb Code     8  stm32f10x_rcc.o(.text)
    RCC_ClockSecuritySystemCmd               0x08002afd   Thumb Code     6  stm32f10x_rcc.o(.text)
    RCC_MCOConfig                            0x08002b03   Thumb Code     6  stm32f10x_rcc.o(.text)
    RCC_ClearFlag                            0x08002b09   Thumb Code    14  stm32f10x_rcc.o(.text)
    RCC_GetITStatus                          0x08002b17   Thumb Code    20  stm32f10x_rcc.o(.text)
    RCC_ClearITPendingBit                    0x08002b2b   Thumb Code     6  stm32f10x_rcc.o(.text)
    USART_DeInit                             0x08002b5d   Thumb Code   134  stm32f10x_usart.o(.text)
    USART_Init                               0x08002be3   Thumb Code   210  stm32f10x_usart.o(.text)
    USART_StructInit                         0x08002cb5   Thumb Code    24  stm32f10x_usart.o(.text)
    USART_ClockInit                          0x08002ccd   Thumb Code    34  stm32f10x_usart.o(.text)
    USART_ClockStructInit                    0x08002cef   Thumb Code    12  stm32f10x_usart.o(.text)
    USART_Cmd                                0x08002cfb   Thumb Code    24  stm32f10x_usart.o(.text)
    USART_ITConfig                           0x08002d13   Thumb Code    74  stm32f10x_usart.o(.text)
    USART_DMACmd                             0x08002d5d   Thumb Code    18  stm32f10x_usart.o(.text)
    USART_SetAddress                         0x08002d6f   Thumb Code    18  stm32f10x_usart.o(.text)
    USART_WakeUpConfig                       0x08002d81   Thumb Code    18  stm32f10x_usart.o(.text)
    USART_ReceiverWakeUpCmd                  0x08002d93   Thumb Code    24  stm32f10x_usart.o(.text)
    USART_LINBreakDetectLengthConfig         0x08002dab   Thumb Code    18  stm32f10x_usart.o(.text)
    USART_LINCmd                             0x08002dbd   Thumb Code    24  stm32f10x_usart.o(.text)
    USART_SendData                           0x08002dd5   Thumb Code     8  stm32f10x_usart.o(.text)
    USART_ReceiveData                        0x08002ddd   Thumb Code    10  stm32f10x_usart.o(.text)
    USART_SendBreak                          0x08002de7   Thumb Code    10  stm32f10x_usart.o(.text)
    USART_SetGuardTime                       0x08002df1   Thumb Code    16  stm32f10x_usart.o(.text)
    USART_SetPrescaler                       0x08002e01   Thumb Code    16  stm32f10x_usart.o(.text)
    USART_SmartCardCmd                       0x08002e11   Thumb Code    24  stm32f10x_usart.o(.text)
    USART_SmartCardNACKCmd                   0x08002e29   Thumb Code    24  stm32f10x_usart.o(.text)
    USART_HalfDuplexCmd                      0x08002e41   Thumb Code    24  stm32f10x_usart.o(.text)
    USART_OverSampling8Cmd                   0x08002e59   Thumb Code    22  stm32f10x_usart.o(.text)
    USART_OneBitMethodCmd                    0x08002e6f   Thumb Code    24  stm32f10x_usart.o(.text)
    USART_IrDAConfig                         0x08002e87   Thumb Code    18  stm32f10x_usart.o(.text)
    USART_IrDACmd                            0x08002e99   Thumb Code    24  stm32f10x_usart.o(.text)
    USART_GetFlagStatus                      0x08002eb1   Thumb Code    26  stm32f10x_usart.o(.text)
    USART_ClearFlag                          0x08002ecb   Thumb Code    18  stm32f10x_usart.o(.text)
    USART_GetITStatus                        0x08002edd   Thumb Code    84  stm32f10x_usart.o(.text)
    USART_ClearITPendingBit                  0x08002f31   Thumb Code    52  stm32f10x_usart.o(.text)
    TIM_DeInit                               0x08002f65   Thumb Code   424  stm32f10x_tim.o(.text)
    TIM_TimeBaseInit                         0x0800310d   Thumb Code   122  stm32f10x_tim.o(.text)
    TIM_OC1Init                              0x08003187   Thumb Code   132  stm32f10x_tim.o(.text)
    TIM_OC2Init                              0x0800320b   Thumb Code   154  stm32f10x_tim.o(.text)
    TIM_OC3Init                              0x080032a5   Thumb Code   150  stm32f10x_tim.o(.text)
    TIM_OC4Init                              0x0800333b   Thumb Code   182  stm32f10x_tim.o(.text)
    TIM_SetIC4Prescaler                      0x080033f1   Thumb Code    26  stm32f10x_tim.o(.text)
    TIM_SetIC3Prescaler                      0x0800348d   Thumb Code    18  stm32f10x_tim.o(.text)
    TIM_SetIC2Prescaler                      0x08003519   Thumb Code    26  stm32f10x_tim.o(.text)
    TIM_SetIC1Prescaler                      0x080035b5   Thumb Code    18  stm32f10x_tim.o(.text)
    TIM_ICInit                               0x08003633   Thumb Code   150  stm32f10x_tim.o(.text)
    TIM_PWMIConfig                           0x080036c9   Thumb Code   124  stm32f10x_tim.o(.text)
    TIM_BDTRConfig                           0x08003745   Thumb Code    32  stm32f10x_tim.o(.text)
    TIM_TimeBaseStructInit                   0x08003765   Thumb Code    18  stm32f10x_tim.o(.text)
    TIM_OCStructInit                         0x08003777   Thumb Code    20  stm32f10x_tim.o(.text)
    TIM_ICStructInit                         0x0800378b   Thumb Code    18  stm32f10x_tim.o(.text)
    TIM_BDTRStructInit                       0x0800379d   Thumb Code    40  stm32f10x_tim.o(.text)
    TIM_Cmd                                  0x080037c5   Thumb Code    24  stm32f10x_tim.o(.text)
    TIM_CtrlPWMOutputs                       0x080037dd   Thumb Code    30  stm32f10x_tim.o(.text)
    TIM_ITConfig                             0x080037fb   Thumb Code    18  stm32f10x_tim.o(.text)
    TIM_GenerateEvent                        0x0800380d   Thumb Code     4  stm32f10x_tim.o(.text)
    TIM_DMAConfig                            0x08003811   Thumb Code    10  stm32f10x_tim.o(.text)
    TIM_DMACmd                               0x0800381b   Thumb Code    18  stm32f10x_tim.o(.text)
    TIM_InternalClockConfig                  0x0800382d   Thumb Code    12  stm32f10x_tim.o(.text)
    TIM_SelectInputTrigger                   0x08003839   Thumb Code    18  stm32f10x_tim.o(.text)
    TIM_ITRxExternalClockConfig              0x0800384b   Thumb Code    24  stm32f10x_tim.o(.text)
    TIM_TIxExternalClockConfig               0x08003863   Thumb Code    62  stm32f10x_tim.o(.text)
    TIM_ETRConfig                            0x080038a1   Thumb Code    28  stm32f10x_tim.o(.text)
    TIM_ETRClockMode1Config                  0x080038bd   Thumb Code    54  stm32f10x_tim.o(.text)
    TIM_ETRClockMode2Config                  0x080038f3   Thumb Code    32  stm32f10x_tim.o(.text)
    TIM_PrescalerConfig                      0x08003913   Thumb Code     6  stm32f10x_tim.o(.text)
    TIM_CounterModeConfig                    0x08003919   Thumb Code    18  stm32f10x_tim.o(.text)
    TIM_EncoderInterfaceConfig               0x0800392b   Thumb Code    66  stm32f10x_tim.o(.text)
    TIM_ForcedOC1Config                      0x0800396d   Thumb Code    18  stm32f10x_tim.o(.text)
    TIM_ForcedOC2Config                      0x0800397f   Thumb Code    26  stm32f10x_tim.o(.text)
    TIM_ForcedOC3Config                      0x08003999   Thumb Code    18  stm32f10x_tim.o(.text)
    TIM_ForcedOC4Config                      0x080039ab   Thumb Code    26  stm32f10x_tim.o(.text)
    TIM_ARRPreloadConfig                     0x080039c5   Thumb Code    24  stm32f10x_tim.o(.text)
    TIM_SelectCOM                            0x080039dd   Thumb Code    24  stm32f10x_tim.o(.text)
    TIM_SelectCCDMA                          0x080039f5   Thumb Code    24  stm32f10x_tim.o(.text)
    TIM_CCPreloadControl                     0x08003a0d   Thumb Code    24  stm32f10x_tim.o(.text)
    TIM_OC1PreloadConfig                     0x08003a25   Thumb Code    18  stm32f10x_tim.o(.text)
    TIM_OC2PreloadConfig                     0x08003a37   Thumb Code    26  stm32f10x_tim.o(.text)
    TIM_OC3PreloadConfig                     0x08003a51   Thumb Code    18  stm32f10x_tim.o(.text)
    TIM_OC4PreloadConfig                     0x08003a63   Thumb Code    26  stm32f10x_tim.o(.text)
    TIM_OC1FastConfig                        0x08003a7d   Thumb Code    18  stm32f10x_tim.o(.text)
    TIM_OC2FastConfig                        0x08003a8f   Thumb Code    26  stm32f10x_tim.o(.text)
    TIM_OC3FastConfig                        0x08003aa9   Thumb Code    18  stm32f10x_tim.o(.text)
    TIM_OC4FastConfig                        0x08003abb   Thumb Code    26  stm32f10x_tim.o(.text)
    TIM_ClearOC1Ref                          0x08003ad5   Thumb Code    18  stm32f10x_tim.o(.text)
    TIM_ClearOC2Ref                          0x08003ae7   Thumb Code    24  stm32f10x_tim.o(.text)
    TIM_ClearOC3Ref                          0x08003aff   Thumb Code    18  stm32f10x_tim.o(.text)
    TIM_ClearOC4Ref                          0x08003b11   Thumb Code    24  stm32f10x_tim.o(.text)
    TIM_OC1PolarityConfig                    0x08003b29   Thumb Code    18  stm32f10x_tim.o(.text)
    TIM_OC1NPolarityConfig                   0x08003b3b   Thumb Code    18  stm32f10x_tim.o(.text)
    TIM_OC2PolarityConfig                    0x08003b4d   Thumb Code    26  stm32f10x_tim.o(.text)
    TIM_OC2NPolarityConfig                   0x08003b67   Thumb Code    26  stm32f10x_tim.o(.text)
    TIM_OC3PolarityConfig                    0x08003b81   Thumb Code    26  stm32f10x_tim.o(.text)
    TIM_OC3NPolarityConfig                   0x08003b9b   Thumb Code    26  stm32f10x_tim.o(.text)
    TIM_OC4PolarityConfig                    0x08003bb5   Thumb Code    26  stm32f10x_tim.o(.text)
    TIM_CCxCmd                               0x08003bcf   Thumb Code    30  stm32f10x_tim.o(.text)
    TIM_CCxNCmd                              0x08003bed   Thumb Code    30  stm32f10x_tim.o(.text)
    TIM_SelectOCxM                           0x08003c0b   Thumb Code    82  stm32f10x_tim.o(.text)
    TIM_UpdateDisableConfig                  0x08003c5d   Thumb Code    24  stm32f10x_tim.o(.text)
    TIM_UpdateRequestConfig                  0x08003c75   Thumb Code    24  stm32f10x_tim.o(.text)
    TIM_SelectHallSensor                     0x08003c8d   Thumb Code    24  stm32f10x_tim.o(.text)
    TIM_SelectOnePulseMode                   0x08003ca5   Thumb Code    18  stm32f10x_tim.o(.text)
    TIM_SelectOutputTrigger                  0x08003cb7   Thumb Code    18  stm32f10x_tim.o(.text)
    TIM_SelectSlaveMode                      0x08003cc9   Thumb Code    18  stm32f10x_tim.o(.text)
    TIM_SelectMasterSlaveMode                0x08003cdb   Thumb Code    18  stm32f10x_tim.o(.text)
    TIM_SetCounter                           0x08003ced   Thumb Code     4  stm32f10x_tim.o(.text)
    TIM_SetAutoreload                        0x08003cf1   Thumb Code     4  stm32f10x_tim.o(.text)
    TIM_SetCompare1                          0x08003cf5   Thumb Code     4  stm32f10x_tim.o(.text)
    TIM_SetCompare2                          0x08003cf9   Thumb Code     4  stm32f10x_tim.o(.text)
    TIM_SetCompare3                          0x08003cfd   Thumb Code     4  stm32f10x_tim.o(.text)
    TIM_SetCompare4                          0x08003d01   Thumb Code     6  stm32f10x_tim.o(.text)
    TIM_SetClockDivision                     0x08003d07   Thumb Code    18  stm32f10x_tim.o(.text)
    TIM_GetCapture1                          0x08003d19   Thumb Code     6  stm32f10x_tim.o(.text)
    TIM_GetCapture2                          0x08003d1f   Thumb Code     6  stm32f10x_tim.o(.text)
    TIM_GetCapture3                          0x08003d25   Thumb Code     6  stm32f10x_tim.o(.text)
    TIM_GetCapture4                          0x08003d2b   Thumb Code     8  stm32f10x_tim.o(.text)
    TIM_GetCounter                           0x08003d33   Thumb Code     6  stm32f10x_tim.o(.text)
    TIM_GetPrescaler                         0x08003d39   Thumb Code     6  stm32f10x_tim.o(.text)
    TIM_GetFlagStatus                        0x08003d3f   Thumb Code    18  stm32f10x_tim.o(.text)
    TIM_ClearFlag                            0x08003d51   Thumb Code     6  stm32f10x_tim.o(.text)
    TIM_GetITStatus                          0x08003d57   Thumb Code    34  stm32f10x_tim.o(.text)
    TIM_ClearITPendingBit                    0x08003d79   Thumb Code     6  stm32f10x_tim.o(.text)
    SystemInit                               0x08003e5d   Thumb Code    78  system_stm32f10x.o(.text)
    SystemCoreClockUpdate                    0x08003eab   Thumb Code   142  system_stm32f10x.o(.text)
    MCU_Reset                                0x08003f5d   Thumb Code    38  motor_control.o(.text)
    M1TypeDef_Init                           0x08003f83   Thumb Code    24  motor_control.o(.text)
    M2TypeDef_Init                           0x08003f9b   Thumb Code    24  motor_control.o(.text)
    Mode_0                                   0x08003fb3   Thumb Code     2  motor_control.o(.text)
    MotorMove                                0x08003fb5   Thumb Code   116  motor_control.o(.text)
    Mode_1                                   0x08004029   Thumb Code   312  motor_control.o(.text)
    Mode_2                                   0x08004161   Thumb Code   312  motor_control.o(.text)
    Mode_3                                   0x08004299   Thumb Code   604  motor_control.o(.text)
    Mode_4                                   0x080044f5   Thumb Code   244  motor_control.o(.text)
    Mode_5                                   0x080045e9   Thumb Code   388  motor_control.o(.text)
    Mode_6                                   0x0800476d   Thumb Code     2  motor_control.o(.text)
    PWM_GPIO_Config                          0x080047c9   Thumb Code    46  motor_pwm.o(.text)
    PWM_Mode_Config                          0x080047f7   Thumb Code   266  motor_pwm.o(.text)
    MOTOR_DIR_GPIO_Config                    0x08004901   Thumb Code    78  motor_pwm.o(.text)
    PWM_Init                                 0x0800494f   Thumb Code    16  motor_pwm.o(.text)
    PWM_M1_Forward                           0x0800495f   Thumb Code    30  motor_pwm.o(.text)
    PWM_M1_Backward                          0x0800497d   Thumb Code    30  motor_pwm.o(.text)
    PWM_M2_Forward                           0x0800499b   Thumb Code    30  motor_pwm.o(.text)
    PWM_M2_Backward                          0x080049b9   Thumb Code    30  motor_pwm.o(.text)
    PWM_M3_Forward                           0x080049d7   Thumb Code    30  motor_pwm.o(.text)
    PWM_M3_Backward                          0x080049f5   Thumb Code    30  motor_pwm.o(.text)
    PWM_M4_Forward                           0x08004a13   Thumb Code    30  motor_pwm.o(.text)
    PWM_M4_Backward                          0x08004a31   Thumb Code    30  motor_pwm.o(.text)
    PID_M1_Init                              0x08004a59   Thumb Code    26  motor_pid.o(.text)
    PID_M2_Init                              0x08004a73   Thumb Code    26  motor_pid.o(.text)
    PID_M1_SetPoint                          0x08004a8d   Thumb Code     6  motor_pid.o(.text)
    PID_M2_SetPoint                          0x08004a93   Thumb Code     6  motor_pid.o(.text)
    PID_M1_SetKp                             0x08004a99   Thumb Code     6  motor_pid.o(.text)
    PID_M2_SetKp                             0x08004a9f   Thumb Code     6  motor_pid.o(.text)
    PID_M1_SetKi                             0x08004aa5   Thumb Code     6  motor_pid.o(.text)
    PID_M2_SetKi                             0x08004aab   Thumb Code     6  motor_pid.o(.text)
    PID_M1_SetKd                             0x08004ab1   Thumb Code     6  motor_pid.o(.text)
    PID_M2_SetKd                             0x08004ab7   Thumb Code     6  motor_pid.o(.text)
    PID_M1_PosLocCalc                        0x08004abd   Thumb Code   224  motor_pid.o(.text)
    PID_M2_PosLocCalc                        0x08004b9d   Thumb Code   224  motor_pid.o(.text)
    __aeabi_memcpy                           0x08004c8d   Thumb Code    36  memcpya.o(.text)
    __aeabi_memcpy4                          0x08004c8d   Thumb Code     0  memcpya.o(.text)
    __aeabi_memcpy8                          0x08004c8d   Thumb Code     0  memcpya.o(.text)
    __aeabi_fadd                             0x08004cb1   Thumb Code   164  fadd.o(.text)
    __aeabi_fsub                             0x08004d55   Thumb Code     6  fadd.o(.text)
    __aeabi_frsub                            0x08004d5b   Thumb Code     6  fadd.o(.text)
    __aeabi_fmul                             0x08004d61   Thumb Code   108  fmul.o(.text)
    __aeabi_fdiv                             0x08004dcd   Thumb Code   128  fdiv.o(.text)
    __aeabi_dadd                             0x08004e4d   Thumb Code   322  dadd.o(.text)
    __aeabi_dsub                             0x08004f8f   Thumb Code     6  dadd.o(.text)
    __aeabi_drsub                            0x08004f95   Thumb Code     6  dadd.o(.text)
    __aeabi_dmul                             0x08004f9b   Thumb Code   228  dmul.o(.text)
    __aeabi_ddiv                             0x0800507f   Thumb Code   222  ddiv.o(.text)
    __aeabi_i2f                              0x0800515d   Thumb Code    18  fflti.o(.text)
    __aeabi_ui2f                             0x0800516f   Thumb Code    10  ffltui.o(.text)
    __aeabi_i2d                              0x08005179   Thumb Code    34  dflti.o(.text)
    __aeabi_f2iz                             0x0800519b   Thumb Code    50  ffixi.o(.text)
    __aeabi_f2uiz                            0x080051cd   Thumb Code    40  ffixui.o(.text)
    __aeabi_d2iz                             0x080051f5   Thumb Code    62  dfixi.o(.text)
    __aeabi_f2d                              0x08005233   Thumb Code    38  f2d.o(.text)
    __aeabi_cdcmpeq                          0x08005259   Thumb Code     0  cdcmple.o(.text)
    __aeabi_cdcmple                          0x08005259   Thumb Code    38  cdcmple.o(.text)
    __aeabi_cdrcmple                         0x08005281   Thumb Code    38  cdrcmple.o(.text)
    __aeabi_d2f                              0x080052a9   Thumb Code    56  d2f.o(.text)
    __aeabi_cfcmpeq                          0x080052e1   Thumb Code     0  cfcmple.o(.text)
    __aeabi_cfcmple                          0x080052e1   Thumb Code    20  cfcmple.o(.text)
    __aeabi_cfrcmple                         0x080052f5   Thumb Code    20  cfrcmple.o(.text)
    __aeabi_uidiv                            0x08005309   Thumb Code     0  uidiv.o(.text)
    __aeabi_uidivmod                         0x08005309   Thumb Code    44  uidiv.o(.text)
    __aeabi_uldivmod                         0x08005335   Thumb Code    98  uldiv.o(.text)
    __aeabi_llsl                             0x08005397   Thumb Code    30  llshl.o(.text)
    _ll_shift_l                              0x08005397   Thumb Code     0  llshl.o(.text)
    __aeabi_llsr                             0x080053b5   Thumb Code    32  llushr.o(.text)
    _ll_ushift_r                             0x080053b5   Thumb Code     0  llushr.o(.text)
    __aeabi_lasr                             0x080053d5   Thumb Code    36  llsshr.o(.text)
    _ll_sshift_r                             0x080053d5   Thumb Code     0  llsshr.o(.text)
    __I$use$fp                               0x080053f9   Thumb Code     0  iusefp.o(.text)
    _float_round                             0x080053f9   Thumb Code    18  fepilogue.o(.text)
    _float_epilogue                          0x0800540b   Thumb Code    90  fepilogue.o(.text)
    __ARM_scalbnf                            0x08005465   Thumb Code    24  fscalb.o(.text)
    scalbnf                                  0x08005465   Thumb Code     0  fscalb.o(.text)
    _fsqrt                                   0x0800547d   Thumb Code    94  fsqrt.o(.text)
    _frnd                                    0x080054db   Thumb Code    60  frnd.o(.text)
    _double_round                            0x08005517   Thumb Code    26  depilogue.o(.text)
    _double_epilogue                         0x08005531   Thumb Code   164  depilogue.o(.text)
    __ARM_scalbn                             0x080055d5   Thumb Code    46  dscalb.o(.text)
    scalbn                                   0x080055d5   Thumb Code     0  dscalb.o(.text)
    __aeabi_d2ulz                            0x08005603   Thumb Code    48  dfixul.o(.text)
    __scatterload                            0x08005635   Thumb Code    28  init.o(.text)
    __scatterload_rt2                        0x08005635   Thumb Code     0  init.o(.text)
    __aeabi_ui2d                             0x08005659   Thumb Code    26  dfltui.o(.text)
    __0printf                                0x08005675   Thumb Code    22  printfa.o(i.__0printf)
    __1printf                                0x08005675   Thumb Code     0  printfa.o(i.__0printf)
    __2printf                                0x08005675   Thumb Code     0  printfa.o(i.__0printf)
    __c89printf                              0x08005675   Thumb Code     0  printfa.o(i.__0printf)
    printf                                   0x08005675   Thumb Code     0  printfa.o(i.__0printf)
    __0sprintf                               0x08005695   Thumb Code    34  printfa.o(i.__0sprintf)
    __1sprintf                               0x08005695   Thumb Code     0  printfa.o(i.__0sprintf)
    __2sprintf                               0x08005695   Thumb Code     0  printfa.o(i.__0sprintf)
    __c89sprintf                             0x08005695   Thumb Code     0  printfa.o(i.__0sprintf)
    sprintf                                  0x08005695   Thumb Code     0  printfa.o(i.__0sprintf)
    __ARM_fpclassify                         0x080056bd   Thumb Code    40  fpclassify.o(i.__ARM_fpclassify)
    __ARM_fpclassifyf                        0x080056e5   Thumb Code    38  fpclassifyf.o(i.__ARM_fpclassifyf)
    __ieee754_rem_pio2                       0x0800570d   Thumb Code   832  rred.o(i.__ieee754_rem_pio2)
    __kernel_cos                             0x08005a95   Thumb Code   230  cos_i.o(i.__kernel_cos)
    __kernel_poly                            0x08005b91   Thumb Code   170  poly.o(i.__kernel_poly)
    __kernel_sin                             0x08005c3d   Thumb Code   224  sin_i.o(i.__kernel_sin)
    __mathlib_dbl_underflow                  0x08005d29   Thumb Code    10  dunder.o(i.__mathlib_dbl_underflow)
    __mathlib_flt_underflow                  0x08005d39   Thumb Code    10  funder.o(i.__mathlib_flt_underflow)
    __mathlib_rredf2                         0x08005d45   Thumb Code   326  rredf.o(i.__mathlib_rredf2)
    __scatterload_copy                       0x08005e9d   Thumb Code    14  handlers.o(i.__scatterload_copy)
    __scatterload_null                       0x08005eab   Thumb Code     2  handlers.o(i.__scatterload_null)
    __scatterload_zeroinit                   0x08005ead   Thumb Code    14  handlers.o(i.__scatterload_zeroinit)
    __set_errno                              0x08005ebd   Thumb Code     6  errno.o(i.__set_errno)
    asinf                                    0x08006775   Thumb Code   260  asinf.o(i.asinf)
    atan                                     0x0800689d   Thumb Code   478  atan.o(i.atan)
    atan2f                                   0x08006ac1   Thumb Code   520  atan2f.o(i.atan2f)
    cos                                      0x08006d15   Thumb Code   164  cos.o(i.cos)
    cosf                                     0x08006dc1   Thumb Code   332  cosf.o(i.cosf)
    sin                                      0x08006f41   Thumb Code   166  sin.o(i.sin)
    sinf                                     0x08006ff1   Thumb Code   342  sinf.o(i.sinf)
    sqrtf                                    0x0800717d   Thumb Code    44  sqrtf.o(i.sqrtf)
    Region$$Table$$Base                      0x08007420   Number         0  anon$$obj.o(Region$$Table)
    Region$$Table$$Limit                     0x08007440   Number         0  anon$$obj.o(Region$$Table)
    TimeDelay                                0x20000000   Data           4  delay.o(.data)
    CurMode                                  0x20000006   Data           1  timer.o(.data)
    Item                                     0x20000010   Data           1  indkey.o(.data)
    Q1_Start                                 0x20000011   Data           1  indkey.o(.data)
    Q2_Start                                 0x20000012   Data           1  indkey.o(.data)
    Q3_Start                                 0x20000013   Data           1  indkey.o(.data)
    Q4_Start                                 0x20000014   Data           1  indkey.o(.data)
    Q5_Start                                 0x20000015   Data           1  indkey.o(.data)
    Q6_Start                                 0x20000016   Data           1  indkey.o(.data)
    Q7_Start                                 0x20000017   Data           1  indkey.o(.data)
    QuadNumber                               0x20000018   Data          16  ahrs.o(.data)
    SystemCoreClock                          0x200000ec   Data           4  system_stm32f10x.o(.data)
    AHBPrescTable                            0x200000f0   Data          16  system_stm32f10x.o(.data)
    R                                        0x20000100   Data           4  motor_control.o(.data)
    angle                                    0x20000104   Data           4  motor_control.o(.data)
    RoundDir                                 0x20000108   Data           1  motor_control.o(.data)
    __stdout                                 0x2000011c   Data           4  stdout.o(.data)
    EulerAngle                               0x20000124   Data          12  ahrs.o(.bss)
    Axis                                     0x20000150   Data          24  ahrs.o(.bss)
    buf                                      0x20000168   Data         512  usart2.o(.bss)
    M1                                       0x20000368   Data          64  motor_control.o(.bss)
    M2                                       0x200003a8   Data          64  motor_control.o(.bss)
    M1PID                                    0x200003e8   Data          40  motor_pid.o(.bss)
    M2PID                                    0x20000410   Data          40  motor_pid.o(.bss)
    __initial_sp                             0x2000f838   Data           0  startup_stm32f10x_hd.o(STACK)



==============================================================================

Memory Map of the image

  Image Entry point : 0x08000131

  Load Region LR_IROM1 (Base: 0x08000000, Size: 0x00007564, Max: 0x00080000, ABSOLUTE)

    Execution Region ER_IROM1 (Base: 0x08000000, Size: 0x00007440, Max: 0x00080000, ABSOLUTE)

    Base Addr    Size         Type   Attr      Idx    E Section Name        Object

    0x08000000   0x00000130   Data   RO            3    RESET               startup_stm32f10x_hd.o
    0x08000130   0x00000000   Code   RO          584  * .ARM.Collect$$$$00000000  mc_w.l(entry.o)
    0x08000130   0x00000004   Code   RO          915    .ARM.Collect$$$$00000001  mc_w.l(entry2.o)
    0x08000134   0x00000004   Code   RO          918    .ARM.Collect$$$$00000004  mc_w.l(entry5.o)
    0x08000138   0x00000000   Code   RO          920    .ARM.Collect$$$$00000008  mc_w.l(entry7b.o)
    0x08000138   0x00000000   Code   RO          922    .ARM.Collect$$$$0000000A  mc_w.l(entry8b.o)
    0x08000138   0x00000008   Code   RO          923    .ARM.Collect$$$$0000000B  mc_w.l(entry9a.o)
    0x08000140   0x00000000   Code   RO          925    .ARM.Collect$$$$0000000D  mc_w.l(entry10a.o)
    0x08000140   0x00000000   Code   RO          927    .ARM.Collect$$$$0000000F  mc_w.l(entry11a.o)
    0x08000140   0x00000004   Code   RO          916    .ARM.Collect$$$$00002712  mc_w.l(entry2.o)
    0x08000144   0x00000024   Code   RO            4    .text               startup_stm32f10x_hd.o
    0x08000168   0x00000108   Code   RO           10    .text               main.o
    0x08000270   0x00000258   Code   RO          118    .text               usart1.o
    0x080004c8   0x000000cc   Code   RO          137    .text               delay.o
    0x08000594   0x00000018   Code   RO          156    .text               stm32f10x_it.o
    0x080005ac   0x000000dc   Code   RO          171    .text               misc.o
    0x08000688   0x0000030c   Code   RO          183    .text               timer.o
    0x08000994   0x0000055c   Code   RO          202    .text               indkey.o
    0x08000ef0   0x000002bc   Code   RO          222    .text               mpu6050.o
    0x080011ac   0x00000d60   Code   RO          238    .text               ahrs.o
    0x08001f0c   0x000002e0   Code   RO          254    .text               iic_analog.o
    0x080021ec   0x00000040   Code   RO          266    .text               led.o
    0x0800222c   0x00000234   Code   RO          281    .text               usart2.o
    0x08002460   0x00000358   Code   RO          297    .text               stm32f10x_gpio.o
    0x080027b8   0x000003a4   Code   RO          309    .text               stm32f10x_rcc.o
    0x08002b5c   0x00000408   Code   RO          323    .text               stm32f10x_usart.o
    0x08002f64   0x00000e1a   Code   RO          335    .text               stm32f10x_tim.o
    0x08003d7e   0x00000002   PAD
    0x08003d80   0x000001dc   Code   RO          405    .text               system_stm32f10x.o
    0x08003f5c   0x0000086c   Code   RO          442    .text               motor_control.o
    0x080047c8   0x00000290   Code   RO          489    .text               motor_pwm.o
    0x08004a58   0x00000234   Code   RO          502    .text               motor_pid.o
    0x08004c8c   0x00000024   Code   RO          587    .text               mc_w.l(memcpya.o)
    0x08004cb0   0x000000b0   Code   RO          852    .text               mf_w.l(fadd.o)
    0x08004d60   0x0000006c   Code   RO          854    .text               mf_w.l(fmul.o)
    0x08004dcc   0x00000080   Code   RO          856    .text               mf_w.l(fdiv.o)
    0x08004e4c   0x0000014e   Code   RO          858    .text               mf_w.l(dadd.o)
    0x08004f9a   0x000000e4   Code   RO          860    .text               mf_w.l(dmul.o)
    0x0800507e   0x000000de   Code   RO          862    .text               mf_w.l(ddiv.o)
    0x0800515c   0x00000012   Code   RO          864    .text               mf_w.l(fflti.o)
    0x0800516e   0x0000000a   Code   RO          866    .text               mf_w.l(ffltui.o)
    0x08005178   0x00000022   Code   RO          868    .text               mf_w.l(dflti.o)
    0x0800519a   0x00000032   Code   RO          870    .text               mf_w.l(ffixi.o)
    0x080051cc   0x00000028   Code   RO          872    .text               mf_w.l(ffixui.o)
    0x080051f4   0x0000003e   Code   RO          874    .text               mf_w.l(dfixi.o)
    0x08005232   0x00000026   Code   RO          876    .text               mf_w.l(f2d.o)
    0x08005258   0x00000028   Code   RO          878    .text               mf_w.l(cdcmple.o)
    0x08005280   0x00000028   Code   RO          880    .text               mf_w.l(cdrcmple.o)
    0x080052a8   0x00000038   Code   RO          882    .text               mf_w.l(d2f.o)
    0x080052e0   0x00000014   Code   RO          884    .text               mf_w.l(cfcmple.o)
    0x080052f4   0x00000014   Code   RO          886    .text               mf_w.l(cfrcmple.o)
    0x08005308   0x0000002c   Code   RO          930    .text               mc_w.l(uidiv.o)
    0x08005334   0x00000062   Code   RO          932    .text               mc_w.l(uldiv.o)
    0x08005396   0x0000001e   Code   RO          934    .text               mc_w.l(llshl.o)
    0x080053b4   0x00000020   Code   RO          936    .text               mc_w.l(llushr.o)
    0x080053d4   0x00000024   Code   RO          938    .text               mc_w.l(llsshr.o)
    0x080053f8   0x00000000   Code   RO          947    .text               mc_w.l(iusefp.o)
    0x080053f8   0x0000006c   Code   RO          948    .text               mf_w.l(fepilogue.o)
    0x08005464   0x00000018   Code   RO          950    .text               mf_w.l(fscalb.o)
    0x0800547c   0x0000005e   Code   RO          952    .text               mf_w.l(fsqrt.o)
    0x080054da   0x0000003c   Code   RO          954    .text               mf_w.l(frnd.o)
    0x08005516   0x000000be   Code   RO          956    .text               mf_w.l(depilogue.o)
    0x080055d4   0x0000002e   Code   RO          958    .text               mf_w.l(dscalb.o)
    0x08005602   0x00000030   Code   RO          960    .text               mf_w.l(dfixul.o)
    0x08005632   0x00000002   PAD
    0x08005634   0x00000024   Code   RO          962    .text               mc_w.l(init.o)
    0x08005658   0x0000001a   Code   RO          964    .text               mf_w.l(dfltui.o)
    0x08005672   0x00000002   PAD
    0x08005674   0x00000020   Code   RO          824    i.__0printf         mc_w.l(printfa.o)
    0x08005694   0x00000028   Code   RO          826    i.__0sprintf        mc_w.l(printfa.o)
    0x080056bc   0x00000028   Code   RO          893    i.__ARM_fpclassify  m_ws.l(fpclassify.o)
    0x080056e4   0x00000026   Code   RO          895    i.__ARM_fpclassifyf  m_ws.l(fpclassifyf.o)
    0x0800570a   0x00000002   PAD
    0x0800570c   0x00000388   Code   RO          901    i.__ieee754_rem_pio2  m_ws.l(rred.o)
    0x08005a94   0x000000fc   Code   RO          888    i.__kernel_cos      m_ws.l(cos_i.o)
    0x08005b90   0x000000aa   Code   RO          899    i.__kernel_poly     m_ws.l(poly.o)
    0x08005c3a   0x00000002   PAD
    0x08005c3c   0x000000ec   Code   RO          909    i.__kernel_sin      m_ws.l(sin_i.o)
    0x08005d28   0x00000010   Code   RO          891    i.__mathlib_dbl_underflow  m_ws.l(dunder.o)
    0x08005d38   0x0000000a   Code   RO          897    i.__mathlib_flt_underflow  m_ws.l(funder.o)
    0x08005d42   0x00000002   PAD
    0x08005d44   0x00000158   Code   RO          906    i.__mathlib_rredf2  m_ws.l(rredf.o)
    0x08005e9c   0x0000000e   Code   RO          968    i.__scatterload_copy  mc_w.l(handlers.o)
    0x08005eaa   0x00000002   Code   RO          969    i.__scatterload_null  mc_w.l(handlers.o)
    0x08005eac   0x0000000e   Code   RO          970    i.__scatterload_zeroinit  mc_w.l(handlers.o)
    0x08005eba   0x00000002   PAD
    0x08005ebc   0x0000000c   Code   RO          942    i.__set_errno       mc_w.l(errno.o)
    0x08005ec8   0x0000015c   Code   RO          831    i._fp_digits        mc_w.l(printfa.o)
    0x08006024   0x000006f0   Code   RO          832    i._printf_core      mc_w.l(printfa.o)
    0x08006714   0x00000026   Code   RO          833    i._printf_post_padding  mc_w.l(printfa.o)
    0x0800673a   0x00000030   Code   RO          834    i._printf_pre_padding  mc_w.l(printfa.o)
    0x0800676a   0x0000000a   Code   RO          836    i._sputc            mc_w.l(printfa.o)
    0x08006774   0x00000128   Code   RO          519    i.asinf             m_ws.l(asinf.o)
    0x0800689c   0x00000224   Code   RO          527    i.atan              m_ws.l(atan.o)
    0x08006ac0   0x00000254   Code   RO          537    i.atan2f            m_ws.l(atan2f.o)
    0x08006d14   0x000000ac   Code   RO          545    i.cos               m_ws.l(cos.o)
    0x08006dc0   0x00000180   Code   RO          553    i.cosf              m_ws.l(cosf.o)
    0x08006f40   0x000000b0   Code   RO          561    i.sin               m_ws.l(sin.o)
    0x08006ff0   0x0000018c   Code   RO          569    i.sinf              m_ws.l(sinf.o)
    0x0800717c   0x0000002c   Code   RO          577    i.sqrtf             m_ws.l(sqrtf.o)
    0x080071a8   0x00000054   Data   RO          283    .constdata          usart2.o
    0x080071fc   0x0000004c   Data   RO          444    .constdata          motor_control.o
    0x08007248   0x00000098   Data   RO          528    .constdata          m_ws.l(atan.o)
    0x080072e0   0x00000030   Data   RO          889    .constdata          m_ws.l(cos_i.o)
    0x08007310   0x000000c8   Data   RO          903    .constdata          m_ws.l(rred.o)
    0x080073d8   0x00000020   Data   RO          907    .constdata          m_ws.l(rredf.o)
    0x080073f8   0x00000028   Data   RO          910    .constdata          m_ws.l(sin_i.o)
    0x08007420   0x00000020   Data   RO          966    Region$$Table       anon$$obj.o


    Execution Region RW_IRAM1 (Base: 0x20000000, Size: 0x0000f838, Max: 0x00010000, ABSOLUTE)

    Base Addr    Size         Type   Attr      Idx    E Section Name        Object

    0x20000000   0x00000004   Data   RW          138    .data               delay.o
    0x20000004   0x0000000c   Data   RW          184    .data               timer.o
    0x20000010   0x00000008   Data   RW          203    .data               indkey.o
    0x20000018   0x000000c0   Data   RW          240    .data               ahrs.o
    0x200000d8   0x00000014   Data   RW          310    .data               stm32f10x_rcc.o
    0x200000ec   0x00000014   Data   RW          406    .data               system_stm32f10x.o
    0x20000100   0x0000001c   Data   RW          445    .data               motor_control.o
    0x2000011c   0x00000004   Data   RW          929    .data               mc_w.l(stdout.o)
    0x20000120   0x00000004   Data   RW          943    .data               mc_w.l(errno.o)
    0x20000124   0x00000044   Zero   RW          239    .bss                ahrs.o
    0x20000168   0x00000200   Zero   RW          282    .bss                usart2.o
    0x20000368   0x00000080   Zero   RW          443    .bss                motor_control.o
    0x200003e8   0x00000050   Zero   RW          503    .bss                motor_pid.o
    0x20000438   0x0000f400   Zero   RW            1    STACK               startup_stm32f10x_hd.o


==============================================================================

Image component sizes


      Code (inc. data)   RO Data    RW Data    ZI Data      Debug   Object Name

      3424        238          0        192         68       5013   ahrs.o
       204         20          0          4          0      16574   delay.o
       736         28          0          0          0       3153   iic_analog.o
      1372        324          0          8          0       1496   indkey.o
        64          6          0          0          0        470   led.o
       264         60          0          0          0     254732   main.o
       220         20          0          0          0       1733   misc.o
      2156        182         76         28        128      19965   motor_control.o
       564         16          0          0         80       2558   motor_pid.o
       656         10          0          0          0       2513   motor_pwm.o
       700         22          0          0          0       2738   mpu6050.o
        36          8        304          0      62464        780   startup_stm32f10x_hd.o
       856         40          0          0          0       5577   stm32f10x_gpio.o
        24          0          0          0          0       1102   stm32f10x_it.o
       932         44          0         20          0       8732   stm32f10x_rcc.o
      3610         88          0          0          0      22060   stm32f10x_tim.o
      1032         22          0          0          0       8304   stm32f10x_usart.o
       476         36          0         20          0       1755   system_stm32f10x.o
       780         94          0         12          0       1847   timer.o
       600          8          0          0          0       4186   usart1.o
       564         18         84          0        512       2470   usart2.o

    ----------------------------------------------------------------------
     19272       1284        496        284      63252     367758   Object Totals
         0          0         32          0          0          0   (incl. Generated)
         2          0          0          0          0          0   (incl. Padding)

    ----------------------------------------------------------------------

      Code (inc. data)   RO Data    RW Data    ZI Data      Debug   Library Member Name

       296         36          0          0          0        120   asinf.o
       548         70        152          0          0        124   atan.o
       596         76          0          0          0        116   atan2f.o
       172          8          0          0          0        112   cos.o
       252         22         48          0          0        124   cos_i.o
       384         52          0          0          0        112   cosf.o
        16          6          0          0          0         68   dunder.o
        40          0          0          0          0         68   fpclassify.o
        38          0          0          0          0         68   fpclassifyf.o
        10          0          0          0          0         68   funder.o
       170          0          0          0          0         96   poly.o
       904         72        200          0          0        140   rred.o
       344         18         32          0          0         88   rredf.o
       176         10          0          0          0        116   sin.o
       236         12         40          0          0        128   sin_i.o
       396         54          0          0          0        112   sinf.o
        44          0          0          0          0         80   sqrtf.o
         0          0          0          0          0          0   entry.o
         0          0          0          0          0          0   entry10a.o
         0          0          0          0          0          0   entry11a.o
         8          4          0          0          0          0   entry2.o
         4          0          0          0          0          0   entry5.o
         0          0          0          0          0          0   entry7b.o
         0          0          0          0          0          0   entry8b.o
         8          4          0          0          0          0   entry9a.o
        12          6          0          4          0         68   errno.o
        30          0          0          0          0          0   handlers.o
        36          8          0          0          0         68   init.o
         0          0          0          0          0          0   iusefp.o
        30          0          0          0          0         68   llshl.o
        36          0          0          0          0         68   llsshr.o
        32          0          0          0          0         68   llushr.o
        36          0          0          0          0         68   memcpya.o
      2292         96          0          0          0        596   printfa.o
         0          0          0          4          0          0   stdout.o
        44          0          0          0          0         80   uidiv.o
        98          0          0          0          0         92   uldiv.o
        40          2          0          0          0         68   cdcmple.o
        40          2          0          0          0         68   cdrcmple.o
        20          0          0          0          0         68   cfcmple.o
        20          0          0          0          0         68   cfrcmple.o
        56          0          0          0          0         88   d2f.o
       334          0          0          0          0        148   dadd.o
       222          0          0          0          0        100   ddiv.o
       190          0          0          0          0        176   depilogue.o
        62          0          0          0          0         80   dfixi.o
        48          0          0          0          0         68   dfixul.o
        34          0          0          0          0         76   dflti.o
        26          0          0          0          0         76   dfltui.o
       228          0          0          0          0         96   dmul.o
        46          0          0          0          0         80   dscalb.o
        38          0          0          0          0         68   f2d.o
       176          0          0          0          0        140   fadd.o
       128          0          0          0          0         88   fdiv.o
       108          0          0          0          0        168   fepilogue.o
        50          0          0          0          0         68   ffixi.o
        40          0          0          0          0         68   ffixui.o
        18          0          0          0          0         68   fflti.o
        10          0          0          0          0         68   ffltui.o
       108          0          0          0          0         76   fmul.o
        60          0          0          0          0         76   frnd.o
        24          0          0          0          0         68   fscalb.o
        94          0          0          0          0         96   fsqrt.o

    ----------------------------------------------------------------------
      9520        558        472          8          0       5228   Library Totals
        12          0          0          0          0          0   (incl. Padding)

    ----------------------------------------------------------------------

      Code (inc. data)   RO Data    RW Data    ZI Data      Debug   Library Name

      4622        436        472          0          0       1740   m_ws.l
      2666        118          0          8          0       1176   mc_w.l
      2220          4          0          0          0       2312   mf_w.l

    ----------------------------------------------------------------------
      9520        558        472          8          0       5228   Library Totals

    ----------------------------------------------------------------------

==============================================================================


      Code (inc. data)   RO Data    RW Data    ZI Data      Debug   

     28792       1842        968        292      63252     368306   Grand Totals
     28792       1842        968        292      63252     368306   ELF Image Totals
     28792       1842        968        292          0          0   ROM Totals

==============================================================================

    Total RO  Size (Code + RO Data)                29760 (  29.06kB)
    Total RW  Size (RW Data + ZI Data)             63544 (  62.05kB)
    Total ROM Size (Code + RO Data + RW Data)      30052 (  29.35kB)

==============================================================================

