ARM Linker, 5.03 [Build 76] [MDK-ARM Standard]

==============================================================================

Section Cross References

    main.o(.text) refers to time2.o(.text) for delay_ms
    main.o(.text) refers to system_stm32f10x.o(.text) for SystemInit
    main.o(.text) refers to adc.o(.text) for ADC_Configuration
    main.o(.text) refers to motor.o(.text) for Motor_GPIO_Init
    main.o(.text) refers to f2d.o(.text) for __aeabi_f2d
    main.o(.text) refers to dmul.o(.text) for __aeabi_dmul
    main.o(.text) refers to dfixi.o(.text) for __aeabi_d2iz
    main.o(.text) refers to ffixi.o(.text) for __aeabi_f2iz
    main.o(.text) refers to pwm.o(.text) for PWM_Init
    main.o(.text) refers to stm32f10x_adc.o(.text) for ADC_GetConversionValue
    main.o(.text) refers to dfltui.o(.text) for __aeabi_ui2d
    main.o(.text) refers to ddiv.o(.text) for __aeabi_ddiv
    main.o(.text) refers to d2f.o(.text) for __aeabi_d2f
    main.o(.text) refers to main.o(.data) for ARR
    main.o(.text) refers to motor.o(.data) for motor_run_flag
    adc.o(.text) refers to stm32f10x_rcc.o(.text) for RCC_APB2PeriphClockCmd
    adc.o(.text) refers to stm32f10x_adc.o(.text) for ADC_Init
    adc.o(.text) refers to stm32f10x_gpio.o(.text) for GPIO_Init
    adc.o(.text) refers to ffltui.o(.text) for __aeabi_ui2f
    adc.o(.text) refers to dflti.o(.text) for __aeabi_i2d
    adc.o(.text) refers to dmul.o(.text) for __aeabi_dmul
    adc.o(.text) refers to fadd.o(.text) for __aeabi_fsub
    adc.o(.text) refers to fmul.o(.text) for __aeabi_fmul
    adc.o(.text) refers to f2d.o(.text) for __aeabi_f2d
    adc.o(.text) refers to ddiv.o(.text) for __aeabi_ddiv
    adc.o(.text) refers to d2f.o(.text) for __aeabi_d2f
    adc.o(.text) refers to main.o(.data) for a
    motor.o(.text) refers to stm32f10x_rcc.o(.text) for RCC_APB2PeriphClockCmd
    motor.o(.text) refers to stm32f10x_gpio.o(.text) for GPIO_Init
    motor.o(.text) refers to motor.o(.data) for i
    time2.o(.text) refers to stm32f10x_rcc.o(.text) for RCC_APB2PeriphClockCmd
    time2.o(.text) refers to stm32f10x_gpio.o(.text) for GPIO_Init
    time2.o(.text) refers to misc.o(.text) for NVIC_Init
    time2.o(.text) refers to stm32f10x_tim.o(.text) for TIM_TimeBaseInit
    time2.o(.text) refers to motor.o(.data) for motor_run_flag
    time2.o(.text) refers to adc.o(.data) for adc_flag
    time2.o(.text) refers to time2.o(.data) for fac_us
    pwm.o(.text) refers to stm32f10x_rcc.o(.text) for RCC_APB2PeriphClockCmd
    pwm.o(.text) refers to stm32f10x_tim.o(.text) for TIM_TimeBaseInit
    pwm.o(.text) refers to stm32f10x_gpio.o(.text) for GPIO_Init
    pwm.o(.text) refers to motor.o(.data) for motor_run_flag
    stm32f10x_gpio.o(.text) refers to stm32f10x_rcc.o(.text) for RCC_APB2PeriphResetCmd
    stm32f10x_rcc.o(.text) refers to stm32f10x_rcc.o(.data) for APBAHBPrescTable
    stm32f10x_tim.o(.text) refers to stm32f10x_rcc.o(.text) for RCC_APB2PeriphResetCmd
    stm32f10x_usart.o(.text) refers to stm32f10x_rcc.o(.text) for RCC_APB2PeriphResetCmd
    stm32f10x_adc.o(.text) refers to stm32f10x_rcc.o(.text) for RCC_APB2PeriphResetCmd
    startup_stm32f10x_md.o(RESET) refers to startup_stm32f10x_md.o(STACK) for __initial_sp
    startup_stm32f10x_md.o(RESET) refers to startup_stm32f10x_md.o(.text) for Reset_Handler
    startup_stm32f10x_md.o(RESET) refers to time2.o(.text) for TIM2_IRQHandler
    startup_stm32f10x_md.o(.text) refers to system_stm32f10x.o(.text) for SystemInit
    startup_stm32f10x_md.o(.text) refers to entry.o(.ARM.Collect$$$$00000000) for __main
    system_stm32f10x.o(.text) refers to system_stm32f10x.o(.data) for SystemCoreClock
    entry.o(.ARM.Collect$$$$00000000) refers (Special) to entry10a.o(.ARM.Collect$$$$0000000D) for __rt_final_cpp
    entry.o(.ARM.Collect$$$$00000000) refers (Special) to entry11a.o(.ARM.Collect$$$$0000000F) for __rt_final_exit
    entry.o(.ARM.Collect$$$$00000000) refers (Special) to entry7b.o(.ARM.Collect$$$$00000008) for _main_clock
    entry.o(.ARM.Collect$$$$00000000) refers (Special) to entry8b.o(.ARM.Collect$$$$0000000A) for _main_cpp_init
    entry.o(.ARM.Collect$$$$00000000) refers (Special) to entry9a.o(.ARM.Collect$$$$0000000B) for _main_init
    entry.o(.ARM.Collect$$$$00000000) refers (Special) to entry5.o(.ARM.Collect$$$$00000004) for _main_scatterload
    entry.o(.ARM.Collect$$$$00000000) refers (Special) to entry2.o(.ARM.Collect$$$$00000001) for _main_stk
    fadd.o(.text) refers (Special) to iusefp.o(.text) for __I$use$fp
    fadd.o(.text) refers to fepilogue.o(.text) for _float_epilogue
    fmul.o(.text) refers (Special) to iusefp.o(.text) for __I$use$fp
    dmul.o(.text) refers (Special) to iusefp.o(.text) for __I$use$fp
    dmul.o(.text) refers to depilogue.o(.text) for _double_epilogue
    ddiv.o(.text) refers (Special) to iusefp.o(.text) for __I$use$fp
    ddiv.o(.text) refers to depilogue.o(.text) for _double_round
    ffltui.o(.text) refers (Special) to iusefp.o(.text) for __I$use$fp
    ffltui.o(.text) refers to fepilogue.o(.text) for _float_epilogue
    dflti.o(.text) refers (Special) to iusefp.o(.text) for __I$use$fp
    dflti.o(.text) refers to depilogue.o(.text) for _double_epilogue
    dfltui.o(.text) refers (Special) to iusefp.o(.text) for __I$use$fp
    dfltui.o(.text) refers to depilogue.o(.text) for _double_epilogue
    ffixi.o(.text) refers (Special) to iusefp.o(.text) for __I$use$fp
    dfixi.o(.text) refers (Special) to iusefp.o(.text) for __I$use$fp
    dfixi.o(.text) refers to llushr.o(.text) for __aeabi_llsr
    f2d.o(.text) refers (Special) to iusefp.o(.text) for __I$use$fp
    d2f.o(.text) refers (Special) to iusefp.o(.text) for __I$use$fp
    d2f.o(.text) refers to fepilogue.o(.text) for _float_round
    entry2.o(.ARM.Collect$$$$00000001) refers to entry2.o(.ARM.Collect$$$$00002712) for __lit__00000000
    entry2.o(.ARM.Collect$$$$00002712) refers to startup_stm32f10x_md.o(STACK) for __initial_sp
    entry2.o(__vectab_stack_and_reset_area) refers to startup_stm32f10x_md.o(STACK) for __initial_sp
    entry2.o(__vectab_stack_and_reset_area) refers to entry.o(.ARM.Collect$$$$00000000) for __main
    entry5.o(.ARM.Collect$$$$00000004) refers to init.o(.text) for __scatterload
    entry9a.o(.ARM.Collect$$$$0000000B) refers to main.o(.text) for main
    entry9b.o(.ARM.Collect$$$$0000000C) refers to main.o(.text) for main
    depilogue.o(.text) refers to llshl.o(.text) for __aeabi_llsl
    depilogue.o(.text) refers to llushr.o(.text) for __aeabi_llsr
    init.o(.text) refers to entry5.o(.ARM.Collect$$$$00000004) for __main_after_scatterload


==============================================================================

Removing Unused input sections from the image.

    Removing stm32f10x_usart.o(.text), (1032 bytes).
    Removing startup_stm32f10x_md.o(HEAP), (512 bytes).
    Removing core_cm3.o(.emb_text), (32 bytes).

3 unused section(s) (total 1576 bytes) removed from the image.

==============================================================================

Image Symbol Table

    Local Symbols

    Symbol Name                              Value     Ov Type        Size  Object(Section)

    ../clib/microlib/init/entry.s            0x00000000   Number         0  entry9b.o ABSOLUTE
    ../clib/microlib/init/entry.s            0x00000000   Number         0  entry9a.o ABSOLUTE
    ../clib/microlib/init/entry.s            0x00000000   Number         0  entry8b.o ABSOLUTE
    ../clib/microlib/init/entry.s            0x00000000   Number         0  entry8a.o ABSOLUTE
    ../clib/microlib/init/entry.s            0x00000000   Number         0  entry7b.o ABSOLUTE
    ../clib/microlib/init/entry.s            0x00000000   Number         0  entry7a.o ABSOLUTE
    ../clib/microlib/init/entry.s            0x00000000   Number         0  entry5.o ABSOLUTE
    ../clib/microlib/init/entry.s            0x00000000   Number         0  entry2.o ABSOLUTE
    ../clib/microlib/init/entry.s            0x00000000   Number         0  entry.o ABSOLUTE
    ../clib/microlib/init/entry.s            0x00000000   Number         0  entry11b.o ABSOLUTE
    ../clib/microlib/init/entry.s            0x00000000   Number         0  entry11a.o ABSOLUTE
    ../clib/microlib/init/entry.s            0x00000000   Number         0  entry10b.o ABSOLUTE
    ../clib/microlib/init/entry.s            0x00000000   Number         0  entry10a.o ABSOLUTE
    ../clib/microlib/longlong.c              0x00000000   Number         0  llshl.o ABSOLUTE
    ../clib/microlib/longlong.c              0x00000000   Number         0  llushr.o ABSOLUTE
    ../clib/microlib/stubs.s                 0x00000000   Number         0  iusefp.o ABSOLUTE
    ../fplib/microlib/d2f.c                  0x00000000   Number         0  d2f.o ABSOLUTE
    ../fplib/microlib/f2d.c                  0x00000000   Number         0  f2d.o ABSOLUTE
    ../fplib/microlib/fpadd.c                0x00000000   Number         0  fadd.o ABSOLUTE
    ../fplib/microlib/fpdiv.c                0x00000000   Number         0  ddiv.o ABSOLUTE
    ../fplib/microlib/fpepilogue.c           0x00000000   Number         0  depilogue.o ABSOLUTE
    ../fplib/microlib/fpepilogue.c           0x00000000   Number         0  fepilogue.o ABSOLUTE
    ../fplib/microlib/fpfix.c                0x00000000   Number         0  dfixi.o ABSOLUTE
    ../fplib/microlib/fpfix.c                0x00000000   Number         0  ffixi.o ABSOLUTE
    ../fplib/microlib/fpflt.c                0x00000000   Number         0  dfltui.o ABSOLUTE
    ../fplib/microlib/fpflt.c                0x00000000   Number         0  dflti.o ABSOLUTE
    ../fplib/microlib/fpflt.c                0x00000000   Number         0  ffltui.o ABSOLUTE
    ../fplib/microlib/fpmul.c                0x00000000   Number         0  fmul.o ABSOLUTE
    ../fplib/microlib/fpmul.c                0x00000000   Number         0  dmul.o ABSOLUTE
    ..\..\Libraries\CMSIS\CM3\CoreSupport\core_cm3.c 0x00000000   Number         0  core_cm3.o ABSOLUTE
    ..\..\Libraries\CMSIS\CM3\DeviceSupport\ST\STM32F10x\startup\arm\startup_stm32f10x_md.s 0x00000000   Number         0  startup_stm32f10x_md.o ABSOLUTE
    ..\..\Libraries\CMSIS\CM3\DeviceSupport\ST\STM32F10x\system_stm32f10x.c 0x00000000   Number         0  system_stm32f10x.o ABSOLUTE
    ..\..\Libraries\STM32F10x_StdPeriph_Driver\src\misc.c 0x00000000   Number         0  misc.o ABSOLUTE
    ..\..\Libraries\STM32F10x_StdPeriph_Driver\src\stm32f10x_adc.c 0x00000000   Number         0  stm32f10x_adc.o ABSOLUTE
    ..\..\Libraries\STM32F10x_StdPeriph_Driver\src\stm32f10x_gpio.c 0x00000000   Number         0  stm32f10x_gpio.o ABSOLUTE
    ..\..\Libraries\STM32F10x_StdPeriph_Driver\src\stm32f10x_rcc.c 0x00000000   Number         0  stm32f10x_rcc.o ABSOLUTE
    ..\..\Libraries\STM32F10x_StdPeriph_Driver\src\stm32f10x_tim.c 0x00000000   Number         0  stm32f10x_tim.o ABSOLUTE
    ..\..\Libraries\STM32F10x_StdPeriph_Driver\src\stm32f10x_usart.c 0x00000000   Number         0  stm32f10x_usart.o ABSOLUTE
    ..\..\User\src\adc.c                     0x00000000   Number         0  adc.o ABSOLUTE
    ..\..\User\src\main.c                    0x00000000   Number         0  main.o ABSOLUTE
    ..\..\User\src\motor.c                   0x00000000   Number         0  motor.o ABSOLUTE
    ..\..\User\src\pwm.c                     0x00000000   Number         0  pwm.o ABSOLUTE
    ..\..\User\src\time2.c                   0x00000000   Number         0  time2.o ABSOLUTE
    ..\\..\\Libraries\\CMSIS\\CM3\\CoreSupport\\core_cm3.c 0x00000000   Number         0  core_cm3.o ABSOLUTE
    dc.s                                     0x00000000   Number         0  dc.o ABSOLUTE
    handlers.s                               0x00000000   Number         0  handlers.o ABSOLUTE
    init.s                                   0x00000000   Number         0  init.o ABSOLUTE
    RESET                                    0x08000000   Section      236  startup_stm32f10x_md.o(RESET)
    .ARM.Collect$$$$00000000                 0x080000ec   Section        0  entry.o(.ARM.Collect$$$$00000000)
    .ARM.Collect$$$$00000001                 0x080000ec   Section        4  entry2.o(.ARM.Collect$$$$00000001)
    .ARM.Collect$$$$00000004                 0x080000f0   Section        4  entry5.o(.ARM.Collect$$$$00000004)
    .ARM.Collect$$$$00000008                 0x080000f4   Section        0  entry7b.o(.ARM.Collect$$$$00000008)
    .ARM.Collect$$$$0000000A                 0x080000f4   Section        0  entry8b.o(.ARM.Collect$$$$0000000A)
    .ARM.Collect$$$$0000000B                 0x080000f4   Section        8  entry9a.o(.ARM.Collect$$$$0000000B)
    .ARM.Collect$$$$0000000D                 0x080000fc   Section        0  entry10a.o(.ARM.Collect$$$$0000000D)
    .ARM.Collect$$$$0000000F                 0x080000fc   Section        0  entry11a.o(.ARM.Collect$$$$0000000F)
    .ARM.Collect$$$$00002712                 0x080000fc   Section        4  entry2.o(.ARM.Collect$$$$00002712)
    __lit__00000000                          0x080000fc   Data           4  entry2.o(.ARM.Collect$$$$00002712)
    .text                                    0x08000100   Section        0  main.o(.text)
    .text                                    0x080001dc   Section        0  adc.o(.text)
    .text                                    0x08000310   Section        0  motor.o(.text)
    .text                                    0x0800051c   Section        0  time2.o(.text)
    .text                                    0x080006ec   Section        0  pwm.o(.text)
    .text                                    0x08000794   Section        0  misc.o(.text)
    .text                                    0x08000870   Section        0  stm32f10x_gpio.o(.text)
    .text                                    0x08000bc8   Section        0  stm32f10x_rcc.o(.text)
    .text                                    0x08000f6c   Section        0  stm32f10x_tim.o(.text)
    TI4_Config                               0x08001413   Thumb Code   130  stm32f10x_tim.o(.text)
    TI3_Config                               0x080014a7   Thumb Code   122  stm32f10x_tim.o(.text)
    TI2_Config                               0x0800153b   Thumb Code   130  stm32f10x_tim.o(.text)
    TI1_Config                               0x080015cf   Thumb Code   108  stm32f10x_tim.o(.text)
    .text                                    0x08001d88   Section        0  stm32f10x_adc.o(.text)
    .text                                    0x080021d8   Section       36  startup_stm32f10x_md.o(.text)
    .text                                    0x080021fc   Section        0  system_stm32f10x.o(.text)
    SetSysClockTo72                          0x080021fd   Thumb Code   212  system_stm32f10x.o(.text)
    SetSysClock                              0x080022d1   Thumb Code     8  system_stm32f10x.o(.text)
    .text                                    0x080023d8   Section        0  fadd.o(.text)
    .text                                    0x08002488   Section        0  fmul.o(.text)
    .text                                    0x080024f4   Section        0  dmul.o(.text)
    .text                                    0x080025d8   Section        0  ddiv.o(.text)
    .text                                    0x080026b6   Section        0  ffltui.o(.text)
    .text                                    0x080026c0   Section        0  dflti.o(.text)
    .text                                    0x080026e2   Section        0  dfltui.o(.text)
    .text                                    0x080026fc   Section        0  ffixi.o(.text)
    .text                                    0x0800272e   Section        0  dfixi.o(.text)
    .text                                    0x0800276c   Section        0  f2d.o(.text)
    .text                                    0x08002792   Section        0  d2f.o(.text)
    .text                                    0x080027ca   Section        0  llushr.o(.text)
    .text                                    0x080027ea   Section        0  fepilogue.o(.text)
    .text                                    0x080027ea   Section        0  iusefp.o(.text)
    .text                                    0x08002856   Section        0  depilogue.o(.text)
    .text                                    0x08002914   Section       36  init.o(.text)
    .text                                    0x08002938   Section        0  llshl.o(.text)
    i.__scatterload_copy                     0x08002956   Section       14  handlers.o(i.__scatterload_copy)
    i.__scatterload_null                     0x08002964   Section        2  handlers.o(i.__scatterload_null)
    i.__scatterload_zeroinit                 0x08002966   Section       14  handlers.o(i.__scatterload_zeroinit)
    .data                                    0x20000000   Section       28  main.o(.data)
    .data                                    0x2000001c   Section        4  adc.o(.data)
    .data                                    0x20000020   Section        8  motor.o(.data)
    .data                                    0x20000028   Section        4  time2.o(.data)
    fac_us                                   0x20000028   Data           1  time2.o(.data)
    fac_ms                                   0x2000002a   Data           2  time2.o(.data)
    .data                                    0x2000002c   Section       20  stm32f10x_rcc.o(.data)
    APBAHBPrescTable                         0x2000002c   Data          16  stm32f10x_rcc.o(.data)
    ADCPrescTable                            0x2000003c   Data           4  stm32f10x_rcc.o(.data)
    .data                                    0x20000040   Section       20  system_stm32f10x.o(.data)
    STACK                                    0x20000058   Section     1024  startup_stm32f10x_md.o(STACK)

    Global Symbols

    Symbol Name                              Value     Ov Type        Size  Object(Section)

    BuildAttributes$$THM_ISAv4$P$D$K$B$S$PE$A:L22UL41UL21$X:L11$S22US41US21$IEEE1$IW$USESV6$~STKCKD$USESV7$~SHL$OTIME$ROPI$EBA8$MICROLIB$REQ8$PRES8$EABIv2 0x00000000   Number         0  anon$$obj.o ABSOLUTE
    __ARM_use_no_argv                        0x00000000   Number         0  main.o ABSOLUTE
    __cpp_initialize__aeabi_                  - Undefined Weak Reference
    __cxa_finalize                            - Undefined Weak Reference
    __decompress                              - Undefined Weak Reference
    _clock_init                               - Undefined Weak Reference
    _microlib_exit                            - Undefined Weak Reference
    __Vectors_Size                           0x000000ec   Number         0  startup_stm32f10x_md.o ABSOLUTE
    __Vectors                                0x08000000   Data           4  startup_stm32f10x_md.o(RESET)
    __Vectors_End                            0x080000ec   Data           0  startup_stm32f10x_md.o(RESET)
    __main                                   0x080000ed   Thumb Code     0  entry.o(.ARM.Collect$$$$00000000)
    _main_stk                                0x080000ed   Thumb Code     0  entry2.o(.ARM.Collect$$$$00000001)
    _main_scatterload                        0x080000f1   Thumb Code     0  entry5.o(.ARM.Collect$$$$00000004)
    __main_after_scatterload                 0x080000f5   Thumb Code     0  entry5.o(.ARM.Collect$$$$00000004)
    _main_clock                              0x080000f5   Thumb Code     0  entry7b.o(.ARM.Collect$$$$00000008)
    _main_cpp_init                           0x080000f5   Thumb Code     0  entry8b.o(.ARM.Collect$$$$0000000A)
    _main_init                               0x080000f5   Thumb Code     0  entry9a.o(.ARM.Collect$$$$0000000B)
    __rt_final_cpp                           0x080000fd   Thumb Code     0  entry10a.o(.ARM.Collect$$$$0000000D)
    __rt_final_exit                          0x080000fd   Thumb Code     0  entry11a.o(.ARM.Collect$$$$0000000F)
    main                                     0x08000101   Thumb Code   180  main.o(.text)
    ADC_Configuration                        0x080001dd   Thumb Code   160  adc.o(.text)
    Get_Adc                                  0x0800027d   Thumb Code    38  adc.o(.text)
    Get_Angular_Speed                        0x080002a3   Thumb Code    76  adc.o(.text)
    Motor_GPIO_Init                          0x08000311   Thumb Code   146  motor.o(.text)
    motor_run                                0x080003a3   Thumb Code   364  motor.o(.text)
    TIM2_Configuration                       0x0800051d   Thumb Code   266  time2.o(.text)
    TIM2_IRQHandler                          0x08000627   Thumb Code    38  time2.o(.text)
    delay_init                               0x0800064d   Thumb Code    56  time2.o(.text)
    delay_us                                 0x08000685   Thumb Code    54  time2.o(.text)
    delay_ms                                 0x080006bb   Thumb Code    28  time2.o(.text)
    PWM_Init                                 0x080006ed   Thumb Code   154  pwm.o(.text)
    NVIC_PriorityGroupConfig                 0x08000795   Thumb Code    10  misc.o(.text)
    NVIC_Init                                0x0800079f   Thumb Code   102  misc.o(.text)
    NVIC_SetVectorTable                      0x08000805   Thumb Code    14  misc.o(.text)
    NVIC_SystemLPConfig                      0x08000813   Thumb Code    34  misc.o(.text)
    SysTick_CLKSourceConfig                  0x08000835   Thumb Code    40  misc.o(.text)
    GPIO_DeInit                              0x08000871   Thumb Code   172  stm32f10x_gpio.o(.text)
    GPIO_AFIODeInit                          0x0800091d   Thumb Code    20  stm32f10x_gpio.o(.text)
    GPIO_Init                                0x08000931   Thumb Code   274  stm32f10x_gpio.o(.text)
    GPIO_StructInit                          0x08000a43   Thumb Code    16  stm32f10x_gpio.o(.text)
    GPIO_ReadInputDataBit                    0x08000a53   Thumb Code    18  stm32f10x_gpio.o(.text)
    GPIO_ReadInputData                       0x08000a65   Thumb Code     8  stm32f10x_gpio.o(.text)
    GPIO_ReadOutputDataBit                   0x08000a6d   Thumb Code    18  stm32f10x_gpio.o(.text)
    GPIO_ReadOutputData                      0x08000a7f   Thumb Code     8  stm32f10x_gpio.o(.text)
    GPIO_SetBits                             0x08000a87   Thumb Code     4  stm32f10x_gpio.o(.text)
    GPIO_ResetBits                           0x08000a8b   Thumb Code     4  stm32f10x_gpio.o(.text)
    GPIO_WriteBit                            0x08000a8f   Thumb Code    10  stm32f10x_gpio.o(.text)
    GPIO_Write                               0x08000a99   Thumb Code     4  stm32f10x_gpio.o(.text)
    GPIO_PinLockConfig                       0x08000a9d   Thumb Code    18  stm32f10x_gpio.o(.text)
    GPIO_EventOutputConfig                   0x08000aaf   Thumb Code    26  stm32f10x_gpio.o(.text)
    GPIO_EventOutputCmd                      0x08000ac9   Thumb Code     6  stm32f10x_gpio.o(.text)
    GPIO_PinRemapConfig                      0x08000acf   Thumb Code   138  stm32f10x_gpio.o(.text)
    GPIO_EXTILineConfig                      0x08000b59   Thumb Code    66  stm32f10x_gpio.o(.text)
    GPIO_ETH_MediaInterfaceConfig            0x08000b9b   Thumb Code     6  stm32f10x_gpio.o(.text)
    RCC_DeInit                               0x08000bc9   Thumb Code    64  stm32f10x_rcc.o(.text)
    RCC_HSEConfig                            0x08000c09   Thumb Code    70  stm32f10x_rcc.o(.text)
    RCC_GetFlagStatus                        0x08000c4f   Thumb Code    56  stm32f10x_rcc.o(.text)
    RCC_WaitForHSEStartUp                    0x08000c87   Thumb Code    56  stm32f10x_rcc.o(.text)
    RCC_AdjustHSICalibrationValue            0x08000cbf   Thumb Code    20  stm32f10x_rcc.o(.text)
    RCC_HSICmd                               0x08000cd3   Thumb Code     6  stm32f10x_rcc.o(.text)
    RCC_PLLConfig                            0x08000cd9   Thumb Code    24  stm32f10x_rcc.o(.text)
    RCC_PLLCmd                               0x08000cf1   Thumb Code     6  stm32f10x_rcc.o(.text)
    RCC_SYSCLKConfig                         0x08000cf7   Thumb Code    18  stm32f10x_rcc.o(.text)
    RCC_GetSYSCLKSource                      0x08000d09   Thumb Code    10  stm32f10x_rcc.o(.text)
    RCC_HCLKConfig                           0x08000d13   Thumb Code    18  stm32f10x_rcc.o(.text)
    RCC_PCLK1Config                          0x08000d25   Thumb Code    18  stm32f10x_rcc.o(.text)
    RCC_PCLK2Config                          0x08000d37   Thumb Code    20  stm32f10x_rcc.o(.text)
    RCC_ITConfig                             0x08000d4b   Thumb Code    26  stm32f10x_rcc.o(.text)
    RCC_USBCLKConfig                         0x08000d65   Thumb Code     6  stm32f10x_rcc.o(.text)
    RCC_ADCCLKConfig                         0x08000d6b   Thumb Code    18  stm32f10x_rcc.o(.text)
    RCC_LSEConfig                            0x08000d7d   Thumb Code    44  stm32f10x_rcc.o(.text)
    RCC_LSICmd                               0x08000da9   Thumb Code     6  stm32f10x_rcc.o(.text)
    RCC_RTCCLKConfig                         0x08000daf   Thumb Code    12  stm32f10x_rcc.o(.text)
    RCC_RTCCLKCmd                            0x08000dbb   Thumb Code     8  stm32f10x_rcc.o(.text)
    RCC_GetClocksFreq                        0x08000dc3   Thumb Code   192  stm32f10x_rcc.o(.text)
    RCC_AHBPeriphClockCmd                    0x08000e83   Thumb Code    26  stm32f10x_rcc.o(.text)
    RCC_APB2PeriphClockCmd                   0x08000e9d   Thumb Code    26  stm32f10x_rcc.o(.text)
    RCC_APB1PeriphClockCmd                   0x08000eb7   Thumb Code    26  stm32f10x_rcc.o(.text)
    RCC_APB2PeriphResetCmd                   0x08000ed1   Thumb Code    26  stm32f10x_rcc.o(.text)
    RCC_APB1PeriphResetCmd                   0x08000eeb   Thumb Code    26  stm32f10x_rcc.o(.text)
    RCC_BackupResetCmd                       0x08000f05   Thumb Code     8  stm32f10x_rcc.o(.text)
    RCC_ClockSecuritySystemCmd               0x08000f0d   Thumb Code     6  stm32f10x_rcc.o(.text)
    RCC_MCOConfig                            0x08000f13   Thumb Code     6  stm32f10x_rcc.o(.text)
    RCC_ClearFlag                            0x08000f19   Thumb Code    14  stm32f10x_rcc.o(.text)
    RCC_GetITStatus                          0x08000f27   Thumb Code    20  stm32f10x_rcc.o(.text)
    RCC_ClearITPendingBit                    0x08000f3b   Thumb Code     6  stm32f10x_rcc.o(.text)
    TIM_DeInit                               0x08000f6d   Thumb Code   424  stm32f10x_tim.o(.text)
    TIM_TimeBaseInit                         0x08001115   Thumb Code   122  stm32f10x_tim.o(.text)
    TIM_OC1Init                              0x0800118f   Thumb Code   132  stm32f10x_tim.o(.text)
    TIM_OC2Init                              0x08001213   Thumb Code   154  stm32f10x_tim.o(.text)
    TIM_OC3Init                              0x080012ad   Thumb Code   150  stm32f10x_tim.o(.text)
    TIM_OC4Init                              0x08001343   Thumb Code   182  stm32f10x_tim.o(.text)
    TIM_SetIC4Prescaler                      0x080013f9   Thumb Code    26  stm32f10x_tim.o(.text)
    TIM_SetIC3Prescaler                      0x08001495   Thumb Code    18  stm32f10x_tim.o(.text)
    TIM_SetIC2Prescaler                      0x08001521   Thumb Code    26  stm32f10x_tim.o(.text)
    TIM_SetIC1Prescaler                      0x080015bd   Thumb Code    18  stm32f10x_tim.o(.text)
    TIM_ICInit                               0x0800163b   Thumb Code   150  stm32f10x_tim.o(.text)
    TIM_PWMIConfig                           0x080016d1   Thumb Code   124  stm32f10x_tim.o(.text)
    TIM_BDTRConfig                           0x0800174d   Thumb Code    32  stm32f10x_tim.o(.text)
    TIM_TimeBaseStructInit                   0x0800176d   Thumb Code    18  stm32f10x_tim.o(.text)
    TIM_OCStructInit                         0x0800177f   Thumb Code    20  stm32f10x_tim.o(.text)
    TIM_ICStructInit                         0x08001793   Thumb Code    18  stm32f10x_tim.o(.text)
    TIM_BDTRStructInit                       0x080017a5   Thumb Code    40  stm32f10x_tim.o(.text)
    TIM_Cmd                                  0x080017cd   Thumb Code    24  stm32f10x_tim.o(.text)
    TIM_CtrlPWMOutputs                       0x080017e5   Thumb Code    30  stm32f10x_tim.o(.text)
    TIM_ITConfig                             0x08001803   Thumb Code    18  stm32f10x_tim.o(.text)
    TIM_GenerateEvent                        0x08001815   Thumb Code     4  stm32f10x_tim.o(.text)
    TIM_DMAConfig                            0x08001819   Thumb Code    10  stm32f10x_tim.o(.text)
    TIM_DMACmd                               0x08001823   Thumb Code    18  stm32f10x_tim.o(.text)
    TIM_InternalClockConfig                  0x08001835   Thumb Code    12  stm32f10x_tim.o(.text)
    TIM_SelectInputTrigger                   0x08001841   Thumb Code    18  stm32f10x_tim.o(.text)
    TIM_ITRxExternalClockConfig              0x08001853   Thumb Code    24  stm32f10x_tim.o(.text)
    TIM_TIxExternalClockConfig               0x0800186b   Thumb Code    62  stm32f10x_tim.o(.text)
    TIM_ETRConfig                            0x080018a9   Thumb Code    28  stm32f10x_tim.o(.text)
    TIM_ETRClockMode1Config                  0x080018c5   Thumb Code    54  stm32f10x_tim.o(.text)
    TIM_ETRClockMode2Config                  0x080018fb   Thumb Code    32  stm32f10x_tim.o(.text)
    TIM_PrescalerConfig                      0x0800191b   Thumb Code     6  stm32f10x_tim.o(.text)
    TIM_CounterModeConfig                    0x08001921   Thumb Code    18  stm32f10x_tim.o(.text)
    TIM_EncoderInterfaceConfig               0x08001933   Thumb Code    66  stm32f10x_tim.o(.text)
    TIM_ForcedOC1Config                      0x08001975   Thumb Code    18  stm32f10x_tim.o(.text)
    TIM_ForcedOC2Config                      0x08001987   Thumb Code    26  stm32f10x_tim.o(.text)
    TIM_ForcedOC3Config                      0x080019a1   Thumb Code    18  stm32f10x_tim.o(.text)
    TIM_ForcedOC4Config                      0x080019b3   Thumb Code    26  stm32f10x_tim.o(.text)
    TIM_ARRPreloadConfig                     0x080019cd   Thumb Code    24  stm32f10x_tim.o(.text)
    TIM_SelectCOM                            0x080019e5   Thumb Code    24  stm32f10x_tim.o(.text)
    TIM_SelectCCDMA                          0x080019fd   Thumb Code    24  stm32f10x_tim.o(.text)
    TIM_CCPreloadControl                     0x08001a15   Thumb Code    24  stm32f10x_tim.o(.text)
    TIM_OC1PreloadConfig                     0x08001a2d   Thumb Code    18  stm32f10x_tim.o(.text)
    TIM_OC2PreloadConfig                     0x08001a3f   Thumb Code    26  stm32f10x_tim.o(.text)
    TIM_OC3PreloadConfig                     0x08001a59   Thumb Code    18  stm32f10x_tim.o(.text)
    TIM_OC4PreloadConfig                     0x08001a6b   Thumb Code    26  stm32f10x_tim.o(.text)
    TIM_OC1FastConfig                        0x08001a85   Thumb Code    18  stm32f10x_tim.o(.text)
    TIM_OC2FastConfig                        0x08001a97   Thumb Code    26  stm32f10x_tim.o(.text)
    TIM_OC3FastConfig                        0x08001ab1   Thumb Code    18  stm32f10x_tim.o(.text)
    TIM_OC4FastConfig                        0x08001ac3   Thumb Code    26  stm32f10x_tim.o(.text)
    TIM_ClearOC1Ref                          0x08001add   Thumb Code    18  stm32f10x_tim.o(.text)
    TIM_ClearOC2Ref                          0x08001aef   Thumb Code    24  stm32f10x_tim.o(.text)
    TIM_ClearOC3Ref                          0x08001b07   Thumb Code    18  stm32f10x_tim.o(.text)
    TIM_ClearOC4Ref                          0x08001b19   Thumb Code    24  stm32f10x_tim.o(.text)
    TIM_OC1PolarityConfig                    0x08001b31   Thumb Code    18  stm32f10x_tim.o(.text)
    TIM_OC1NPolarityConfig                   0x08001b43   Thumb Code    18  stm32f10x_tim.o(.text)
    TIM_OC2PolarityConfig                    0x08001b55   Thumb Code    26  stm32f10x_tim.o(.text)
    TIM_OC2NPolarityConfig                   0x08001b6f   Thumb Code    26  stm32f10x_tim.o(.text)
    TIM_OC3PolarityConfig                    0x08001b89   Thumb Code    26  stm32f10x_tim.o(.text)
    TIM_OC3NPolarityConfig                   0x08001ba3   Thumb Code    26  stm32f10x_tim.o(.text)
    TIM_OC4PolarityConfig                    0x08001bbd   Thumb Code    26  stm32f10x_tim.o(.text)
    TIM_CCxCmd                               0x08001bd7   Thumb Code    30  stm32f10x_tim.o(.text)
    TIM_CCxNCmd                              0x08001bf5   Thumb Code    30  stm32f10x_tim.o(.text)
    TIM_SelectOCxM                           0x08001c13   Thumb Code    82  stm32f10x_tim.o(.text)
    TIM_UpdateDisableConfig                  0x08001c65   Thumb Code    24  stm32f10x_tim.o(.text)
    TIM_UpdateRequestConfig                  0x08001c7d   Thumb Code    24  stm32f10x_tim.o(.text)
    TIM_SelectHallSensor                     0x08001c95   Thumb Code    24  stm32f10x_tim.o(.text)
    TIM_SelectOnePulseMode                   0x08001cad   Thumb Code    18  stm32f10x_tim.o(.text)
    TIM_SelectOutputTrigger                  0x08001cbf   Thumb Code    18  stm32f10x_tim.o(.text)
    TIM_SelectSlaveMode                      0x08001cd1   Thumb Code    18  stm32f10x_tim.o(.text)
    TIM_SelectMasterSlaveMode                0x08001ce3   Thumb Code    18  stm32f10x_tim.o(.text)
    TIM_SetCounter                           0x08001cf5   Thumb Code     4  stm32f10x_tim.o(.text)
    TIM_SetAutoreload                        0x08001cf9   Thumb Code     4  stm32f10x_tim.o(.text)
    TIM_SetCompare1                          0x08001cfd   Thumb Code     4  stm32f10x_tim.o(.text)
    TIM_SetCompare2                          0x08001d01   Thumb Code     4  stm32f10x_tim.o(.text)
    TIM_SetCompare3                          0x08001d05   Thumb Code     4  stm32f10x_tim.o(.text)
    TIM_SetCompare4                          0x08001d09   Thumb Code     6  stm32f10x_tim.o(.text)
    TIM_SetClockDivision                     0x08001d0f   Thumb Code    18  stm32f10x_tim.o(.text)
    TIM_GetCapture1                          0x08001d21   Thumb Code     6  stm32f10x_tim.o(.text)
    TIM_GetCapture2                          0x08001d27   Thumb Code     6  stm32f10x_tim.o(.text)
    TIM_GetCapture3                          0x08001d2d   Thumb Code     6  stm32f10x_tim.o(.text)
    TIM_GetCapture4                          0x08001d33   Thumb Code     8  stm32f10x_tim.o(.text)
    TIM_GetCounter                           0x08001d3b   Thumb Code     6  stm32f10x_tim.o(.text)
    TIM_GetPrescaler                         0x08001d41   Thumb Code     6  stm32f10x_tim.o(.text)
    TIM_GetFlagStatus                        0x08001d47   Thumb Code    18  stm32f10x_tim.o(.text)
    TIM_ClearFlag                            0x08001d59   Thumb Code     6  stm32f10x_tim.o(.text)
    TIM_GetITStatus                          0x08001d5f   Thumb Code    34  stm32f10x_tim.o(.text)
    TIM_ClearITPendingBit                    0x08001d81   Thumb Code     6  stm32f10x_tim.o(.text)
    ADC_DeInit                               0x08001d89   Thumb Code    78  stm32f10x_adc.o(.text)
    ADC_Init                                 0x08001dd7   Thumb Code    70  stm32f10x_adc.o(.text)
    ADC_StructInit                           0x08001e1d   Thumb Code    18  stm32f10x_adc.o(.text)
    ADC_Cmd                                  0x08001e2f   Thumb Code    22  stm32f10x_adc.o(.text)
    ADC_DMACmd                               0x08001e45   Thumb Code    22  stm32f10x_adc.o(.text)
    ADC_ITConfig                             0x08001e5b   Thumb Code    24  stm32f10x_adc.o(.text)
    ADC_ResetCalibration                     0x08001e73   Thumb Code    10  stm32f10x_adc.o(.text)
    ADC_GetResetCalibrationStatus            0x08001e7d   Thumb Code    20  stm32f10x_adc.o(.text)
    ADC_StartCalibration                     0x08001e91   Thumb Code    10  stm32f10x_adc.o(.text)
    ADC_GetCalibrationStatus                 0x08001e9b   Thumb Code    20  stm32f10x_adc.o(.text)
    ADC_SoftwareStartConvCmd                 0x08001eaf   Thumb Code    22  stm32f10x_adc.o(.text)
    ADC_GetSoftwareStartConvStatus           0x08001ec5   Thumb Code    20  stm32f10x_adc.o(.text)
    ADC_DiscModeChannelCountConfig           0x08001ed9   Thumb Code    24  stm32f10x_adc.o(.text)
    ADC_DiscModeCmd                          0x08001ef1   Thumb Code    22  stm32f10x_adc.o(.text)
    ADC_RegularChannelConfig                 0x08001f07   Thumb Code   184  stm32f10x_adc.o(.text)
    ADC_ExternalTrigConvCmd                  0x08001fbf   Thumb Code    22  stm32f10x_adc.o(.text)
    ADC_GetConversionValue                   0x08001fd5   Thumb Code     8  stm32f10x_adc.o(.text)
    ADC_GetDualModeConversionValue           0x08001fdd   Thumb Code     8  stm32f10x_adc.o(.text)
    ADC_AutoInjectedConvCmd                  0x08001fe5   Thumb Code    22  stm32f10x_adc.o(.text)
    ADC_InjectedDiscModeCmd                  0x08001ffb   Thumb Code    22  stm32f10x_adc.o(.text)
    ADC_ExternalTrigInjectedConvConfig       0x08002011   Thumb Code    16  stm32f10x_adc.o(.text)
    ADC_ExternalTrigInjectedConvCmd          0x08002021   Thumb Code    22  stm32f10x_adc.o(.text)
    ADC_SoftwareStartInjectedConvCmd         0x08002037   Thumb Code    22  stm32f10x_adc.o(.text)
    ADC_GetSoftwareStartInjectedConvCmdStatus 0x0800204d   Thumb Code    20  stm32f10x_adc.o(.text)
    ADC_InjectedChannelConfig                0x08002061   Thumb Code   130  stm32f10x_adc.o(.text)
    ADC_InjectedSequencerLengthConfig        0x080020e3   Thumb Code    24  stm32f10x_adc.o(.text)
    ADC_SetInjectedOffset                    0x080020fb   Thumb Code    20  stm32f10x_adc.o(.text)
    ADC_GetInjectedConversionValue           0x0800210f   Thumb Code    28  stm32f10x_adc.o(.text)
    ADC_AnalogWatchdogCmd                    0x0800212b   Thumb Code    16  stm32f10x_adc.o(.text)
    ADC_AnalogWatchdogThresholdsConfig       0x0800213b   Thumb Code     6  stm32f10x_adc.o(.text)
    ADC_AnalogWatchdogSingleChannelConfig    0x08002141   Thumb Code    16  stm32f10x_adc.o(.text)
    ADC_TempSensorVrefintCmd                 0x08002151   Thumb Code    64  stm32f10x_adc.o(.text)
    ADC_GetFlagStatus                        0x08002191   Thumb Code    18  stm32f10x_adc.o(.text)
    ADC_ClearFlag                            0x080021a3   Thumb Code     6  stm32f10x_adc.o(.text)
    ADC_GetITStatus                          0x080021a9   Thumb Code    36  stm32f10x_adc.o(.text)
    ADC_ClearITPendingBit                    0x080021cd   Thumb Code    10  stm32f10x_adc.o(.text)
    Reset_Handler                            0x080021d9   Thumb Code     8  startup_stm32f10x_md.o(.text)
    NMI_Handler                              0x080021e1   Thumb Code     2  startup_stm32f10x_md.o(.text)
    HardFault_Handler                        0x080021e3   Thumb Code     2  startup_stm32f10x_md.o(.text)
    MemManage_Handler                        0x080021e5   Thumb Code     2  startup_stm32f10x_md.o(.text)
    BusFault_Handler                         0x080021e7   Thumb Code     2  startup_stm32f10x_md.o(.text)
    UsageFault_Handler                       0x080021e9   Thumb Code     2  startup_stm32f10x_md.o(.text)
    SVC_Handler                              0x080021eb   Thumb Code     2  startup_stm32f10x_md.o(.text)
    DebugMon_Handler                         0x080021ed   Thumb Code     2  startup_stm32f10x_md.o(.text)
    PendSV_Handler                           0x080021ef   Thumb Code     2  startup_stm32f10x_md.o(.text)
    SysTick_Handler                          0x080021f1   Thumb Code     2  startup_stm32f10x_md.o(.text)
    ADC1_2_IRQHandler                        0x080021f3   Thumb Code     0  startup_stm32f10x_md.o(.text)
    CAN1_RX1_IRQHandler                      0x080021f3   Thumb Code     0  startup_stm32f10x_md.o(.text)
    CAN1_SCE_IRQHandler                      0x080021f3   Thumb Code     0  startup_stm32f10x_md.o(.text)
    DMA1_Channel1_IRQHandler                 0x080021f3   Thumb Code     0  startup_stm32f10x_md.o(.text)
    DMA1_Channel2_IRQHandler                 0x080021f3   Thumb Code     0  startup_stm32f10x_md.o(.text)
    DMA1_Channel3_IRQHandler                 0x080021f3   Thumb Code     0  startup_stm32f10x_md.o(.text)
    DMA1_Channel4_IRQHandler                 0x080021f3   Thumb Code     0  startup_stm32f10x_md.o(.text)
    DMA1_Channel5_IRQHandler                 0x080021f3   Thumb Code     0  startup_stm32f10x_md.o(.text)
    DMA1_Channel6_IRQHandler                 0x080021f3   Thumb Code     0  startup_stm32f10x_md.o(.text)
    DMA1_Channel7_IRQHandler                 0x080021f3   Thumb Code     0  startup_stm32f10x_md.o(.text)
    EXTI0_IRQHandler                         0x080021f3   Thumb Code     0  startup_stm32f10x_md.o(.text)
    EXTI15_10_IRQHandler                     0x080021f3   Thumb Code     0  startup_stm32f10x_md.o(.text)
    EXTI1_IRQHandler                         0x080021f3   Thumb Code     0  startup_stm32f10x_md.o(.text)
    EXTI2_IRQHandler                         0x080021f3   Thumb Code     0  startup_stm32f10x_md.o(.text)
    EXTI3_IRQHandler                         0x080021f3   Thumb Code     0  startup_stm32f10x_md.o(.text)
    EXTI4_IRQHandler                         0x080021f3   Thumb Code     0  startup_stm32f10x_md.o(.text)
    EXTI9_5_IRQHandler                       0x080021f3   Thumb Code     0  startup_stm32f10x_md.o(.text)
    FLASH_IRQHandler                         0x080021f3   Thumb Code     0  startup_stm32f10x_md.o(.text)
    I2C1_ER_IRQHandler                       0x080021f3   Thumb Code     0  startup_stm32f10x_md.o(.text)
    I2C1_EV_IRQHandler                       0x080021f3   Thumb Code     0  startup_stm32f10x_md.o(.text)
    I2C2_ER_IRQHandler                       0x080021f3   Thumb Code     0  startup_stm32f10x_md.o(.text)
    I2C2_EV_IRQHandler                       0x080021f3   Thumb Code     0  startup_stm32f10x_md.o(.text)
    PVD_IRQHandler                           0x080021f3   Thumb Code     0  startup_stm32f10x_md.o(.text)
    RCC_IRQHandler                           0x080021f3   Thumb Code     0  startup_stm32f10x_md.o(.text)
    RTCAlarm_IRQHandler                      0x080021f3   Thumb Code     0  startup_stm32f10x_md.o(.text)
    RTC_IRQHandler                           0x080021f3   Thumb Code     0  startup_stm32f10x_md.o(.text)
    SPI1_IRQHandler                          0x080021f3   Thumb Code     0  startup_stm32f10x_md.o(.text)
    SPI2_IRQHandler                          0x080021f3   Thumb Code     0  startup_stm32f10x_md.o(.text)
    TAMPER_IRQHandler                        0x080021f3   Thumb Code     0  startup_stm32f10x_md.o(.text)
    TIM1_BRK_IRQHandler                      0x080021f3   Thumb Code     0  startup_stm32f10x_md.o(.text)
    TIM1_CC_IRQHandler                       0x080021f3   Thumb Code     0  startup_stm32f10x_md.o(.text)
    TIM1_TRG_COM_IRQHandler                  0x080021f3   Thumb Code     0  startup_stm32f10x_md.o(.text)
    TIM1_UP_IRQHandler                       0x080021f3   Thumb Code     0  startup_stm32f10x_md.o(.text)
    TIM3_IRQHandler                          0x080021f3   Thumb Code     0  startup_stm32f10x_md.o(.text)
    TIM4_IRQHandler                          0x080021f3   Thumb Code     0  startup_stm32f10x_md.o(.text)
    USART1_IRQHandler                        0x080021f3   Thumb Code     0  startup_stm32f10x_md.o(.text)
    USART2_IRQHandler                        0x080021f3   Thumb Code     0  startup_stm32f10x_md.o(.text)
    USART3_IRQHandler                        0x080021f3   Thumb Code     0  startup_stm32f10x_md.o(.text)
    USBWakeUp_IRQHandler                     0x080021f3   Thumb Code     0  startup_stm32f10x_md.o(.text)
    USB_HP_CAN1_TX_IRQHandler                0x080021f3   Thumb Code     0  startup_stm32f10x_md.o(.text)
    USB_LP_CAN1_RX0_IRQHandler               0x080021f3   Thumb Code     0  startup_stm32f10x_md.o(.text)
    WWDG_IRQHandler                          0x080021f3   Thumb Code     0  startup_stm32f10x_md.o(.text)
    SystemInit                               0x080022d9   Thumb Code    78  system_stm32f10x.o(.text)
    SystemCoreClockUpdate                    0x08002327   Thumb Code   142  system_stm32f10x.o(.text)
    __aeabi_fadd                             0x080023d9   Thumb Code   164  fadd.o(.text)
    __aeabi_fsub                             0x0800247d   Thumb Code     6  fadd.o(.text)
    __aeabi_frsub                            0x08002483   Thumb Code     6  fadd.o(.text)
    __aeabi_fmul                             0x08002489   Thumb Code   108  fmul.o(.text)
    __aeabi_dmul                             0x080024f5   Thumb Code   228  dmul.o(.text)
    __aeabi_ddiv                             0x080025d9   Thumb Code   222  ddiv.o(.text)
    __aeabi_ui2f                             0x080026b7   Thumb Code    10  ffltui.o(.text)
    __aeabi_i2d                              0x080026c1   Thumb Code    34  dflti.o(.text)
    __aeabi_ui2d                             0x080026e3   Thumb Code    26  dfltui.o(.text)
    __aeabi_f2iz                             0x080026fd   Thumb Code    50  ffixi.o(.text)
    __aeabi_d2iz                             0x0800272f   Thumb Code    62  dfixi.o(.text)
    __aeabi_f2d                              0x0800276d   Thumb Code    38  f2d.o(.text)
    __aeabi_d2f                              0x08002793   Thumb Code    56  d2f.o(.text)
    __aeabi_llsr                             0x080027cb   Thumb Code    32  llushr.o(.text)
    _ll_ushift_r                             0x080027cb   Thumb Code     0  llushr.o(.text)
    __I$use$fp                               0x080027eb   Thumb Code     0  iusefp.o(.text)
    _float_round                             0x080027eb   Thumb Code    18  fepilogue.o(.text)
    _float_epilogue                          0x080027fd   Thumb Code    90  fepilogue.o(.text)
    _double_round                            0x08002857   Thumb Code    26  depilogue.o(.text)
    _double_epilogue                         0x08002871   Thumb Code   164  depilogue.o(.text)
    __scatterload                            0x08002915   Thumb Code    28  init.o(.text)
    __scatterload_rt2                        0x08002915   Thumb Code     0  init.o(.text)
    __aeabi_llsl                             0x08002939   Thumb Code    30  llshl.o(.text)
    _ll_shift_l                              0x08002939   Thumb Code     0  llshl.o(.text)
    __scatterload_copy                       0x08002957   Thumb Code    14  handlers.o(i.__scatterload_copy)
    __scatterload_null                       0x08002965   Thumb Code     2  handlers.o(i.__scatterload_null)
    __scatterload_zeroinit                   0x08002967   Thumb Code    14  handlers.o(i.__scatterload_zeroinit)
    Region$$Table$$Base                      0x08002974   Number         0  anon$$obj.o(Region$$Table)
    Region$$Table$$Limit                     0x08002994   Number         0  anon$$obj.o(Region$$Table)
    VolValue                                 0x20000000   Data           4  main.o(.data)
    VolValue_Local                           0x20000004   Data           4  main.o(.data)
    a                                        0x20000008   Data           4  main.o(.data)
    j                                        0x2000000c   Data           4  main.o(.data)
    ARR                                      0x20000010   Data           4  main.o(.data)
    CCR_Val                                  0x20000014   Data           4  main.o(.data)
    Angular_Speed                            0x20000018   Data           4  main.o(.data)
    adc_flag                                 0x2000001c   Data           4  adc.o(.data)
    i                                        0x20000020   Data           4  motor.o(.data)
    motor_run_flag                           0x20000024   Data           4  motor.o(.data)
    SystemCoreClock                          0x20000040   Data           4  system_stm32f10x.o(.data)
    AHBPrescTable                            0x20000044   Data          16  system_stm32f10x.o(.data)
    __initial_sp                             0x20000458   Data           0  startup_stm32f10x_md.o(STACK)



==============================================================================

Memory Map of the image

  Image Entry point : 0x080000ed

  Load Region LR_IROM1 (Base: 0x08000000, Size: 0x000029e8, Max: 0x00010000, ABSOLUTE)

    Execution Region ER_IROM1 (Base: 0x08000000, Size: 0x00002994, Max: 0x00010000, ABSOLUTE)

    Base Addr    Size         Type   Attr      Idx    E Section Name        Object

    0x08000000   0x000000ec   Data   RO          265    RESET               startup_stm32f10x_md.o
    0x080000ec   0x00000000   Code   RO          299  * .ARM.Collect$$$$00000000  mc_w.l(entry.o)
    0x080000ec   0x00000004   Code   RO          324    .ARM.Collect$$$$00000001  mc_w.l(entry2.o)
    0x080000f0   0x00000004   Code   RO          327    .ARM.Collect$$$$00000004  mc_w.l(entry5.o)
    0x080000f4   0x00000000   Code   RO          329    .ARM.Collect$$$$00000008  mc_w.l(entry7b.o)
    0x080000f4   0x00000000   Code   RO          331    .ARM.Collect$$$$0000000A  mc_w.l(entry8b.o)
    0x080000f4   0x00000008   Code   RO          332    .ARM.Collect$$$$0000000B  mc_w.l(entry9a.o)
    0x080000fc   0x00000000   Code   RO          334    .ARM.Collect$$$$0000000D  mc_w.l(entry10a.o)
    0x080000fc   0x00000000   Code   RO          336    .ARM.Collect$$$$0000000F  mc_w.l(entry11a.o)
    0x080000fc   0x00000004   Code   RO          325    .ARM.Collect$$$$00002712  mc_w.l(entry2.o)
    0x08000100   0x000000dc   Code   RO            1    .text               main.o
    0x080001dc   0x00000134   Code   RO          122    .text               adc.o
    0x08000310   0x0000020c   Code   RO          141    .text               motor.o
    0x0800051c   0x000001d0   Code   RO          159    .text               time2.o
    0x080006ec   0x000000a8   Code   RO          177    .text               pwm.o
    0x08000794   0x000000dc   Code   RO          189    .text               misc.o
    0x08000870   0x00000358   Code   RO          201    .text               stm32f10x_gpio.o
    0x08000bc8   0x000003a4   Code   RO          213    .text               stm32f10x_rcc.o
    0x08000f6c   0x00000e1a   Code   RO          227    .text               stm32f10x_tim.o
    0x08001d86   0x00000002   PAD
    0x08001d88   0x0000044e   Code   RO          251    .text               stm32f10x_adc.o
    0x080021d6   0x00000002   PAD
    0x080021d8   0x00000024   Code   RO          266    .text               startup_stm32f10x_md.o
    0x080021fc   0x000001dc   Code   RO          281    .text               system_stm32f10x.o
    0x080023d8   0x000000b0   Code   RO          302    .text               mf_w.l(fadd.o)
    0x08002488   0x0000006c   Code   RO          304    .text               mf_w.l(fmul.o)
    0x080024f4   0x000000e4   Code   RO          306    .text               mf_w.l(dmul.o)
    0x080025d8   0x000000de   Code   RO          308    .text               mf_w.l(ddiv.o)
    0x080026b6   0x0000000a   Code   RO          310    .text               mf_w.l(ffltui.o)
    0x080026c0   0x00000022   Code   RO          312    .text               mf_w.l(dflti.o)
    0x080026e2   0x0000001a   Code   RO          314    .text               mf_w.l(dfltui.o)
    0x080026fc   0x00000032   Code   RO          316    .text               mf_w.l(ffixi.o)
    0x0800272e   0x0000003e   Code   RO          318    .text               mf_w.l(dfixi.o)
    0x0800276c   0x00000026   Code   RO          320    .text               mf_w.l(f2d.o)
    0x08002792   0x00000038   Code   RO          322    .text               mf_w.l(d2f.o)
    0x080027ca   0x00000020   Code   RO          338    .text               mc_w.l(llushr.o)
    0x080027ea   0x00000000   Code   RO          340    .text               mc_w.l(iusefp.o)
    0x080027ea   0x0000006c   Code   RO          341    .text               mf_w.l(fepilogue.o)
    0x08002856   0x000000be   Code   RO          343    .text               mf_w.l(depilogue.o)
    0x08002914   0x00000024   Code   RO          345    .text               mc_w.l(init.o)
    0x08002938   0x0000001e   Code   RO          347    .text               mc_w.l(llshl.o)
    0x08002956   0x0000000e   Code   RO          351    i.__scatterload_copy  mc_w.l(handlers.o)
    0x08002964   0x00000002   Code   RO          352    i.__scatterload_null  mc_w.l(handlers.o)
    0x08002966   0x0000000e   Code   RO          353    i.__scatterload_zeroinit  mc_w.l(handlers.o)
    0x08002974   0x00000020   Data   RO          349    Region$$Table       anon$$obj.o


    Execution Region RW_IRAM1 (Base: 0x20000000, Size: 0x00000458, Max: 0x00005000, ABSOLUTE)

    Base Addr    Size         Type   Attr      Idx    E Section Name        Object

    0x20000000   0x0000001c   Data   RW            2    .data               main.o
    0x2000001c   0x00000004   Data   RW          123    .data               adc.o
    0x20000020   0x00000008   Data   RW          142    .data               motor.o
    0x20000028   0x00000004   Data   RW          160    .data               time2.o
    0x2000002c   0x00000014   Data   RW          214    .data               stm32f10x_rcc.o
    0x20000040   0x00000014   Data   RW          282    .data               system_stm32f10x.o
    0x20000054   0x00000004   PAD
    0x20000058   0x00000400   Zero   RW          263    STACK               startup_stm32f10x_md.o


==============================================================================

Image component sizes


      Code (inc. data)   RO Data    RW Data    ZI Data      Debug   Object Name

       308         34          0          4          0       1209   adc.o
       220         40          0         28          0     257115   main.o
       220         20          0          0          0       1945   misc.o
       524         22          0          8          0       1159   motor.o
       168         14          0          0          0        735   pwm.o
        36          8        236          0       1024        912   startup_stm32f10x_md.o
      1102         26          0          0          0      10977   stm32f10x_adc.o
       856         40          0          0          0       5789   stm32f10x_gpio.o
       932         44          0         20          0       8992   stm32f10x_rcc.o
      3610         88          0          0          0      22272   stm32f10x_tim.o
       476         36          0         20          0       2091   system_stm32f10x.o
       464         22          0          4          0       1658   time2.o

    ----------------------------------------------------------------------
      8920        394        268         84       1028     314854   Object Totals
         0          0         32          0          0          0   (incl. Generated)
         4          0          0          0          4          0   (incl. Padding)

    ----------------------------------------------------------------------

      Code (inc. data)   RO Data    RW Data    ZI Data      Debug   Library Member Name

         0          0          0          0          0          0   entry.o
         0          0          0          0          0          0   entry10a.o
         0          0          0          0          0          0   entry11a.o
         8          4          0          0          0          0   entry2.o
         4          0          0          0          0          0   entry5.o
         0          0          0          0          0          0   entry7b.o
         0          0          0          0          0          0   entry8b.o
         8          4          0          0          0          0   entry9a.o
        30          0          0          0          0          0   handlers.o
        36          8          0          0          0         68   init.o
         0          0          0          0          0          0   iusefp.o
        30          0          0          0          0         68   llshl.o
        32          0          0          0          0         68   llushr.o
        56          0          0          0          0         88   d2f.o
       222          0          0          0          0        100   ddiv.o
       190          0          0          0          0        176   depilogue.o
        62          0          0          0          0         80   dfixi.o
        34          0          0          0          0         76   dflti.o
        26          0          0          0          0         76   dfltui.o
       228          0          0          0          0         96   dmul.o
        38          0          0          0          0         68   f2d.o
       176          0          0          0          0        140   fadd.o
       108          0          0          0          0        168   fepilogue.o
        50          0          0          0          0         68   ffixi.o
        10          0          0          0          0         68   ffltui.o
       108          0          0          0          0         76   fmul.o

    ----------------------------------------------------------------------
      1456         16          0          0          0       1484   Library Totals
         0          0          0          0          0          0   (incl. Padding)

    ----------------------------------------------------------------------

      Code (inc. data)   RO Data    RW Data    ZI Data      Debug   Library Name

       148         16          0          0          0        204   mc_w.l
      1308          0          0          0          0       1280   mf_w.l

    ----------------------------------------------------------------------
      1456         16          0          0          0       1484   Library Totals

    ----------------------------------------------------------------------

==============================================================================


      Code (inc. data)   RO Data    RW Data    ZI Data      Debug   

     10376        410        268         84       1028     314622   Grand Totals
     10376        410        268         84       1028     314622   ELF Image Totals
     10376        410        268         84          0          0   ROM Totals

==============================================================================

    Total RO  Size (Code + RO Data)                10644 (  10.39kB)
    Total RW  Size (RW Data + ZI Data)              1112 (   1.09kB)
    Total ROM Size (Code + RO Data + RW Data)      10728 (  10.48kB)

==============================================================================

