ARM Linker, 5.03 [Build 76] [MDK-ARM Standard]

==============================================================================

Section Cross References

    main.o(.text) refers to adc.o(.text) for Read_Vol
    main.o(.text) refers to system_stm32f10x.o(.text) for SystemInit
    main.o(.text) refers to iic.o(.text) for IIC_Init
    main.o(.text) refers to mpu6050.o(.text) for InitMPU6050
    main.o(.text) refers to motor.o(.text) for Motor_GPIO_Init
    main.o(.text) refers to time2.o(.text) for TIM2_Configuration
    main.o(.text) refers to tim1.o(.text) for TIM1_Configuration
    main.o(.text) refers to usart3.o(.text) for Usart3_init
    main.o(.text) refers to encoder.o(.text) for Encoder_Configuration
    main.o(.text) refers to datainit.o(.text) for PID_InitALL
    main.o(.text) refers to ffixi.o(.text) for __aeabi_f2iz
    main.o(.text) refers to visualscope.o(.text) for VS4Channal_Send
    main.o(.text) refers to control.o(.text) for Mode_1
    main.o(.text) refers to imu.o(.text) for IMUupdate
    main.o(.text) refers to fadd.o(.text) for __aeabi_fsub
    main.o(.text) refers to adc.o(.data) for Angle
    main.o(.text) refers to main.o(.data) for origin_Angle
    main.o(.text) refers to imu.o(.bss) for Q_ANGLE
    main.o(.text) refers to imu.o(.data) for Origin_GYRO_X
    adc.o(.text) refers to stm32f10x_rcc.o(.text) for RCC_APB2PeriphClockCmd
    adc.o(.text) refers to stm32f10x_adc.o(.text) for ADC_Init
    adc.o(.text) refers to stm32f10x_gpio.o(.text) for GPIO_Init
    adc.o(.text) refers to ffltui.o(.text) for __aeabi_ui2f
    adc.o(.text) refers to fadd.o(.text) for __aeabi_fsub
    adc.o(.text) refers to f2d.o(.text) for __aeabi_f2d
    adc.o(.text) refers to cdrcmple.o(.text) for __aeabi_cdrcmple
    adc.o(.text) refers to dfltui.o(.text) for __aeabi_ui2d
    adc.o(.text) refers to dmul.o(.text) for __aeabi_dmul
    adc.o(.text) refers to ddiv.o(.text) for __aeabi_ddiv
    adc.o(.text) refers to d2f.o(.text) for __aeabi_d2f
    adc.o(.text) refers to fmul.o(.text) for __aeabi_fmul
    adc.o(.text) refers to adc.o(.data) for Angle
    motor.o(.text) refers to stm32f10x_rcc.o(.text) for RCC_APB2PeriphClockCmd
    motor.o(.text) refers to stm32f10x_gpio.o(.text) for GPIO_Init
    time2.o(.text) refers to stm32f10x_rcc.o(.text) for RCC_APB2PeriphClockCmd
    time2.o(.text) refers to stm32f10x_gpio.o(.text) for GPIO_Init
    time2.o(.text) refers to stm32f10x_tim.o(.text) for TIM_TimeBaseInit
    tim1.o(.text) refers to stm32f10x_tim.o(.text) for TIM_ITConfig
    tim1.o(.text) refers to stm32f10x_rcc.o(.text) for RCC_APB2PeriphClockCmd
    tim1.o(.text) refers to misc.o(.text) for NVIC_Init
    tim1.o(.text) refers to encoder.o(.text) for Encoder_Get_CNT
    tim1.o(.text) refers to fflti.o(.text) for __aeabi_i2f
    tim1.o(.text) refers to fadd.o(.text) for __aeabi_fadd
    tim1.o(.text) refers to f2d.o(.text) for __aeabi_f2d
    tim1.o(.text) refers to pid.o(.text) for PID_Calc
    tim1.o(.text) refers to dfixi.o(.text) for __aeabi_d2iz
    tim1.o(.text) refers to motor.o(.text) for Motor_PWM_Run
    tim1.o(.text) refers to control.o(.data) for Encoder_Ratio
    tim1.o(.text) refers to datainit.o(.bss) for PidDataSpeed
    control.o(.text) refers to control.o(.data) for Want_Speed
    encoder.o(.text) refers to stm32f10x_rcc.o(.text) for RCC_APB2PeriphClockCmd
    encoder.o(.text) refers to stm32f10x_gpio.o(.text) for GPIO_Init
    encoder.o(.text) refers to stm32f10x_tim.o(.text) for TIM_EncoderInterfaceConfig
    encoder.o(.text) refers to encoder.o(.data) for first_flag
    pid.o(.text) refers to memseta.o(.text) for __aeabi_memclr4
    pid.o(.text) refers to dadd.o(.text) for __aeabi_dsub
    pid.o(.text) refers to dmul.o(.text) for __aeabi_dmul
    pid.o(.text) refers to cdcmple.o(.text) for __aeabi_cdcmpeq
    pid.o(.text) refers to cdrcmple.o(.text) for __aeabi_cdrcmple
    datainit.o(.text) refers to pid.o(.text) for PID_Init
    datainit.o(.text) refers to datainit.o(.bss) for PidDataSpeed
    stm32f10x_gpio.o(.text) refers to stm32f10x_rcc.o(.text) for RCC_APB2PeriphResetCmd
    stm32f10x_rcc.o(.text) refers to stm32f10x_rcc.o(.data) for APBAHBPrescTable
    stm32f10x_tim.o(.text) refers to stm32f10x_rcc.o(.text) for RCC_APB2PeriphResetCmd
    stm32f10x_usart.o(.text) refers to stm32f10x_rcc.o(.text) for RCC_APB2PeriphResetCmd
    stm32f10x_adc.o(.text) refers to stm32f10x_rcc.o(.text) for RCC_APB2PeriphResetCmd
    startup_stm32f10x_md.o(RESET) refers to startup_stm32f10x_md.o(STACK) for __initial_sp
    startup_stm32f10x_md.o(RESET) refers to startup_stm32f10x_md.o(.text) for Reset_Handler
    startup_stm32f10x_md.o(RESET) refers to usart3_tx.o(.text) for DMA1_Channel2_IRQHandler
    startup_stm32f10x_md.o(RESET) refers to tim1.o(.text) for TIM1_UP_IRQHandler
    startup_stm32f10x_md.o(RESET) refers to usart3_interrupt.o(.text) for USART3_IRQHandler
    startup_stm32f10x_md.o(.text) refers to system_stm32f10x.o(.text) for SystemInit
[...]
    rred.o(.constdata) refers (Special) to iusefp.o(.text) for __I$use$fp
    sin_i.o(i.__kernel_sin) refers (Special) to iusefp.o(.text) for __I$use$fp
    sin_i.o(i.__kernel_sin) refers to fpclassify.o(i.__ARM_fpclassify) for __ARM_fpclassify
    sin_i.o(i.__kernel_sin) refers to dunder.o(i.__mathlib_dbl_underflow) for __mathlib_dbl_underflow
    sin_i.o(i.__kernel_sin) refers to dmul.o(.text) for __aeabi_dmul
    sin_i.o(i.__kernel_sin) refers to poly.o(i.__kernel_poly) for __kernel_poly
    sin_i.o(i.__kernel_sin) refers to dscalb.o(.text) for __ARM_scalbn
    sin_i.o(i.__kernel_sin) refers to dadd.o(.text) for __aeabi_dsub
    sin_i.o(i.__kernel_sin) refers to sin_i.o(.constdata) for .constdata
    sin_i.o(.constdata) refers (Special) to iusefp.o(.text) for __I$use$fp
    sin_i_x.o(i.____kernel_sin$lsc) refers (Special) to iusefp.o(.text) for __I$use$fp
    sin_i_x.o(i.____kernel_sin$lsc) refers to dmul.o(.text) for __aeabi_dmul
    sin_i_x.o(i.____kernel_sin$lsc) refers to poly.o(i.__kernel_poly) for __kernel_poly
    sin_i_x.o(i.____kernel_sin$lsc) refers to dscalb.o(.text) for __ARM_scalbn
    sin_i_x.o(i.____kernel_sin$lsc) refers to dadd.o(.text) for __aeabi_dsub
    sin_i_x.o(i.____kernel_sin$lsc) refers to sin_i_x.o(.constdata) for .constdata
    sin_i_x.o(.constdata) refers (Special) to iusefp.o(.text) for __I$use$fp
    entry2.o(.ARM.Collect$$$$00000001) refers to entry2.o(.ARM.Collect$$$$00002712) for __lit__00000000
    entry2.o(.ARM.Collect$$$$00002712) refers to startup_stm32f10x_md.o(STACK) for __initial_sp
    entry2.o(__vectab_stack_and_reset_area) refers to startup_stm32f10x_md.o(STACK) for __initial_sp
    entry2.o(__vectab_stack_and_reset_area) refers to entry.o(.ARM.Collect$$$$00000000) for __main
    entry5.o(.ARM.Collect$$$$00000004) refers to init.o(.text) for __scatterload
    entry9a.o(.ARM.Collect$$$$0000000B) refers to main.o(.text) for main
    entry9b.o(.ARM.Collect$$$$0000000C) refers to main.o(.text) for main
    fputc.o(i.fputc) refers (Special) to iusesemip.o(.text) for __I$use$semihosting$fputc
    fputc.o(i.fputc) refers (Special) to semi.o(.text) for __semihosting_library_function
    uldiv.o(.text) refers to llushr.o(.text) for __aeabi_llsr
    uldiv.o(.text) refers to llshl.o(.text) for __aeabi_llsl
    errno.o(i.__aeabi_errno_addr) refers to errno.o(.data) for .data
    errno.o(i.__read_errno) refers to errno.o(.data) for .data
    errno.o(i.__set_errno) refers to errno.o(.data) for .data
    fsqrt.o(.text) refers to fepilogue.o(.text) for _float_round
    depilogue.o(.text) refers to llshl.o(.text) for __aeabi_llsl
    depilogue.o(.text) refers to llushr.o(.text) for __aeabi_llsr
    dsqrt.o(.text) refers to llushr.o(.text) for __aeabi_llsr
    dsqrt.o(.text) refers to depilogue.o(.text) for _double_round
    dfixul.o(.text) refers to llushr.o(.text) for __aeabi_llsr
    dfixul.o(.text) refers to llshl.o(.text) for __aeabi_llsl
    init.o(.text) refers to entry5.o(.ARM.Collect$$$$00000004) for __main_after_scatterload
    dflti.o(.text) refers to depilogue.o(.text) for _double_epilogue


==============================================================================

Removing Unused input sections from the image.

    Removing motor.o(.data), (8 bytes).
    Removing startup_stm32f10x_md.o(HEAP), (512 bytes).
    Removing core_cm3.o(.emb_text), (32 bytes).
    Removing iic.o(.bss), (14 bytes).

4 unused section(s) (total 566 bytes) removed from the image.

==============================================================================

Image Symbol Table

    Local Symbols

    Symbol Name                              Value     Ov Type        Size  Object(Section)

    ../clib/microlib/division.c              0x00000000   Number         0  uldiv.o ABSOLUTE
    ../clib/microlib/division.c              0x00000000   Number         0  uidiv.o ABSOLUTE
    ../clib/microlib/errno.c                 0x00000000   Number         0  errno.o ABSOLUTE
    ../clib/microlib/init/entry.s            0x00000000   Number         0  entry2.o ABSOLUTE
    ../clib/microlib/init/entry.s            0x00000000   Number         0  entry7b.o ABSOLUTE
    ../clib/microlib/init/entry.s            0x00000000   Number         0  entry.o ABSOLUTE
    ../clib/microlib/init/entry.s            0x00000000   Number         0  entry8a.o ABSOLUTE
    ../clib/microlib/init/entry.s            0x00000000   Number         0  entry5.o ABSOLUTE
    ../clib/microlib/init/entry.s            0x00000000   Number         0  entry11b.o ABSOLUTE
    ../clib/microlib/init/entry.s            0x00000000   Number         0  entry11a.o ABSOLUTE
    ../clib/microlib/init/entry.s            0x00000000   Number         0  entry10b.o ABSOLUTE
    ../clib/microlib/init/entry.s            0x00000000   Number         0  entry7a.o ABSOLUTE
    ../clib/microlib/init/entry.s            0x00000000   Number         0  entry10a.o ABSOLUTE
    ../clib/microlib/init/entry.s            0x00000000   Number         0  entry9b.o ABSOLUTE
    ../clib/microlib/init/entry.s            0x00000000   Number         0  entry9a.o ABSOLUTE
    ../clib/microlib/init/entry.s            0x00000000   Number         0  entry8b.o ABSOLUTE
    ../clib/microlib/longlong.c              0x00000000   Number         0  llushr.o ABSOLUTE
    ../clib/microlib/longlong.c              0x00000000   Number         0  llshl.o ABSOLUTE
    ../clib/microlib/longlong.c              0x00000000   Number         0  llsshr.o ABSOLUTE
    ../clib/microlib/printf/printf.c         0x00000000   Number         0  printfa.o ABSOLUTE
    ../clib/microlib/stdio/fputc.c           0x00000000   Number         0  fputc.o ABSOLUTE
    ../clib/microlib/stdio/semi.s            0x00000000   Number         0  semi.o ABSOLUTE
    ../clib/microlib/stdio/streams.c         0x00000000   Number         0  stdout.o ABSOLUTE
    ../clib/microlib/string/memset.c         0x00000000   Number         0  memseta.o ABSOLUTE
    ../clib/microlib/stubs.s                 0x00000000   Number         0  iusesemip.o ABSOLUTE
    ../clib/microlib/stubs.s                 0x00000000   Number         0  iusefp.o ABSOLUTE
    ../fplib/microlib/d2f.c                  0x00000000   Number         0  d2f.o ABSOLUTE
    ../fplib/microlib/f2d.c                  0x00000000   Number         0  f2d.o ABSOLUTE
    ../fplib/microlib/fpadd.c                0x00000000   Number         0  dadd.o ABSOLUTE
    ../fplib/microlib/fpadd.c                0x00000000   Number         0  fadd.o ABSOLUTE
    ../fplib/microlib/fpdiv.c                0x00000000   Number         0  fdiv.o ABSOLUTE
    ../fplib/microlib/fpdiv.c                0x00000000   Number         0  ddiv.o ABSOLUTE
    ../fplib/microlib/fpepilogue.c           0x00000000   Number         0  depilogue.o ABSOLUTE
    ../fplib/microlib/fpepilogue.c           0x00000000   Number         0  fepilogue.o ABSOLUTE
    ../fplib/microlib/fpfix.c                0x00000000   Number         0  dfixi.o ABSOLUTE
    ../fplib/microlib/fpfix.c                0x00000000   Number         0  dfixul.o ABSOLUTE
    ../fplib/microlib/fpfix.c                0x00000000   Number         0  ffixi.o ABSOLUTE
    ../fplib/microlib/fpflt.c                0x00000000   Number         0  fflti.o ABSOLUTE
    ../fplib/microlib/fpflt.c                0x00000000   Number         0  ffltui.o ABSOLUTE
    ../fplib/microlib/fpflt.c                0x00000000   Number         0  dfltui.o ABSOLUTE
    ../fplib/microlib/fpflt.c                0x00000000   Number         0  dflti.o ABSOLUTE
    ../fplib/microlib/fpmul.c                0x00000000   Number         0  dmul.o ABSOLUTE
    ../fplib/microlib/fpmul.c                0x00000000   Number         0  fmul.o ABSOLUTE
    ../fplib/microlib/fpscalb.c              0x00000000   Number         0  dscalb.o ABSOLUTE
    ../fplib/microlib/fpsqrt.c               0x00000000   Number         0  fsqrt.o ABSOLUTE
    ../fplib/microlib/fpsqrt.c               0x00000000   Number         0  dsqrt.o ABSOLUTE
    ../mathlib/asin.c                        0x00000000   Number         0  asin_x.o ABSOLUTE
    ../mathlib/asin.c                        0x00000000   Number         0  asin.o ABSOLUTE
    ../mathlib/atan.c                        0x00000000   Number         0  atan_x.o ABSOLUTE
    ../mathlib/atan.c                        0x00000000   Number         0  atan.o ABSOLUTE
    ../mathlib/atan2.c                       0x00000000   Number         0  atan2_x.o ABSOLUTE
    ../mathlib/atan2.c                       0x00000000   Number         0  atan2.o ABSOLUTE
    ../mathlib/cos.c                         0x00000000   Number         0  cos.o ABSOLUTE
    ../mathlib/cos.c                         0x00000000   Number         0  cos_x.o ABSOLUTE
    ../mathlib/cos_i.c                       0x00000000   Number         0  cos_i.o ABSOLUTE
    ../mathlib/dunder.c                      0x00000000   Number         0  dunder.o ABSOLUTE
    ../mathlib/fpclassify.c                  0x00000000   Number         0  fpclassify.o ABSOLUTE
    ../mathlib/poly.c                        0x00000000   Number         0  poly.o ABSOLUTE
    ../mathlib/qnan.c                        0x00000000   Number         0  qnan.o ABSOLUTE
    ../mathlib/rred.c                        0x00000000   Number         0  rred.o ABSOLUTE
    ../mathlib/sin.c                         0x00000000   Number         0  sin.o ABSOLUTE
    ../mathlib/sin.c                         0x00000000   Number         0  sin_x.o ABSOLUTE
    ../mathlib/sin_i.c                       0x00000000   Number         0  sin_i_x.o ABSOLUTE
    ../mathlib/sin_i.c                       0x00000000   Number         0  sin_i.o ABSOLUTE
    ../mathlib/sqrt.c                        0x00000000   Number         0  sqrt_x.o ABSOLUTE
    ../mathlib/sqrt.c                        0x00000000   Number         0  sqrt.o ABSOLUTE
    ../mathlib/sqrtf.c                       0x00000000   Number         0  sqrtf_x.o ABSOLUTE
    ../mathlib/sqrtf.c                       0x00000000   Number         0  sqrtf.o ABSOLUTE
    ..\..\Libraries\CMSIS\CM3\CoreSupport\core_cm3.c 0x00000000   Number         0  core_cm3.o ABSOLUTE
    ..\..\Libraries\CMSIS\CM3\DeviceSupport\ST\STM32F10x\startup\arm\startup_stm32f10x_md.s 0x00000000   Number         0  startup_stm32f10x_md.o ABSOLUTE
    ..\..\Libraries\CMSIS\CM3\DeviceSupport\ST\STM32F10x\system_stm32f10x.c 0x00000000   Number         0  system_stm32f10x.o ABSOLUTE
    ..\..\Libraries\STM32F10x_StdPeriph_Driver\src\misc.c 0x00000000   Number         0  misc.o ABSOLUTE
    ..\..\Libraries\STM32F10x_StdPeriph_Driver\src\stm32f10x_adc.c 0x00000000   Number         0  stm32f10x_adc.o ABSOLUTE
    ..\..\Libraries\STM32F10x_StdPeriph_Driver\src\stm32f10x_dma.c 0x00000000   Number         0  stm32f10x_dma.o ABSOLUTE
    ..\..\Libraries\STM32F10x_StdPeriph_Driver\src\stm32f10x_gpio.c 0x00000000   Number         0  stm32f10x_gpio.o ABSOLUTE
    ..\..\Libraries\STM32F10x_StdPeriph_Driver\src\stm32f10x_rcc.c 0x00000000   Number         0  stm32f10x_rcc.o ABSOLUTE
    ..\..\Libraries\STM32F10x_StdPeriph_Driver\src\stm32f10x_tim.c 0x00000000   Number         0  stm32f10x_tim.o ABSOLUTE
    ..\..\Libraries\STM32F10x_StdPeriph_Driver\src\stm32f10x_usart.c 0x00000000   Number         0  stm32f10x_usart.o ABSOLUTE
    ..\..\User\src\Control.c                 0x00000000   Number         0  control.o ABSOLUTE
    ..\..\User\src\DataInit.c                0x00000000   Number         0  datainit.o ABSOLUTE
    ..\..\User\src\Encoder.c                 0x00000000   Number         0  encoder.o ABSOLUTE
    ..\..\User\src\IIC.c                     0x00000000   Number         0  iic.o ABSOLUTE
    ..\..\User\src\IMU.c                     0x00000000   Number         0  imu.o ABSOLUTE
    ..\..\User\src\MPU6050.c                 0x00000000   Number         0  mpu6050.o ABSOLUTE
    ..\..\User\src\PID.c                     0x00000000   Number         0  pid.o ABSOLUTE
    ..\..\User\src\Quene.c                   0x00000000   Number         0  quene.o ABSOLUTE
    ..\..\User\src\Tim1.c                    0x00000000   Number         0  tim1.o ABSOLUTE
    ..\..\User\src\Usart3.c                  0x00000000   Number         0  usart3.o ABSOLUTE
    ..\..\User\src\Usart3_Interrupt.c        0x00000000   Number         0  usart3_interrupt.o ABSOLUTE
    ..\..\User\src\Usart3_Tx.c               0x00000000   Number         0  usart3_tx.o ABSOLUTE
    ..\..\User\src\VisualScope.c             0x00000000   Number         0  visualscope.o ABSOLUTE
    ..\..\User\src\adc.c                     0x00000000   Number         0  adc.o ABSOLUTE
    ..\..\User\src\main.c                    0x00000000   Number         0  main.o ABSOLUTE
    ..\..\User\src\motor.c                   0x00000000   Number         0  motor.o ABSOLUTE
    ..\..\User\src\time2.c                   0x00000000   Number         0  time2.o ABSOLUTE
    ..\\..\\Libraries\\CMSIS\\CM3\\CoreSupport\\core_cm3.c 0x00000000   Number         0  core_cm3.o ABSOLUTE
    cdcmple.s                                0x00000000   Number         0  cdcmple.o ABSOLUTE
    cdrcmple.s                               0x00000000   Number         0  cdrcmple.o ABSOLUTE
    cfcmple.s                                0x00000000   Number         0  cfcmple.o ABSOLUTE
    cfrcmple.s                               0x00000000   Number         0  cfrcmple.o ABSOLUTE
    dc.s                                     0x00000000   Number         0  dc.o ABSOLUTE
    handlers.s                               0x00000000   Number         0  handlers.o ABSOLUTE
    init.s                                   0x00000000   Number         0  init.o ABSOLUTE
    RESET                                    0x08000000   Section      236  startup_stm32f10x_md.o(RESET)
    .ARM.Collect$$$$00000000                 0x080000ec   Section        0  entry.o(.ARM.Collect$$$$00000000)
    .ARM.Collect$$$$00000001                 0x080000ec   Section        4  entry2.o(.ARM.Collect$$$$00000001)
    .ARM.Collect$$$$00000004                 0x080000f0   Section        4  entry5.o(.ARM.Collect$$$$00000004)
    .ARM.Collect$$$$00000008                 0x080000f4   Section        0  entry7b.o(.ARM.Collect$$$$00000008)
    .ARM.Collect$$$$0000000A                 0x080000f4   Section        0  entry8b.o(.ARM.Collect$$$$0000000A)
    .ARM.Collect$$$$0000000B                 0x080000f4   Section        8  entry9a.o(.ARM.Collect$$$$0000000B)
    .ARM.Collect$$$$0000000D                 0x080000fc   Section        0  entry10a.o(.ARM.Collect$$$$0000000D)
    .ARM.Collect$$$$0000000F                 0x080000fc   Section        0  entry11a.o(.ARM.Collect$$$$0000000F)
    .ARM.Collect$$$$00002712                 0x080000fc   Section        4  entry2.o(.ARM.Collect$$$$00002712)
    __lit__00000000                          0x080000fc   Data           4  entry2.o(.ARM.Collect$$$$00002712)
    .text                                    0x08000100   Section        0  main.o(.text)
    .text                                    0x080001ec   Section        0  adc.o(.text)
    .text                                    0x08000388   Section        0  motor.o(.text)
    .text                                    0x08000454   Section        0  time2.o(.text)
    .text                                    0x080004fc   Section        0  tim1.o(.text)
    .text                                    0x08000638   Section        0  control.o(.text)
    .text                                    0x08000648   Section        0  encoder.o(.text)
    .text                                    0x080006c4   Section        0  pid.o(.text)
    .text                                    0x08000a20   Section        0  datainit.o(.text)
    .text                                    0x08000a80   Section        0  misc.o(.text)
    .text                                    0x08000b5c   Section        0  stm32f10x_gpio.o(.text)
    .text                                    0x08000eb4   Section        0  stm32f10x_rcc.o(.text)
    .text                                    0x08001258   Section        0  stm32f10x_tim.o(.text)
    TI4_Config                               0x080016ff   Thumb Code   130  stm32f10x_tim.o(.text)
    TI3_Config                               0x08001793   Thumb Code   122  stm32f10x_tim.o(.text)
    TI2_Config                               0x08001827   Thumb Code   130  stm32f10x_tim.o(.text)
    TI1_Config                               0x080018bb   Thumb Code   108  stm32f10x_tim.o(.text)
    .text                                    0x08002074   Section        0  stm32f10x_usart.o(.text)
    .text                                    0x0800247c   Section        0  stm32f10x_adc.o(.text)
    .text                                    0x080028cc   Section        0  stm32f10x_dma.o(.text)
    .text                                    0x08002b1c   Section       36  startup_stm32f10x_md.o(.text)
    .text                                    0x08002b40   Section        0  system_stm32f10x.o(.text)
    SetSysClockTo72                          0x08002b41   Thumb Code   212  system_stm32f10x.o(.text)
    SetSysClock                              0x08002c15   Thumb Code     8  system_stm32f10x.o(.text)
    .text                                    0x08002d1c   Section        0  usart3.o(.text)
    .text                                    0x08002e54   Section        0  quene.o(.text)
    .text                                    0x08002ee8   Section        0  usart3_interrupt.o(.text)
    .text                                    0x08002f80   Section        0  usart3_tx.o(.text)
    .text                                    0x080030a0   Section        0  visualscope.o(.text)
    CRC_CHECK                                0x080030a1   Thumb Code    58  visualscope.o(.text)
    .text                                    0x08003150   Section        0  iic.o(.text)
    I2C_delay                                0x080031ad   Thumb Code    22  iic.o(.text)
    .text                                    0x08003394   Section        0  mpu6050.o(.text)
    .text                                    0x080034f0   Section        0  imu.o(.text)
    .text                                    0x080044bc   Section        0  memseta.o(.text)
    .text                                    0x080044e0   Section        0  fadd.o(.text)
    .text                                    0x08004590   Section        0  fmul.o(.text)
    .text                                    0x080045fc   Section        0  fdiv.o(.text)
    .text                                    0x0800467c   Section        0  dadd.o(.text)
    .text                                    0x080047ca   Section        0  dmul.o(.text)
    .text                                    0x080048ae   Section        0  ddiv.o(.text)
    .text                                    0x0800498c   Section        0  fflti.o(.text)
    .text                                    0x0800499e   Section        0  ffltui.o(.text)
    .text                                    0x080049a8   Section        0  dfltui.o(.text)
    .text                                    0x080049c2   Section        0  ffixi.o(.text)
    .text                                    0x080049f4   Section        0  dfixi.o(.text)
    .text                                    0x08004a32   Section        0  f2d.o(.text)
    .text                                    0x08004a58   Section       40  cdcmple.o(.text)
    .text                                    0x08004a80   Section       40  cdrcmple.o(.text)
    .text                                    0x08004aa8   Section        0  d2f.o(.text)
    .text                                    0x08004ae0   Section       20  cfcmple.o(.text)
    .text                                    0x08004af4   Section       20  cfrcmple.o(.text)
    .text                                    0x08004b08   Section        0  uidiv.o(.text)
    .text                                    0x08004b34   Section        0  uldiv.o(.text)
    .text                                    0x08004b96   Section        0  llshl.o(.text)
    .text                                    0x08004bb4   Section        0  llushr.o(.text)
    .text                                    0x08004bd4   Section        0  llsshr.o(.text)
    .text                                    0x08004bf8   Section        0  fepilogue.o(.text)
    .text                                    0x08004bf8   Section        0  iusefp.o(.text)
    .text                                    0x08004c64   Section        0  fsqrt.o(.text)
    .text                                    0x08004cc2   Section        0  depilogue.o(.text)
    .text                                    0x08004d80   Section        0  dscalb.o(.text)
    .text                                    0x08004dae   Section        0  dsqrt.o(.text)
    .text                                    0x08004e50   Section        0  dfixul.o(.text)
    .text                                    0x08004e80   Section       36  init.o(.text)
    .text                                    0x08004ea4   Section        0  dflti.o(.text)
    i.__0vsprintf                            0x08004ec8   Section        0  printfa.o(i.__0vsprintf)
    i.__ARM_fpclassify                       0x08004eec   Section        0  fpclassify.o(i.__ARM_fpclassify)
    i.__ieee754_rem_pio2                     0x08004f14   Section        0  rred.o(i.__ieee754_rem_pio2)
    i.__kernel_cos                           0x0800529c   Section        0  cos_i.o(i.__kernel_cos)
    i.__kernel_poly                          0x08005398   Section        0  poly.o(i.__kernel_poly)
    i.__kernel_sin                           0x08005444   Section        0  sin_i.o(i.__kernel_sin)
    i.__mathlib_dbl_underflow                0x08005530   Section        0  dunder.o(i.__mathlib_dbl_underflow)
    i.__scatterload_copy                     0x08005540   Section       14  handlers.o(i.__scatterload_copy)
    i.__scatterload_null                     0x0800554e   Section        2  handlers.o(i.__scatterload_null)
    i.__scatterload_zeroinit                 0x08005550   Section       14  handlers.o(i.__scatterload_zeroinit)
    i.__set_errno                            0x08005560   Section        0  errno.o(i.__set_errno)
    i._fp_digits                             0x0800556c   Section        0  printfa.o(i._fp_digits)
    _fp_digits                               0x0800556d   Thumb Code   326  printfa.o(i._fp_digits)
    i._printf_core                           0x080056c8   Section        0  printfa.o(i._printf_core)
    _printf_core                             0x080056c9   Thumb Code  1762  printfa.o(i._printf_core)
    i._printf_post_padding                   0x08005db8   Section        0  printfa.o(i._printf_post_padding)
    _printf_post_padding                     0x08005db9   Thumb Code    38  printfa.o(i._printf_post_padding)
    i._printf_pre_padding                    0x08005dde   Section        0  printfa.o(i._printf_pre_padding)
    _printf_pre_padding                      0x08005ddf   Thumb Code    48  printfa.o(i._printf_pre_padding)
    i._sputc                                 0x08005e0e   Section        0  printfa.o(i._sputc)
    _sputc                                   0x08005e0f   Thumb Code    10  printfa.o(i._sputc)
    i.asin                                   0x08005e18   Section        0  asin.o(i.asin)
    i.atan                                   0x08006094   Section        0  atan.o(i.atan)
    i.atan2                                  0x080062b8   Section        0  atan2.o(i.atan2)
    i.cos                                    0x08006438   Section        0  cos.o(i.cos)
    i.sin                                    0x080064e4   Section        0  sin.o(i.sin)
    i.sqrt                                   0x08006594   Section        0  sqrt.o(i.sqrt)
    i.sqrtf                                  0x080065e0   Section        0  sqrtf.o(i.sqrtf)
    .constdata                               0x08006610   Section       80  asin.o(.constdata)
    pS                                       0x08006610   Data          48  asin.o(.constdata)
    qS                                       0x08006640   Data          32  asin.o(.constdata)
    .constdata                               0x08006660   Section      152  atan.o(.constdata)
    atanhi                                   0x08006660   Data          32  atan.o(.constdata)
    atanlo                                   0x08006680   Data          32  atan.o(.constdata)
    aTodd                                    0x080066a0   Data          40  atan.o(.constdata)
    aTeven                                   0x080066c8   Data          48  atan.o(.constdata)
    .constdata                               0x080066f8   Section       48  cos_i.o(.constdata)
    C                                        0x080066f8   Data          48  cos_i.o(.constdata)
    .constdata                               0x08006728   Section        8  qnan.o(.constdata)
    .constdata                               0x08006730   Section      200  rred.o(.constdata)
    pio2s                                    0x08006730   Data          48  rred.o(.constdata)
    twooverpi                                0x08006760   Data         152  rred.o(.constdata)
    .constdata                               0x080067f8   Section       40  sin_i.o(.constdata)
    S                                        0x080067f8   Data          40  sin_i.o(.constdata)
    .data                                    0x20000000   Section        8  main.o(.data)
    .data                                    0x20000008   Section       20  adc.o(.data)
    .data                                    0x2000001c   Section       24  control.o(.data)
    .data                                    0x20000034   Section        1  encoder.o(.data)
    first_flag                               0x20000034   Data           1  encoder.o(.data)
    .data                                    0x20000035   Section       20  stm32f10x_rcc.o(.data)
    APBAHBPrescTable                         0x20000035   Data          16  stm32f10x_rcc.o(.data)
    ADCPrescTable                            0x20000045   Data           4  stm32f10x_rcc.o(.data)
    .data                                    0x2000004c   Section       20  system_stm32f10x.o(.data)
    .data                                    0x20000060   Section        7  usart3_interrupt.o(.data)
    .data                                    0x20000068   Section       52  mpu6050.o(.data)
    x_mid                                    0x20000080   Data           4  mpu6050.o(.data)
    x_now                                    0x20000084   Data           4  mpu6050.o(.data)
    p_mid                                    0x20000088   Data           4  mpu6050.o(.data)
    p_now                                    0x2000008c   Data           4  mpu6050.o(.data)
    kg                                       0x20000090   Data           4  mpu6050.o(.data)
    x_last                                   0x20000094   Data           4  mpu6050.o(.data)
    p_last                                   0x20000098   Data           4  mpu6050.o(.data)
    .data                                    0x2000009c   Section       84  imu.o(.data)
    x1                                       0x200000b8   Data           4  imu.o(.data)
    y1                                       0x200000bc   Data           4  imu.o(.data)
    z1                                       0x200000c0   Data           4  imu.o(.data)
    x2                                       0x200000c4   Data           4  imu.o(.data)
    y2                                       0x200000c8   Data           4  imu.o(.data)
    z2                                       0x200000cc   Data           4  imu.o(.data)
    roll_a                                   0x200000d0   Data           4  imu.o(.data)
    pitch_a                                  0x200000d4   Data           4  imu.o(.data)
    .data                                    0x200000f0   Section        4  errno.o(.data)
    _errno                                   0x200000f0   Data           4  errno.o(.data)
    .bss                                     0x200000f8   Section      504  datainit.o(.bss)
    .bss                                     0x200002f0   Section      264  usart3.o(.bss)
    .bss                                     0x200003f8   Section       32  usart3_interrupt.o(.bss)
    .bss                                     0x20000418   Section       56  imu.o(.bss)
    STACK                                    0x20000450   Section     1024  startup_stm32f10x_md.o(STACK)

    Global Symbols

    Symbol Name                              Value     Ov Type        Size  Object(Section)

    BuildAttributes$$THM_ISAv4$P$D$K$B$S$PE$A:L22UL41UL21$X:L11$S22US41US21$IEEE1$IW$USESV6$~STKCKD$USESV7$~SHL$OTIME$ROPI$IEEEX$EBA8$MICROLIB$REQ8$PRES8$EABIv2 0x00000000   Number         0  anon$$obj.o ABSOLUTE
    __ARM_use_no_argv                        0x00000000   Number         0  main.o ABSOLUTE
    __cpp_initialize__aeabi_                  - Undefined Weak Reference
    __cxa_finalize                            - Undefined Weak Reference
    __decompress                              - Undefined Weak Reference
    _clock_init                               - Undefined Weak Reference
    _microlib_exit                            - Undefined Weak Reference
    __Vectors_Size                           0x000000ec   Number         0  startup_stm32f10x_md.o ABSOLUTE
    __Vectors                                0x08000000   Data           4  startup_stm32f10x_md.o(RESET)
    __Vectors_End                            0x080000ec   Data           0  startup_stm32f10x_md.o(RESET)
    __main                                   0x080000ed   Thumb Code     0  entry.o(.ARM.Collect$$$$00000000)
    _main_stk                                0x080000ed   Thumb Code     0  entry2.o(.ARM.Collect$$$$00000001)
    _main_scatterload                        0x080000f1   Thumb Code     0  entry5.o(.ARM.Collect$$$$00000004)
    __main_after_scatterload                 0x080000f5   Thumb Code     0  entry5.o(.ARM.Collect$$$$00000004)
    _main_clock                              0x080000f5   Thumb Code     0  entry7b.o(.ARM.Collect$$$$00000008)
    _main_cpp_init                           0x080000f5   Thumb Code     0  entry8b.o(.ARM.Collect$$$$0000000A)
    _main_init                               0x080000f5   Thumb Code     0  entry9a.o(.ARM.Collect$$$$0000000B)
    __rt_final_cpp                           0x080000fd   Thumb Code     0  entry10a.o(.ARM.Collect$$$$0000000D)
    __rt_final_exit                          0x080000fd   Thumb Code     0  entry11a.o(.ARM.Collect$$$$0000000F)
    Angle_init                               0x08000101   Thumb Code    28  main.o(.text)
    main                                     0x0800011d   Thumb Code    78  main.o(.text)
    Read_Datainit                            0x0800016b   Thumb Code    88  main.o(.text)
    ADC_Configuration                        0x080001ed   Thumb Code   160  adc.o(.text)
    Get_Adc                                  0x0800028d   Thumb Code    38  adc.o(.text)
    Filter                                   0x080002b3   Thumb Code    98  adc.o(.text)
    Read_Vol                                 0x08000315   Thumb Code    70  adc.o(.text)
    Motor_GPIO_Init                          0x08000389   Thumb Code    54  motor.o(.text)
    Motor_PWM_Run                            0x080003bf   Thumb Code    88  motor.o(.text)
    Motor_Free                               0x08000417   Thumb Code    28  motor.o(.text)
    Motor_Break                              0x08000433   Thumb Code    28  motor.o(.text)
    TIM2_Configuration                       0x08000455   Thumb Code   164  time2.o(.text)
    TIM1_Start                               0x080004fd   Thumb Code    30  tim1.o(.text)
    TIM1_Configuration                       0x0800051b   Thumb Code    76  tim1.o(.text)
    TIM1_Dis                                 0x08000567   Thumb Code    30  tim1.o(.text)
    TIM1_UP_IRQHandler                       0x08000585   Thumb Code   152  tim1.o(.text)
    Mode_1                                   0x08000639   Thumb Code     8  control.o(.text)
    Encoder_Configuration                    0x08000649   Thumb Code    70  encoder.o(.text)
    Encoder_Get_CNT                          0x0800068f   Thumb Code    42  encoder.o(.text)
    PID_Init                                 0x080006c5   Thumb Code    14  pid.o(.text)
    PID_SetParam                             0x080006d3   Thumb Code    62  pid.o(.text)
    PID_Calc                                 0x08000711   Thumb Code   784  pid.o(.text)
    PID_InitALL                              0x08000a21   Thumb Code    70  datainit.o(.text)
    NVIC_PriorityGroupConfig                 0x08000a81   Thumb Code    10  misc.o(.text)
    NVIC_Init                                0x08000a8b   Thumb Code   102  misc.o(.text)
    NVIC_SetVectorTable                      0x08000af1   Thumb Code    14  misc.o(.text)
    NVIC_SystemLPConfig                      0x08000aff   Thumb Code    34  misc.o(.text)
    SysTick_CLKSourceConfig                  0x08000b21   Thumb Code    40  misc.o(.text)
    GPIO_DeInit                              0x08000b5d   Thumb Code   172  stm32f10x_gpio.o(.text)
    GPIO_AFIODeInit                          0x08000c09   Thumb Code    20  stm32f10x_gpio.o(.text)
    GPIO_Init                                0x08000c1d   Thumb Code   274  stm32f10x_gpio.o(.text)
    GPIO_StructInit                          0x08000d2f   Thumb Code    16  stm32f10x_gpio.o(.text)
    GPIO_ReadInputDataBit                    0x08000d3f   Thumb Code    18  stm32f10x_gpio.o(.text)
    GPIO_ReadInputData                       0x08000d51   Thumb Code     8  stm32f10x_gpio.o(.text)
    GPIO_ReadOutputDataBit                   0x08000d59   Thumb Code    18  stm32f10x_gpio.o(.text)
    GPIO_ReadOutputData                      0x08000d6b   Thumb Code     8  stm32f10x_gpio.o(.text)
    GPIO_SetBits                             0x08000d73   Thumb Code     4  stm32f10x_gpio.o(.text)
    GPIO_ResetBits                           0x08000d77   Thumb Code     4  stm32f10x_gpio.o(.text)
    GPIO_WriteBit                            0x08000d7b   Thumb Code    10  stm32f10x_gpio.o(.text)
    GPIO_Write                               0x08000d85   Thumb Code     4  stm32f10x_gpio.o(.text)
    GPIO_PinLockConfig                       0x08000d89   Thumb Code    18  stm32f10x_gpio.o(.text)
    GPIO_EventOutputConfig                   0x08000d9b   Thumb Code    26  stm32f10x_gpio.o(.text)
    GPIO_EventOutputCmd                      0x08000db5   Thumb Code     6  stm32f10x_gpio.o(.text)
    GPIO_PinRemapConfig                      0x08000dbb   Thumb Code   138  stm32f10x_gpio.o(.text)
    GPIO_EXTILineConfig                      0x08000e45   Thumb Code    66  stm32f10x_gpio.o(.text)
    GPIO_ETH_MediaInterfaceConfig            0x08000e87   Thumb Code     6  stm32f10x_gpio.o(.text)
    RCC_DeInit                               0x08000eb5   Thumb Code    64  stm32f10x_rcc.o(.text)
    RCC_HSEConfig                            0x08000ef5   Thumb Code    70  stm32f10x_rcc.o(.text)
    RCC_GetFlagStatus                        0x08000f3b   Thumb Code    56  stm32f10x_rcc.o(.text)
    RCC_WaitForHSEStartUp                    0x08000f73   Thumb Code    56  stm32f10x_rcc.o(.text)
    RCC_AdjustHSICalibrationValue            0x08000fab   Thumb Code    20  stm32f10x_rcc.o(.text)
    RCC_HSICmd                               0x08000fbf   Thumb Code     6  stm32f10x_rcc.o(.text)
    RCC_PLLConfig                            0x08000fc5   Thumb Code    24  stm32f10x_rcc.o(.text)
    RCC_PLLCmd                               0x08000fdd   Thumb Code     6  stm32f10x_rcc.o(.text)
    RCC_SYSCLKConfig                         0x08000fe3   Thumb Code    18  stm32f10x_rcc.o(.text)
    RCC_GetSYSCLKSource                      0x08000ff5   Thumb Code    10  stm32f10x_rcc.o(.text)
    RCC_HCLKConfig                           0x08000fff   Thumb Code    18  stm32f10x_rcc.o(.text)
    RCC_PCLK1Config                          0x08001011   Thumb Code    18  stm32f10x_rcc.o(.text)
    RCC_PCLK2Config                          0x08001023   Thumb Code    20  stm32f10x_rcc.o(.text)
    RCC_ITConfig                             0x08001037   Thumb Code    26  stm32f10x_rcc.o(.text)
    RCC_USBCLKConfig                         0x08001051   Thumb Code     6  stm32f10x_rcc.o(.text)
    RCC_ADCCLKConfig                         0x08001057   Thumb Code    18  stm32f10x_rcc.o(.text)
    RCC_LSEConfig                            0x08001069   Thumb Code    44  stm32f10x_rcc.o(.text)
    RCC_LSICmd                               0x08001095   Thumb Code     6  stm32f10x_rcc.o(.text)
    RCC_RTCCLKConfig                         0x0800109b   Thumb Code    12  stm32f10x_rcc.o(.text)
    RCC_RTCCLKCmd                            0x080010a7   Thumb Code     8  stm32f10x_rcc.o(.text)
    RCC_GetClocksFreq                        0x080010af   Thumb Code   192  stm32f10x_rcc.o(.text)
    RCC_AHBPeriphClockCmd                    0x0800116f   Thumb Code    26  stm32f10x_rcc.o(.text)
    RCC_APB2PeriphClockCmd                   0x08001189   Thumb Code    26  stm32f10x_rcc.o(.text)
    RCC_APB1PeriphClockCmd                   0x080011a3   Thumb Code    26  stm32f10x_rcc.o(.text)
    RCC_APB2PeriphResetCmd                   0x080011bd   Thumb Code    26  stm32f10x_rcc.o(.text)
    RCC_APB1PeriphResetCmd                   0x080011d7   Thumb Code    26  stm32f10x_rcc.o(.text)
    RCC_BackupResetCmd                       0x080011f1   Thumb Code     8  stm32f10x_rcc.o(.text)
    RCC_ClockSecuritySystemCmd               0x080011f9   Thumb Code     6  stm32f10x_rcc.o(.text)
    RCC_MCOConfig                            0x080011ff   Thumb Code     6  stm32f10x_rcc.o(.text)
    RCC_ClearFlag                            0x08001205   Thumb Code    14  stm32f10x_rcc.o(.text)
    RCC_GetITStatus                          0x08001213   Thumb Code    20  stm32f10x_rcc.o(.text)
    RCC_ClearITPendingBit                    0x08001227   Thumb Code     6  stm32f10x_rcc.o(.text)
    TIM_DeInit                               0x08001259   Thumb Code   424  stm32f10x_tim.o(.text)
    TIM_TimeBaseInit                         0x08001401   Thumb Code   122  stm32f10x_tim.o(.text)
    TIM_OC1Init                              0x0800147b   Thumb Code   132  stm32f10x_tim.o(.text)
    TIM_OC2Init                              0x080014ff   Thumb Code   154  stm32f10x_tim.o(.text)
    TIM_OC3Init                              0x08001599   Thumb Code   150  stm32f10x_tim.o(.text)
    TIM_OC4Init                              0x0800162f   Thumb Code   182  stm32f10x_tim.o(.text)
    TIM_SetIC4Prescaler                      0x080016e5   Thumb Code    26  stm32f10x_tim.o(.text)
    TIM_SetIC3Prescaler                      0x08001781   Thumb Code    18  stm32f10x_tim.o(.text)
    TIM_SetIC2Prescaler                      0x0800180d   Thumb Code    26  stm32f10x_tim.o(.text)
    TIM_SetIC1Prescaler                      0x080018a9   Thumb Code    18  stm32f10x_tim.o(.text)
    TIM_ICInit                               0x08001927   Thumb Code   150  stm32f10x_tim.o(.text)
    TIM_PWMIConfig                           0x080019bd   Thumb Code   124  stm32f10x_tim.o(.text)
    TIM_BDTRConfig                           0x08001a39   Thumb Code    32  stm32f10x_tim.o(.text)
    TIM_TimeBaseStructInit                   0x08001a59   Thumb Code    18  stm32f10x_tim.o(.text)
    TIM_OCStructInit                         0x08001a6b   Thumb Code    20  stm32f10x_tim.o(.text)
    TIM_ICStructInit                         0x08001a7f   Thumb Code    18  stm32f10x_tim.o(.text)
    TIM_BDTRStructInit                       0x08001a91   Thumb Code    40  stm32f10x_tim.o(.text)
    TIM_Cmd                                  0x08001ab9   Thumb Code    24  stm32f10x_tim.o(.text)
    TIM_CtrlPWMOutputs                       0x08001ad1   Thumb Code    30  stm32f10x_tim.o(.text)
    TIM_ITConfig                             0x08001aef   Thumb Code    18  stm32f10x_tim.o(.text)
    TIM_GenerateEvent                        0x08001b01   Thumb Code     4  stm32f10x_tim.o(.text)
    TIM_DMAConfig                            0x08001b05   Thumb Code    10  stm32f10x_tim.o(.text)
    TIM_DMACmd                               0x08001b0f   Thumb Code    18  stm32f10x_tim.o(.text)
    TIM_InternalClockConfig                  0x08001b21   Thumb Code    12  stm32f10x_tim.o(.text)
    TIM_SelectInputTrigger                   0x08001b2d   Thumb Code    18  stm32f10x_tim.o(.text)
    TIM_ITRxExternalClockConfig              0x08001b3f   Thumb Code    24  stm32f10x_tim.o(.text)
    TIM_TIxExternalClockConfig               0x08001b57   Thumb Code    62  stm32f10x_tim.o(.text)
    TIM_ETRConfig                            0x08001b95   Thumb Code    28  stm32f10x_tim.o(.text)
    TIM_ETRClockMode1Config                  0x08001bb1   Thumb Code    54  stm32f10x_tim.o(.text)
    TIM_ETRClockMode2Config                  0x08001be7   Thumb Code    32  stm32f10x_tim.o(.text)
    TIM_PrescalerConfig                      0x08001c07   Thumb Code     6  stm32f10x_tim.o(.text)
    TIM_CounterModeConfig                    0x08001c0d   Thumb Code    18  stm32f10x_tim.o(.text)
    TIM_EncoderInterfaceConfig               0x08001c1f   Thumb Code    66  stm32f10x_tim.o(.text)
    TIM_ForcedOC1Config                      0x08001c61   Thumb Code    18  stm32f10x_tim.o(.text)
    TIM_ForcedOC2Config                      0x08001c73   Thumb Code    26  stm32f10x_tim.o(.text)
    TIM_ForcedOC3Config                      0x08001c8d   Thumb Code    18  stm32f10x_tim.o(.text)
    TIM_ForcedOC4Config                      0x08001c9f   Thumb Code    26  stm32f10x_tim.o(.text)
    TIM_ARRPreloadConfig                     0x08001cb9   Thumb Code    24  stm32f10x_tim.o(.text)
    TIM_SelectCOM                            0x08001cd1   Thumb Code    24  stm32f10x_tim.o(.text)
    TIM_SelectCCDMA                          0x08001ce9   Thumb Code    24  stm32f10x_tim.o(.text)
    TIM_CCPreloadControl                     0x08001d01   Thumb Code    24  stm32f10x_tim.o(.text)
    TIM_OC1PreloadConfig                     0x08001d19   Thumb Code    18  stm32f10x_tim.o(.text)
    TIM_OC2PreloadConfig                     0x08001d2b   Thumb Code    26  stm32f10x_tim.o(.text)
    TIM_OC3PreloadConfig                     0x08001d45   Thumb Code    18  stm32f10x_tim.o(.text)
    TIM_OC4PreloadConfig                     0x08001d57   Thumb Code    26  stm32f10x_tim.o(.text)
    TIM_OC1FastConfig                        0x08001d71   Thumb Code    18  stm32f10x_tim.o(.text)
    TIM_OC2FastConfig                        0x08001d83   Thumb Code    26  stm32f10x_tim.o(.text)
    TIM_OC3FastConfig                        0x08001d9d   Thumb Code    18  stm32f10x_tim.o(.text)
    TIM_OC4FastConfig                        0x08001daf   Thumb Code    26  stm32f10x_tim.o(.text)
    TIM_ClearOC1Ref                          0x08001dc9   Thumb Code    18  stm32f10x_tim.o(.text)
    TIM_ClearOC2Ref                          0x08001ddb   Thumb Code    24  stm32f10x_tim.o(.text)
    TIM_ClearOC3Ref                          0x08001df3   Thumb Code    18  stm32f10x_tim.o(.text)
    TIM_ClearOC4Ref                          0x08001e05   Thumb Code    24  stm32f10x_tim.o(.text)
    TIM_OC1PolarityConfig                    0x08001e1d   Thumb Code    18  stm32f10x_tim.o(.text)
    TIM_OC1NPolarityConfig                   0x08001e2f   Thumb Code    18  stm32f10x_tim.o(.text)
    TIM_OC2PolarityConfig                    0x08001e41   Thumb Code    26  stm32f10x_tim.o(.text)
    TIM_OC2NPolarityConfig                   0x08001e5b   Thumb Code    26  stm32f10x_tim.o(.text)
    TIM_OC3PolarityConfig                    0x08001e75   Thumb Code    26  stm32f10x_tim.o(.text)
    TIM_OC3NPolarityConfig                   0x08001e8f   Thumb Code    26  stm32f10x_tim.o(.text)
    TIM_OC4PolarityConfig                    0x08001ea9   Thumb Code    26  stm32f10x_tim.o(.text)
    TIM_CCxCmd                               0x08001ec3   Thumb Code    30  stm32f10x_tim.o(.text)
    TIM_CCxNCmd                              0x08001ee1   Thumb Code    30  stm32f10x_tim.o(.text)
    TIM_SelectOCxM                           0x08001eff   Thumb Code    82  stm32f10x_tim.o(.text)
    TIM_UpdateDisableConfig                  0x08001f51   Thumb Code    24  stm32f10x_tim.o(.text)
    TIM_UpdateRequestConfig                  0x08001f69   Thumb Code    24  stm32f10x_tim.o(.text)
    TIM_SelectHallSensor                     0x08001f81   Thumb Code    24  stm32f10x_tim.o(.text)
    TIM_SelectOnePulseMode                   0x08001f99   Thumb Code    18  stm32f10x_tim.o(.text)
    TIM_SelectOutputTrigger                  0x08001fab   Thumb Code    18  stm32f10x_tim.o(.text)
    TIM_SelectSlaveMode                      0x08001fbd   Thumb Code    18  stm32f10x_tim.o(.text)
    TIM_SelectMasterSlaveMode                0x08001fcf   Thumb Code    18  stm32f10x_tim.o(.text)
    TIM_SetCounter                           0x08001fe1   Thumb Code     4  stm32f10x_tim.o(.text)
    TIM_SetAutoreload                        0x08001fe5   Thumb Code     4  stm32f10x_tim.o(.text)
    TIM_SetCompare1                          0x08001fe9   Thumb Code     4  stm32f10x_tim.o(.text)
    TIM_SetCompare2                          0x08001fed   Thumb Code     4  stm32f10x_tim.o(.text)
    TIM_SetCompare3                          0x08001ff1   Thumb Code     4  stm32f10x_tim.o(.text)
    TIM_SetCompare4                          0x08001ff5   Thumb Code     6  stm32f10x_tim.o(.text)
    TIM_SetClockDivision                     0x08001ffb   Thumb Code    18  stm32f10x_tim.o(.text)
    TIM_GetCapture1                          0x0800200d   Thumb Code     6  stm32f10x_tim.o(.text)
    TIM_GetCapture2                          0x08002013   Thumb Code     6  stm32f10x_tim.o(.text)
    TIM_GetCapture3                          0x08002019   Thumb Code     6  stm32f10x_tim.o(.text)
    TIM_GetCapture4                          0x0800201f   Thumb Code     8  stm32f10x_tim.o(.text)
    TIM_GetCounter                           0x08002027   Thumb Code     6  stm32f10x_tim.o(.text)
    TIM_GetPrescaler                         0x0800202d   Thumb Code     6  stm32f10x_tim.o(.text)
    TIM_GetFlagStatus                        0x08002033   Thumb Code    18  stm32f10x_tim.o(.text)
    TIM_ClearFlag                            0x08002045   Thumb Code     6  stm32f10x_tim.o(.text)
    TIM_GetITStatus                          0x0800204b   Thumb Code    34  stm32f10x_tim.o(.text)
    TIM_ClearITPendingBit                    0x0800206d   Thumb Code     6  stm32f10x_tim.o(.text)
    USART_DeInit                             0x08002075   Thumb Code   134  stm32f10x_usart.o(.text)
    USART_Init                               0x080020fb   Thumb Code   210  stm32f10x_usart.o(.text)
    USART_StructInit                         0x080021cd   Thumb Code    24  stm32f10x_usart.o(.text)
    USART_ClockInit                          0x080021e5   Thumb Code    34  stm32f10x_usart.o(.text)
    USART_ClockStructInit                    0x08002207   Thumb Code    12  stm32f10x_usart.o(.text)
    USART_Cmd                                0x08002213   Thumb Code    24  stm32f10x_usart.o(.text)
    USART_ITConfig                           0x0800222b   Thumb Code    74  stm32f10x_usart.o(.text)
    USART_DMACmd                             0x08002275   Thumb Code    18  stm32f10x_usart.o(.text)
    USART_SetAddress                         0x08002287   Thumb Code    18  stm32f10x_usart.o(.text)
    USART_WakeUpConfig                       0x08002299   Thumb Code    18  stm32f10x_usart.o(.text)
    USART_ReceiverWakeUpCmd                  0x080022ab   Thumb Code    24  stm32f10x_usart.o(.text)
    USART_LINBreakDetectLengthConfig         0x080022c3   Thumb Code    18  stm32f10x_usart.o(.text)
    USART_LINCmd                             0x080022d5   Thumb Code    24  stm32f10x_usart.o(.text)
    USART_SendData                           0x080022ed   Thumb Code     8  stm32f10x_usart.o(.text)
    USART_ReceiveData                        0x080022f5   Thumb Code    10  stm32f10x_usart.o(.text)
    USART_SendBreak                          0x080022ff   Thumb Code    10  stm32f10x_usart.o(.text)
    USART_SetGuardTime                       0x08002309   Thumb Code    16  stm32f10x_usart.o(.text)
    USART_SetPrescaler                       0x08002319   Thumb Code    16  stm32f10x_usart.o(.text)
    USART_SmartCardCmd                       0x08002329   Thumb Code    24  stm32f10x_usart.o(.text)
    USART_SmartCardNACKCmd                   0x08002341   Thumb Code    24  stm32f10x_usart.o(.text)
    USART_HalfDuplexCmd                      0x08002359   Thumb Code    24  stm32f10x_usart.o(.text)
    USART_OverSampling8Cmd                   0x08002371   Thumb Code    22  stm32f10x_usart.o(.text)
    USART_OneBitMethodCmd                    0x08002387   Thumb Code    24  stm32f10x_usart.o(.text)
    USART_IrDAConfig                         0x0800239f   Thumb Code    18  stm32f10x_usart.o(.text)
    USART_IrDACmd                            0x080023b1   Thumb Code    24  stm32f10x_usart.o(.text)
    USART_GetFlagStatus                      0x080023c9   Thumb Code    26  stm32f10x_usart.o(.text)
    USART_ClearFlag                          0x080023e3   Thumb Code    18  stm32f10x_usart.o(.text)
    USART_GetITStatus                        0x080023f5   Thumb Code    84  stm32f10x_usart.o(.text)
    USART_ClearITPendingBit                  0x08002449   Thumb Code    52  stm32f10x_usart.o(.text)
    ADC_DeInit                               0x0800247d   Thumb Code    78  stm32f10x_adc.o(.text)
    ADC_Init                                 0x080024cb   Thumb Code    70  stm32f10x_adc.o(.text)
    ADC_StructInit                           0x08002511   Thumb Code    18  stm32f10x_adc.o(.text)
    ADC_Cmd                                  0x08002523   Thumb Code    22  stm32f10x_adc.o(.text)
    ADC_DMACmd                               0x08002539   Thumb Code    22  stm32f10x_adc.o(.text)
    ADC_ITConfig                             0x0800254f   Thumb Code    24  stm32f10x_adc.o(.text)
    ADC_ResetCalibration                     0x08002567   Thumb Code    10  stm32f10x_adc.o(.text)
    ADC_GetResetCalibrationStatus            0x08002571   Thumb Code    20  stm32f10x_adc.o(.text)
    ADC_StartCalibration                     0x08002585   Thumb Code    10  stm32f10x_adc.o(.text)
    ADC_GetCalibrationStatus                 0x0800258f   Thumb Code    20  stm32f10x_adc.o(.text)
    ADC_SoftwareStartConvCmd                 0x080025a3   Thumb Code    22  stm32f10x_adc.o(.text)
    ADC_GetSoftwareStartConvStatus           0x080025b9   Thumb Code    20  stm32f10x_adc.o(.text)
    ADC_DiscModeChannelCountConfig           0x080025cd   Thumb Code    24  stm32f10x_adc.o(.text)
    ADC_DiscModeCmd                          0x080025e5   Thumb Code    22  stm32f10x_adc.o(.text)
    ADC_RegularChannelConfig                 0x080025fb   Thumb Code   184  stm32f10x_adc.o(.text)
    ADC_ExternalTrigConvCmd                  0x080026b3   Thumb Code    22  stm32f10x_adc.o(.text)
    ADC_GetConversionValue                   0x080026c9   Thumb Code     8  stm32f10x_adc.o(.text)
    ADC_GetDualModeConversionValue           0x080026d1   Thumb Code     8  stm32f10x_adc.o(.text)
    ADC_AutoInjectedConvCmd                  0x080026d9   Thumb Code    22  stm32f10x_adc.o(.text)
    ADC_InjectedDiscModeCmd                  0x080026ef   Thumb Code    22  stm32f10x_adc.o(.text)
    ADC_ExternalTrigInjectedConvConfig       0x08002705   Thumb Code    16  stm32f10x_adc.o(.text)
    ADC_ExternalTrigInjectedConvCmd          0x08002715   Thumb Code    22  stm32f10x_adc.o(.text)
    ADC_SoftwareStartInjectedConvCmd         0x0800272b   Thumb Code    22  stm32f10x_adc.o(.text)
    ADC_GetSoftwareStartInjectedConvCmdStatus 0x08002741   Thumb Code    20  stm32f10x_adc.o(.text)
    ADC_InjectedChannelConfig                0x08002755   Thumb Code   130  stm32f10x_adc.o(.text)
    ADC_InjectedSequencerLengthConfig        0x080027d7   Thumb Code    24  stm32f10x_adc.o(.text)
    ADC_SetInjectedOffset                    0x080027ef   Thumb Code    20  stm32f10x_adc.o(.text)
    ADC_GetInjectedConversionValue           0x08002803   Thumb Code    28  stm32f10x_adc.o(.text)
    ADC_AnalogWatchdogCmd                    0x0800281f   Thumb Code    16  stm32f10x_adc.o(.text)
    ADC_AnalogWatchdogThresholdsConfig       0x0800282f   Thumb Code     6  stm32f10x_adc.o(.text)
    ADC_AnalogWatchdogSingleChannelConfig    0x08002835   Thumb Code    16  stm32f10x_adc.o(.text)
    ADC_TempSensorVrefintCmd                 0x08002845   Thumb Code    64  stm32f10x_adc.o(.text)
    ADC_GetFlagStatus                        0x08002885   Thumb Code    18  stm32f10x_adc.o(.text)
    ADC_ClearFlag                            0x08002897   Thumb Code     6  stm32f10x_adc.o(.text)
    ADC_GetITStatus                          0x0800289d   Thumb Code    36  stm32f10x_adc.o(.text)
    ADC_ClearITPendingBit                    0x080028c1   Thumb Code    10  stm32f10x_adc.o(.text)
    DMA_DeInit                               0x080028cd   Thumb Code   324  stm32f10x_dma.o(.text)
    DMA_Init                                 0x08002a11   Thumb Code    60  stm32f10x_dma.o(.text)
    DMA_StructInit                           0x08002a4d   Thumb Code    26  stm32f10x_dma.o(.text)
    DMA_Cmd                                  0x08002a67   Thumb Code    24  stm32f10x_dma.o(.text)
    DMA_ITConfig                             0x08002a7f   Thumb Code    18  stm32f10x_dma.o(.text)
    DMA_SetCurrDataCounter                   0x08002a91   Thumb Code     4  stm32f10x_dma.o(.text)
    DMA_GetCurrDataCounter                   0x08002a95   Thumb Code     8  stm32f10x_dma.o(.text)
    DMA_GetFlagStatus                        0x08002a9d   Thumb Code    38  stm32f10x_dma.o(.text)
    DMA_ClearFlag                            0x08002ac3   Thumb Code    22  stm32f10x_dma.o(.text)
    DMA_GetITStatus                          0x08002ad9   Thumb Code    38  stm32f10x_dma.o(.text)
    DMA_ClearITPendingBit                    0x08002aff   Thumb Code    22  stm32f10x_dma.o(.text)
    Reset_Handler                            0x08002b1d   Thumb Code     8  startup_stm32f10x_md.o(.text)
    NMI_Handler                              0x08002b25   Thumb Code     2  startup_stm32f10x_md.o(.text)
    HardFault_Handler                        0x08002b27   Thumb Code     2  startup_stm32f10x_md.o(.text)
    MemManage_Handler                        0x08002b29   Thumb Code     2  startup_stm32f10x_md.o(.text)
    BusFault_Handler                         0x08002b2b   Thumb Code     2  startup_stm32f10x_md.o(.text)
    UsageFault_Handler                       0x08002b2d   Thumb Code     2  startup_stm32f10x_md.o(.text)
    SVC_Handler                              0x08002b2f   Thumb Code     2  startup_stm32f10x_md.o(.text)
    DebugMon_Handler                         0x08002b31   Thumb Code     2  startup_stm32f10x_md.o(.text)
    PendSV_Handler                           0x08002b33   Thumb Code     2  startup_stm32f10x_md.o(.text)
    SysTick_Handler                          0x08002b35   Thumb Code     2  startup_stm32f10x_md.o(.text)
    ADC1_2_IRQHandler                        0x08002b37   Thumb Code     0  startup_stm32f10x_md.o(.text)
    CAN1_RX1_IRQHandler                      0x08002b37   Thumb Code     0  startup_stm32f10x_md.o(.text)
    CAN1_SCE_IRQHandler                      0x08002b37   Thumb Code     0  startup_stm32f10x_md.o(.text)
    DMA1_Channel1_IRQHandler                 0x08002b37   Thumb Code     0  startup_stm32f10x_md.o(.text)
    DMA1_Channel3_IRQHandler                 0x08002b37   Thumb Code     0  startup_stm32f10x_md.o(.text)
    DMA1_Channel4_IRQHandler                 0x08002b37   Thumb Code     0  startup_stm32f10x_md.o(.text)
    DMA1_Channel5_IRQHandler                 0x08002b37   Thumb Code     0  startup_stm32f10x_md.o(.text)
    DMA1_Channel6_IRQHandler                 0x08002b37   Thumb Code     0  startup_stm32f10x_md.o(.text)
    DMA1_Channel7_IRQHandler                 0x08002b37   Thumb Code     0  startup_stm32f10x_md.o(.text)
    EXTI0_IRQHandler                         0x08002b37   Thumb Code     0  startup_stm32f10x_md.o(.text)
    EXTI15_10_IRQHandler                     0x08002b37   Thumb Code     0  startup_stm32f10x_md.o(.text)
    EXTI1_IRQHandler                         0x08002b37   Thumb Code     0  startup_stm32f10x_md.o(.text)
    EXTI2_IRQHandler                         0x08002b37   Thumb Code     0  startup_stm32f10x_md.o(.text)
    EXTI3_IRQHandler                         0x08002b37   Thumb Code     0  startup_stm32f10x_md.o(.text)
    EXTI4_IRQHandler                         0x08002b37   Thumb Code     0  startup_stm32f10x_md.o(.text)
    EXTI9_5_IRQHandler                       0x08002b37   Thumb Code     0  startup_stm32f10x_md.o(.text)
    FLASH_IRQHandler                         0x08002b37   Thumb Code     0  startup_stm32f10x_md.o(.text)
    I2C1_ER_IRQHandler                       0x08002b37   Thumb Code     0  startup_stm32f10x_md.o(.text)
    I2C1_EV_IRQHandler                       0x08002b37   Thumb Code     0  startup_stm32f10x_md.o(.text)
    I2C2_ER_IRQHandler                       0x08002b37   Thumb Code     0  startup_stm32f10x_md.o(.text)
    I2C2_EV_IRQHandler                       0x08002b37   Thumb Code     0  startup_stm32f10x_md.o(.text)
    PVD_IRQHandler                           0x08002b37   Thumb Code     0  startup_stm32f10x_md.o(.text)
    RCC_IRQHandler                           0x08002b37   Thumb Code     0  startup_stm32f10x_md.o(.text)
    RTCAlarm_IRQHandler                      0x08002b37   Thumb Code     0  startup_stm32f10x_md.o(.text)
    RTC_IRQHandler                           0x08002b37   Thumb Code     0  startup_stm32f10x_md.o(.text)
    SPI1_IRQHandler                          0x08002b37   Thumb Code     0  startup_stm32f10x_md.o(.text)
    SPI2_IRQHandler                          0x08002b37   Thumb Code     0  startup_stm32f10x_md.o(.text)
    TAMPER_IRQHandler                        0x08002b37   Thumb Code     0  startup_stm32f10x_md.o(.text)
    TIM1_BRK_IRQHandler                      0x08002b37   Thumb Code     0  startup_stm32f10x_md.o(.text)
    TIM1_CC_IRQHandler                       0x08002b37   Thumb Code     0  startup_stm32f10x_md.o(.text)
    TIM1_TRG_COM_IRQHandler                  0x08002b37   Thumb Code     0  startup_stm32f10x_md.o(.text)
    TIM2_IRQHandler                          0x08002b37   Thumb Code     0  startup_stm32f10x_md.o(.text)
    TIM3_IRQHandler                          0x08002b37   Thumb Code     0  startup_stm32f10x_md.o(.text)
    TIM4_IRQHandler                          0x08002b37   Thumb Code     0  startup_stm32f10x_md.o(.text)
    USART1_IRQHandler                        0x08002b37   Thumb Code     0  startup_stm32f10x_md.o(.text)
    USART2_IRQHandler                        0x08002b37   Thumb Code     0  startup_stm32f10x_md.o(.text)
    USBWakeUp_IRQHandler                     0x08002b37   Thumb Code     0  startup_stm32f10x_md.o(.text)
    USB_HP_CAN1_TX_IRQHandler                0x08002b37   Thumb Code     0  startup_stm32f10x_md.o(.text)
    USB_LP_CAN1_RX0_IRQHandler               0x08002b37   Thumb Code     0  startup_stm32f10x_md.o(.text)
    WWDG_IRQHandler                          0x08002b37   Thumb Code     0  startup_stm32f10x_md.o(.text)
    SystemInit                               0x08002c1d   Thumb Code    78  system_stm32f10x.o(.text)
    SystemCoreClockUpdate                    0x08002c6b   Thumb Code   142  system_stm32f10x.o(.text)
    Usart3_init                              0x08002d1d   Thumb Code   296  usart3.o(.text)
    SetEmpty                                 0x08002e55   Thumb Code     8  quene.o(.text)
    EnQueue                                  0x08002e5d   Thumb Code    52  quene.o(.text)
    DeQueue                                  0x08002e91   Thumb Code    42  quene.o(.text)
    GetQueueLength                           0x08002ebb   Thumb Code    46  quene.o(.text)
    USART3_IRQHandler                        0x08002ee9   Thumb Code   126  usart3_interrupt.o(.text)
    USART3_sendData                          0x08002f81   Thumb Code   106  usart3_tx.o(.text)
    USART3_TxHandler                         0x08002feb   Thumb Code    82  usart3_tx.o(.text)
    DMA1_Channel2_IRQHandler                 0x0800303d   Thumb Code    28  usart3_tx.o(.text)
    USART3_printf                            0x08003059   Thumb Code    58  usart3_tx.o(.text)
    VS4Channal_Send                          0x080030db   Thumb Code   118  visualscope.o(.text)
    IIC_Init                                 0x08003151   Thumb Code    38  iic.o(.text)
    SDA_IOOUT                                0x08003177   Thumb Code    30  iic.o(.text)
    SDA_IOIN                                 0x08003195   Thumb Code    24  iic.o(.text)
    I2C_Start                                0x080031c3   Thumb Code    52  iic.o(.text)
    I2C_Stop                                 0x080031f7   Thumb Code    52  iic.o(.text)
    I2C_SlaveAck                             0x0800322b   Thumb Code    88  iic.o(.text)
    I2C_WriteByte                            0x08003283   Thumb Code    88  iic.o(.text)
    I2C_ReadByte                             0x080032db   Thumb Code    72  iic.o(.text)
    Single_WriteI2C                          0x08003323   Thumb Code    34  iic.o(.text)
    Single_ReadI2C                           0x08003345   Thumb Code    48  iic.o(.text)
    GetData                                  0x08003375   Thumb Code    28  iic.o(.text)
    InitMPU6050                              0x08003395   Thumb Code    44  mpu6050.o(.text)
    MPU6050_Read                             0x080033c1   Thumb Code   100  mpu6050.o(.text)
    Kalman_Filter                            0x08003425   Thumb Code   152  mpu6050.o(.text)
    number_to_dps                            0x080034f1   Thumb Code    36  imu.o(.text)
    number_to_dps1                           0x08003515   Thumb Code    42  imu.o(.text)
    number_to_g                              0x0800353f   Thumb Code    38  imu.o(.text)
    Get_Accel_Angle                          0x08003565   Thumb Code   180  imu.o(.text)
    ACC_Angle_Filter                         0x08003619   Thumb Code   230  imu.o(.text)
    IMUupdate                                0x080036ff   Thumb Code   664  imu.o(.text)
    IMUupdate1                               0x08003997   Thumb Code  1486  imu.o(.text)
    IMUupdate2                               0x08003f65   Thumb Code  1340  imu.o(.text)
    __aeabi_memset                           0x080044bd   Thumb Code    14  memseta.o(.text)
    __aeabi_memset4                          0x080044bd   Thumb Code     0  memseta.o(.text)
    __aeabi_memset8                          0x080044bd   Thumb Code     0  memseta.o(.text)
    __aeabi_memclr                           0x080044cb   Thumb Code     4  memseta.o(.text)
    __aeabi_memclr4                          0x080044cb   Thumb Code     0  memseta.o(.text)
    __aeabi_memclr8                          0x080044cb   Thumb Code     0  memseta.o(.text)
    _memset$wrapper                          0x080044cf   Thumb Code    18  memseta.o(.text)
    __aeabi_fadd                             0x080044e1   Thumb Code   164  fadd.o(.text)
    __aeabi_fsub                             0x08004585   Thumb Code     6  fadd.o(.text)
    __aeabi_frsub                            0x0800458b   Thumb Code     6  fadd.o(.text)
    __aeabi_fmul                             0x08004591   Thumb Code   108  fmul.o(.text)
    __aeabi_fdiv                             0x080045fd   Thumb Code   128  fdiv.o(.text)
    __aeabi_dadd                             0x0800467d   Thumb Code   322  dadd.o(.text)
    __aeabi_dsub                             0x080047bf   Thumb Code     6  dadd.o(.text)
    __aeabi_drsub                            0x080047c5   Thumb Code     6  dadd.o(.text)
    __aeabi_dmul                             0x080047cb   Thumb Code   228  dmul.o(.text)
    __aeabi_ddiv                             0x080048af   Thumb Code   222  ddiv.o(.text)
    __aeabi_i2f                              0x0800498d   Thumb Code    18  fflti.o(.text)
    __aeabi_ui2f                             0x0800499f   Thumb Code    10  ffltui.o(.text)
    __aeabi_ui2d                             0x080049a9   Thumb Code    26  dfltui.o(.text)
    __aeabi_f2iz                             0x080049c3   Thumb Code    50  ffixi.o(.text)
    __aeabi_d2iz                             0x080049f5   Thumb Code    62  dfixi.o(.text)
    __aeabi_f2d                              0x08004a33   Thumb Code    38  f2d.o(.text)
    __aeabi_cdcmpeq                          0x08004a59   Thumb Code     0  cdcmple.o(.text)
    __aeabi_cdcmple                          0x08004a59   Thumb Code    38  cdcmple.o(.text)
    __aeabi_cdrcmple                         0x08004a81   Thumb Code    38  cdrcmple.o(.text)
    __aeabi_d2f                              0x08004aa9   Thumb Code    56  d2f.o(.text)
    __aeabi_cfcmpeq                          0x08004ae1   Thumb Code     0  cfcmple.o(.text)
    __aeabi_cfcmple                          0x08004ae1   Thumb Code    20  cfcmple.o(.text)
    __aeabi_cfrcmple                         0x08004af5   Thumb Code    20  cfrcmple.o(.text)
    __aeabi_uidiv                            0x08004b09   Thumb Code     0  uidiv.o(.text)
    __aeabi_uidivmod                         0x08004b09   Thumb Code    44  uidiv.o(.text)
    __aeabi_uldivmod                         0x08004b35   Thumb Code    98  uldiv.o(.text)
    __aeabi_llsl                             0x08004b97   Thumb Code    30  llshl.o(.text)
    _ll_shift_l                              0x08004b97   Thumb Code     0  llshl.o(.text)
    __aeabi_llsr                             0x08004bb5   Thumb Code    32  llushr.o(.text)
    _ll_ushift_r                             0x08004bb5   Thumb Code     0  llushr.o(.text)
    __aeabi_lasr                             0x08004bd5   Thumb Code    36  llsshr.o(.text)
    _ll_sshift_r                             0x08004bd5   Thumb Code     0  llsshr.o(.text)
    __I$use$fp                               0x08004bf9   Thumb Code     0  iusefp.o(.text)
    _float_round                             0x08004bf9   Thumb Code    18  fepilogue.o(.text)
    _float_epilogue                          0x08004c0b   Thumb Code    90  fepilogue.o(.text)
    _fsqrt                                   0x08004c65   Thumb Code    94  fsqrt.o(.text)
    _double_round                            0x08004cc3   Thumb Code    26  depilogue.o(.text)
    _double_epilogue                         0x08004cdd   Thumb Code   164  depilogue.o(.text)
    __ARM_scalbn                             0x08004d81   Thumb Code    46  dscalb.o(.text)
    scalbn                                   0x08004d81   Thumb Code     0  dscalb.o(.text)
    _dsqrt                                   0x08004daf   Thumb Code   162  dsqrt.o(.text)
    __aeabi_d2ulz                            0x08004e51   Thumb Code    48  dfixul.o(.text)
    __scatterload                            0x08004e81   Thumb Code    28  init.o(.text)
    __scatterload_rt2                        0x08004e81   Thumb Code     0  init.o(.text)
    __aeabi_i2d                              0x08004ea5   Thumb Code    34  dflti.o(.text)
    __0vsprintf                              0x08004ec9   Thumb Code    30  printfa.o(i.__0vsprintf)
    __1vsprintf                              0x08004ec9   Thumb Code     0  printfa.o(i.__0vsprintf)
    __2vsprintf                              0x08004ec9   Thumb Code     0  printfa.o(i.__0vsprintf)
    __c89vsprintf                            0x08004ec9   Thumb Code     0  printfa.o(i.__0vsprintf)
    vsprintf                                 0x08004ec9   Thumb Code     0  printfa.o(i.__0vsprintf)
    __ARM_fpclassify                         0x08004eed   Thumb Code    40  fpclassify.o(i.__ARM_fpclassify)
    __ieee754_rem_pio2                       0x08004f15   Thumb Code   832  rred.o(i.__ieee754_rem_pio2)
    __kernel_cos                             0x0800529d   Thumb Code   230  cos_i.o(i.__kernel_cos)
    __kernel_poly                            0x08005399   Thumb Code   170  poly.o(i.__kernel_poly)
    __kernel_sin                             0x08005445   Thumb Code   224  sin_i.o(i.__kernel_sin)
    __mathlib_dbl_underflow                  0x08005531   Thumb Code    10  dunder.o(i.__mathlib_dbl_underflow)
    __scatterload_copy                       0x08005541   Thumb Code    14  handlers.o(i.__scatterload_copy)
    __scatterload_null                       0x0800554f   Thumb Code     2  handlers.o(i.__scatterload_null)
    __scatterload_zeroinit                   0x08005551   Thumb Code    14  handlers.o(i.__scatterload_zeroinit)
    __set_errno                              0x08005561   Thumb Code     6  errno.o(i.__set_errno)
    asin                                     0x08005e19   Thumb Code   584  asin.o(i.asin)
    atan                                     0x08006095   Thumb Code   478  atan.o(i.atan)
    atan2                                    0x080062b9   Thumb Code   346  atan2.o(i.atan2)
    cos                                      0x08006439   Thumb Code   164  cos.o(i.cos)
    sin                                      0x080064e5   Thumb Code   166  sin.o(i.sin)
    sqrt                                     0x08006595   Thumb Code    76  sqrt.o(i.sqrt)
    sqrtf                                    0x080065e1   Thumb Code    44  sqrtf.o(i.sqrtf)
    __mathlib_zero                           0x08006728   Data           8  qnan.o(.constdata)
    Region$$Table$$Base                      0x08006820   Number         0  anon$$obj.o(Region$$Table)
    Region$$Table$$Limit                     0x08006840   Number         0  anon$$obj.o(Region$$Table)
    b                                        0x20000000   Data           4  main.o(.data)
    origin_Angle                             0x20000004   Data           4  main.o(.data)
    VolValue                                 0x20000008   Data           4  adc.o(.data)
    adc_flag                                 0x2000000c   Data           4  adc.o(.data)
    Angle                                    0x20000010   Data           4  adc.o(.data)
    value                                    0x20000014   Data           4  adc.o(.data)
    new_value                                0x20000018   Data           4  adc.o(.data)
    Encoder_Ratio                            0x2000001c   Data           4  control.o(.data)
    Real_Speed                               0x20000020   Data           4  control.o(.data)
    Want_Speed                               0x20000024   Data           4  control.o(.data)
    Want_Pwm                                 0x20000028   Data           4  control.o(.data)
    Real_Location                            0x2000002c   Data           4  control.o(.data)
    Want_Location                            0x20000030   Data           4  control.o(.data)
    SystemCoreClock                          0x2000004c   Data           4  system_stm32f10x.o(.data)
    AHBPrescTable                            0x20000050   Data          16  system_stm32f10x.o(.data)
    USART_RX_STA                             0x20000060   Data           1  usart3_interrupt.o(.data)
    Receive_start_flag                       0x20000061   Data           1  usart3_interrupt.o(.data)
    Receive_end_flag                         0x20000062   Data           1  usart3_interrupt.o(.data)
    fuction_start_flag                       0x20000063   Data           1  usart3_interrupt.o(.data)
    temp                                     0x20000064   Data           1  usart3_interrupt.o(.data)
    Immedia_Stop_Flag                        0x20000065   Data           1  usart3_interrupt.o(.data)
    Control_flag                             0x20000066   Data           1  usart3_interrupt.o(.data)
    ACCEL_XOUT                               0x20000068   Data           4  mpu6050.o(.data)
    ACCEL_YOUT                               0x2000006c   Data           4  mpu6050.o(.data)
    ACCEL_ZOUT                               0x20000070   Data           4  mpu6050.o(.data)
    GYRO_XOUT                                0x20000074   Data           4  mpu6050.o(.data)
    GYRO_YOUT                                0x20000078   Data           4  mpu6050.o(.data)
    GYRO_ZOUT                                0x2000007c   Data           4  mpu6050.o(.data)
    q0                                       0x2000009c   Data           4  imu.o(.data)
    q1                                       0x200000a0   Data           4  imu.o(.data)
    q2                                       0x200000a4   Data           4  imu.o(.data)
    q3                                       0x200000a8   Data           4  imu.o(.data)
    exInt                                    0x200000ac   Data           4  imu.o(.data)
    eyInt                                    0x200000b0   Data           4  imu.o(.data)
    ezInt                                    0x200000b4   Data           4  imu.o(.data)
    GYRO_X                                   0x200000d8   Data           4  imu.o(.data)
    GYRO_Y                                   0x200000dc   Data           4  imu.o(.data)
    GYRO_Z                                   0x200000e0   Data           4  imu.o(.data)
    Origin_GYRO_X                            0x200000e4   Data           4  imu.o(.data)
    Origin_GYRO_Y                            0x200000e8   Data           4  imu.o(.data)
    Origin_GYRO_Z                            0x200000ec   Data           4  imu.o(.data)
    PidDataSpeed                             0x200000f8   Data         168  datainit.o(.bss)
    PidDataSpeed_Right                       0x200001a0   Data         168  datainit.o(.bss)
    PidDataStation                           0x20000248   Data         168  datainit.o(.bss)
    aTxBuffer_UART3                          0x200002f0   Data          50  usart3.o(.bss)
    TxBuffer_UART3                           0x20000324   Data         212  usart3.o(.bss)
    USART_RX_BUF                             0x200003f8   Data          32  usart3_interrupt.o(.bss)
    Q_ANGLE                                  0x20000418   Data          12  imu.o(.bss)
    Origin_ANGLE                             0x20000424   Data          12  imu.o(.bss)
    roll_data                                0x20000430   Data          16  imu.o(.bss)
    pitch_data                               0x20000440   Data          16  imu.o(.bss)
    __initial_sp                             0x20000850   Data           0  startup_stm32f10x_md.o(STACK)



==============================================================================

Memory Map of the image

  Image Entry point : 0x080000ed

  Load Region LR_IROM1 (Base: 0x08000000, Size: 0x00006934, Max: 0x00010000, ABSOLUTE)

    Execution Region ER_IROM1 (Base: 0x08000000, Size: 0x00006840, Max: 0x00010000, ABSOLUTE)

    Base Addr    Size         Type   Attr      Idx    E Section Name        Object

    0x08000000   0x000000ec   Data   RO          472    RESET               startup_stm32f10x_md.o
    0x080000ec   0x00000000   Code   RO          718  * .ARM.Collect$$$$00000000  mc_w.l(entry.o)
    0x080000ec   0x00000004   Code   RO          816    .ARM.Collect$$$$00000001  mc_w.l(entry2.o)
    0x080000f0   0x00000004   Code   RO          819    .ARM.Collect$$$$00000004  mc_w.l(entry5.o)
    0x080000f4   0x00000000   Code   RO          821    .ARM.Collect$$$$00000008  mc_w.l(entry7b.o)
    0x080000f4   0x00000000   Code   RO          823    .ARM.Collect$$$$0000000A  mc_w.l(entry8b.o)
    0x080000f4   0x00000008   Code   RO          824    .ARM.Collect$$$$0000000B  mc_w.l(entry9a.o)
    0x080000fc   0x00000000   Code   RO          826    .ARM.Collect$$$$0000000D  mc_w.l(entry10a.o)
    0x080000fc   0x00000000   Code   RO          828    .ARM.Collect$$$$0000000F  mc_w.l(entry11a.o)
    0x080000fc   0x00000004   Code   RO          817    .ARM.Collect$$$$00002712  mc_w.l(entry2.o)
    0x08000100   0x000000ec   Code   RO            1    .text               main.o
    0x080001ec   0x0000019c   Code   RO          171    .text               adc.o
    0x08000388   0x000000cc   Code   RO          272    .text               motor.o
    0x08000454   0x000000a8   Code   RO          287    .text               time2.o
    0x080004fc   0x0000013c   Code   RO          303    .text               tim1.o
    0x08000638   0x00000010   Code   RO          319    .text               control.o
    0x08000648   0x0000007c   Code   RO          338    .text               encoder.o
    0x080006c4   0x0000035c   Code   RO          351    .text               pid.o
    0x08000a20   0x00000060   Code   RO          366    .text               datainit.o
    0x08000a80   0x000000dc   Code   RO          384    .text               misc.o
    0x08000b5c   0x00000358   Code   RO          396    .text               stm32f10x_gpio.o
    0x08000eb4   0x000003a4   Code   RO          408    .text               stm32f10x_rcc.o
    0x08001258   0x00000e1a   Code   RO          422    .text               stm32f10x_tim.o
    0x08002072   0x00000002   PAD
    0x08002074   0x00000408   Code   RO          434    .text               stm32f10x_usart.o
    0x0800247c   0x0000044e   Code   RO          446    .text               stm32f10x_adc.o
    0x080028ca   0x00000002   PAD
    0x080028cc   0x00000250   Code   RO          458    .text               stm32f10x_dma.o
    0x08002b1c   0x00000024   Code   RO          473    .text               startup_stm32f10x_md.o
    0x08002b40   0x000001dc   Code   RO          488    .text               system_stm32f10x.o
    0x08002d1c   0x00000138   Code   RO          506    .text               usart3.o
    0x08002e54   0x00000094   Code   RO          527    .text               quene.o
    0x08002ee8   0x00000098   Code   RO          542    .text               usart3_interrupt.o
    0x08002f80   0x00000120   Code   RO          564    .text               usart3_tx.o
    0x080030a0   0x000000b0   Code   RO          590    .text               visualscope.o
    0x08003150   0x00000244   Code   RO          605    .text               iic.o
    0x08003394   0x0000015c   Code   RO          623    .text               mpu6050.o
    0x080034f0   0x00000fcc   Code   RO          645    .text               imu.o
    0x080044bc   0x00000024   Code   RO          721    .text               mc_w.l(memseta.o)
    0x080044e0   0x000000b0   Code   RO          751    .text               mf_w.l(fadd.o)
    0x08004590   0x0000006c   Code   RO          753    .text               mf_w.l(fmul.o)
    0x080045fc   0x00000080   Code   RO          755    .text               mf_w.l(fdiv.o)
    0x0800467c   0x0000014e   Code   RO          757    .text               mf_w.l(dadd.o)
    0x080047ca   0x000000e4   Code   RO          759    .text               mf_w.l(dmul.o)
    0x080048ae   0x000000de   Code   RO          761    .text               mf_w.l(ddiv.o)
    0x0800498c   0x00000012   Code   RO          763    .text               mf_w.l(fflti.o)
    0x0800499e   0x0000000a   Code   RO          765    .text               mf_w.l(ffltui.o)
    0x080049a8   0x0000001a   Code   RO          767    .text               mf_w.l(dfltui.o)
    0x080049c2   0x00000032   Code   RO          769    .text               mf_w.l(ffixi.o)
    0x080049f4   0x0000003e   Code   RO          771    .text               mf_w.l(dfixi.o)
    0x08004a32   0x00000026   Code   RO          773    .text               mf_w.l(f2d.o)
    0x08004a58   0x00000028   Code   RO          775    .text               mf_w.l(cdcmple.o)
    0x08004a80   0x00000028   Code   RO          777    .text               mf_w.l(cdrcmple.o)
    0x08004aa8   0x00000038   Code   RO          779    .text               mf_w.l(d2f.o)
    0x08004ae0   0x00000014   Code   RO          781    .text               mf_w.l(cfcmple.o)
    0x08004af4   0x00000014   Code   RO          783    .text               mf_w.l(cfrcmple.o)
    0x08004b08   0x0000002c   Code   RO          833    .text               mc_w.l(uidiv.o)
    0x08004b34   0x00000062   Code   RO          835    .text               mc_w.l(uldiv.o)
    0x08004b96   0x0000001e   Code   RO          837    .text               mc_w.l(llshl.o)
    0x08004bb4   0x00000020   Code   RO          839    .text               mc_w.l(llushr.o)
    0x08004bd4   0x00000024   Code   RO          841    .text               mc_w.l(llsshr.o)
    0x08004bf8   0x00000000   Code   RO          850    .text               mc_w.l(iusefp.o)
    0x08004bf8   0x0000006c   Code   RO          851    .text               mf_w.l(fepilogue.o)
    0x08004c64   0x0000005e   Code   RO          853    .text               mf_w.l(fsqrt.o)
    0x08004cc2   0x000000be   Code   RO          855    .text               mf_w.l(depilogue.o)
    0x08004d80   0x0000002e   Code   RO          857    .text               mf_w.l(dscalb.o)
    0x08004dae   0x000000a2   Code   RO          859    .text               mf_w.l(dsqrt.o)
    0x08004e50   0x00000030   Code   RO          861    .text               mf_w.l(dfixul.o)
    0x08004e80   0x00000024   Code   RO          863    .text               mc_w.l(init.o)
    0x08004ea4   0x00000022   Code   RO          867    .text               mf_w.l(dflti.o)
    0x08004ec6   0x00000002   PAD
    0x08004ec8   0x00000024   Code   RO          730    i.__0vsprintf       mc_w.l(printfa.o)
    0x08004eec   0x00000028   Code   RO          800    i.__ARM_fpclassify  m_ws.l(fpclassify.o)
    0x08004f14   0x00000388   Code   RO          805    i.__ieee754_rem_pio2  m_ws.l(rred.o)
    0x0800529c   0x000000fc   Code   RO          795    i.__kernel_cos      m_ws.l(cos_i.o)
    0x08005398   0x000000aa   Code   RO          802    i.__kernel_poly     m_ws.l(poly.o)
    0x08005442   0x00000002   PAD
    0x08005444   0x000000ec   Code   RO          810    i.__kernel_sin      m_ws.l(sin_i.o)
    0x08005530   0x00000010   Code   RO          798    i.__mathlib_dbl_underflow  m_ws.l(dunder.o)
    0x08005540   0x0000000e   Code   RO          871    i.__scatterload_copy  mc_w.l(handlers.o)
    0x0800554e   0x00000002   Code   RO          872    i.__scatterload_null  mc_w.l(handlers.o)
    0x08005550   0x0000000e   Code   RO          873    i.__scatterload_zeroinit  mc_w.l(handlers.o)
    0x0800555e   0x00000002   PAD
    0x08005560   0x0000000c   Code   RO          845    i.__set_errno       mc_w.l(errno.o)
    0x0800556c   0x0000015c   Code   RO          731    i._fp_digits        mc_w.l(printfa.o)
    0x080056c8   0x000006f0   Code   RO          732    i._printf_core      mc_w.l(printfa.o)
    0x08005db8   0x00000026   Code   RO          733    i._printf_post_padding  mc_w.l(printfa.o)
    0x08005dde   0x00000030   Code   RO          734    i._printf_pre_padding  mc_w.l(printfa.o)
    0x08005e0e   0x0000000a   Code   RO          736    i._sputc            mc_w.l(printfa.o)
    0x08005e18   0x0000027c   Code   RO          669    i.asin              m_ws.l(asin.o)
    0x08006094   0x00000224   Code   RO          786    i.atan              m_ws.l(atan.o)
    0x080062b8   0x00000180   Code   RO          679    i.atan2             m_ws.l(atan2.o)
    0x08006438   0x000000ac   Code   RO          687    i.cos               m_ws.l(cos.o)
    0x080064e4   0x000000b0   Code   RO          695    i.sin               m_ws.l(sin.o)
    0x08006594   0x0000004c   Code   RO          703    i.sqrt              m_ws.l(sqrt.o)
    0x080065e0   0x0000002c   Code   RO          711    i.sqrtf             m_ws.l(sqrtf.o)
    0x0800660c   0x00000004   PAD
    0x08006610   0x00000050   Data   RO          670    .constdata          m_ws.l(asin.o)
    0x08006660   0x00000098   Data   RO          787    .constdata          m_ws.l(atan.o)
    0x080066f8   0x00000030   Data   RO          796    .constdata          m_ws.l(cos_i.o)
    0x08006728   0x00000008   Data   RO          804    .constdata          m_ws.l(qnan.o)
    0x08006730   0x000000c8   Data   RO          807    .constdata          m_ws.l(rred.o)
    0x080067f8   0x00000028   Data   RO          811    .constdata          m_ws.l(sin_i.o)
    0x08006820   0x00000020   Data   RO          869    Region$$Table       anon$$obj.o


    Execution Region RW_IRAM1 (Base: 0x20000000, Size: 0x00000850, Max: 0x00005000, ABSOLUTE)

    Base Addr    Size         Type   Attr      Idx    E Section Name        Object

    0x20000000   0x00000008   Data   RW            2    .data               main.o
    0x20000008   0x00000014   Data   RW          172    .data               adc.o
    0x2000001c   0x00000018   Data   RW          320    .data               control.o
    0x20000034   0x00000001   Data   RW          339    .data               encoder.o
    0x20000035   0x00000014   Data   RW          409    .data               stm32f10x_rcc.o
    0x20000049   0x00000003   PAD
    0x2000004c   0x00000014   Data   RW          489    .data               system_stm32f10x.o
    0x20000060   0x00000007   Data   RW          544    .data               usart3_interrupt.o
    0x20000067   0x00000001   PAD
    0x20000068   0x00000034   Data   RW          624    .data               mpu6050.o
    0x2000009c   0x00000054   Data   RW          647    .data               imu.o
    0x200000f0   0x00000004   Data   RW          846    .data               mc_w.l(errno.o)
    0x200000f4   0x00000004   PAD
    0x200000f8   0x000001f8   Zero   RW          367    .bss                datainit.o
    0x200002f0   0x00000108   Zero   RW          507    .bss                usart3.o
    0x200003f8   0x00000020   Zero   RW          543    .bss                usart3_interrupt.o
    0x20000418   0x00000038   Zero   RW          646    .bss                imu.o
    0x20000450   0x00000400   Zero   RW          470    STACK               startup_stm32f10x_md.o


==============================================================================

Image component sizes


      Code (inc. data)   RO Data    RW Data    ZI Data      Debug   Object Name

       412         46          0         20          0     269354   adc.o
        16          8          0         24          0        896   control.o
        96         26          0          0        504        867   datainit.o
       124         12          0          1          0        836   encoder.o
       580          4          0          0          0       2548   iic.o
      4044        220          0         84         56       5305   imu.o
       236         42          0          8          0     239997   main.o
       220         20          0          0          0       1921   misc.o
       204          6          0          0          0       1047   motor.o
       348         52          0         52          0       1470   mpu6050.o
       860          0          0          0          0       2641   pid.o
       148          0          0          0          0       1546   quene.o
        36          8        236          0       1024        924   startup_stm32f10x_md.o
      1102         26          0          0          0      10953   stm32f10x_adc.o
       592          8          0          0          0       4446   stm32f10x_dma.o
       856         40          0          0          0       5765   stm32f10x_gpio.o
       932         44          0         20          0       8956   stm32f10x_rcc.o
      3610         88          0          0          0      22248   stm32f10x_tim.o
      1032         22          0          0          0       8488   stm32f10x_usart.o
       476         36          0         20          0       2055   system_stm32f10x.o
       316         28          0          0          0       1020   tim1.o
       168          4          0          0          0        677   time2.o
       312         16          0          0        264       1871   usart3.o
       152         26          0          7         32       1487   usart3_interrupt.o
       288         14          0          0          0       2258   usart3_tx.o
       176          0          0          0          0       1042   visualscope.o

    ----------------------------------------------------------------------
     17340        796        268        240       1880     600618   Object Totals
         0          0         32          0          0          0   (incl. Generated)
         4          0          0          4          0          0   (incl. Padding)

    ----------------------------------------------------------------------

      Code (inc. data)   RO Data    RW Data    ZI Data      Debug   Library Member Name

       636         52         80          0          0        168   asin.o
       548         70        152          0          0        124   atan.o
       384         38          0          0          0        144   atan2.o
       172          8          0          0          0        112   cos.o
       252         22         48          0          0        124   cos_i.o
        16          6          0          0          0         68   dunder.o
        40          0          0          0          0         68   fpclassify.o
       170          0          0          0          0         96   poly.o
         0          0          8          0          0          0   qnan.o
       904         72        200          0          0        140   rred.o
       176         10          0          0          0        116   sin.o
       236         12         40          0          0        128   sin_i.o
        76          0          0          0          0         84   sqrt.o
        44          0          0          0          0         80   sqrtf.o
         0          0          0          0          0          0   entry.o
         0          0          0          0          0          0   entry10a.o
         0          0          0          0          0          0   entry11a.o
         8          4          0          0          0          0   entry2.o
         4          0          0          0          0          0   entry5.o
         0          0          0          0          0          0   entry7b.o
         0          0          0          0          0          0   entry8b.o
         8          4          0          0          0          0   entry9a.o
        12          6          0          4          0         68   errno.o
        30          0          0          0          0          0   handlers.o
        36          8          0          0          0         68   init.o
         0          0          0          0          0          0   iusefp.o
        30          0          0          0          0         68   llshl.o
        36          0          0          0          0         68   llsshr.o
        32          0          0          0          0         68   llushr.o
        36          0          0          0          0        108   memseta.o
      2256         86          0          0          0        508   printfa.o
        44          0          0          0          0         80   uidiv.o
        98          0          0          0          0         92   uldiv.o
        40          2          0          0          0         68   cdcmple.o
        40          2          0          0          0         68   cdrcmple.o
        20          0          0          0          0         68   cfcmple.o
        20          0          0          0          0         68   cfrcmple.o
        56          0          0          0          0         88   d2f.o
       334          0          0          0          0        148   dadd.o
       222          0          0          0          0        100   ddiv.o
       190          0          0          0          0        176   depilogue.o
        62          0          0          0          0         80   dfixi.o
        48          0          0          0          0         68   dfixul.o
        34          0          0          0          0         76   dflti.o
        26          0          0          0          0         76   dfltui.o
       228          0          0          0          0         96   dmul.o
        46          0          0          0          0         80   dscalb.o
       162          0          0          0          0        100   dsqrt.o
        38          0          0          0          0         68   f2d.o
       176          0          0          0          0        140   fadd.o
       128          0          0          0          0         88   fdiv.o
       108          0          0          0          0        168   fepilogue.o
        50          0          0          0          0         68   ffixi.o
        18          0          0          0          0         68   fflti.o
        10          0          0          0          0         68   ffltui.o
       108          0          0          0          0         76   fmul.o
        94          0          0          0          0         96   fsqrt.o

    ----------------------------------------------------------------------
      8552        402        528          4          4       4780   Library Totals
        10          0          0          0          4          0   (incl. Padding)

    ----------------------------------------------------------------------

      Code (inc. data)   RO Data    RW Data    ZI Data      Debug   Library Name

      3654        290        528          0          0       1452   m_ws.l
      2630        108          0          4          0       1128   mc_w.l
      2258          4          0          0          0       2200   mf_w.l

    ----------------------------------------------------------------------
      8552        402        528          4          4       4780   Library Totals

    ----------------------------------------------------------------------

==============================================================================


      Code (inc. data)   RO Data    RW Data    ZI Data      Debug   

     25892       1198        796        244       1884     600770   Grand Totals
     25892       1198        796        244       1884     600770   ELF Image Totals
     25892       1198        796        244          0          0   ROM Totals

==============================================================================

    Total RO  Size (Code + RO Data)                26688 (  26.06kB)
    Total RW  Size (RW Data + ZI Data)              2128 (   2.08kB)
    Total ROM Size (Code + RO Data + RW Data)      26932 (  26.30kB)

==============================================================================

